 ac_server

 Timestamp is 68c62400 (Sat Sep 13 22:10:08 2025)

 Preferred load address is 00400000

 Start         Length     Name                   Class
 0001:00000000 00005750H .text                   CODE
 0001:00005750 000016c0H .text$di                CODE
 0001:00006e10 00057ec1H .text$mn                CODE
 0001:0005ecd1 000000dfH .text$x                 CODE
 0001:0005edb0 0000069eH .text$yd                CODE
 0002:00000000 000002a4H .idata$5                DATA
 0002:000002a4 00000008H .00cfg                  DATA
 0002:000002ac 00000004H .CRT$XCA                DATA
 0002:000002b0 00000004H .CRT$XCAA               DATA
 0002:000002b4 000000f4H .CRT$XCU                DATA
 0002:000003a8 00000004H .CRT$XCZ                DATA
 0002:000003ac 00000004H .CRT$XIA                DATA
 0002:000003b0 00000004H .CRT$XIAA               DATA
 0002:000003b4 00000004H .CRT$XIAC               DATA
 0002:000003b8 00000014H .CRT$XIC                DATA
 0002:000003cc 00000004H .CRT$XIZ                DATA
 0002:000003d0 00000004H .CRT$XLA                DATA
 0002:000003d4 00000004H .CRT$XLZ                DATA
 0002:000003d8 00000004H .CRT$XPA                DATA
 0002:000003dc 00000008H .CRT$XPX                DATA
 0002:000003e4 00000004H .CRT$XPXA               DATA
 0002:000003e8 00000004H .CRT$XPZ                DATA
 0002:000003ec 00000004H .CRT$XTA                DATA
 0002:000003f0 00000010H .CRT$XTZ                DATA
 0002:000003f4 00000000H .gfids$y                DATA
 0002:00000400 00028880H .rdata                  DATA
 0002:00028c80 00000000H .rdata$CastGuardVftablesA DATA
 0002:00028c80 00000000H .rdata$CastGuardVftablesC DATA
 0002:00028c80 00000018H .rdata$T                DATA
 0002:00028c98 00000b80H .rdata$r                DATA
 0002:00029818 000000b8H .rdata$voltmd           DATA
 0002:000298d0 0000008cH .rdata$zzz              DATA
 0002:0002995c 00000440H .rdata$zzzdbg           DATA
 0002:00029d9c 00000004H .rtc$IAA                DATA
 0002:00029da0 00000004H .rtc$IZZ                DATA
 0002:00029da4 00000004H .rtc$TAA                DATA
 0002:00029da8 00000004H .rtc$TZZ                DATA
 0002:00029dac 00000004H .tls                    DATA
 0002:00029db0 00000004H .tls$                   DATA
 0002:00029db4 00000004H .tls$ZZZ                DATA
 0002:00029db8 000009fcH .xdata$x                DATA
 0002:0002a7b4 00000000H .edata                  DATA
 0002:0002a7b4 0000008cH .idata$2                DATA
 0002:0002a840 00000014H .idata$3                DATA
 0002:0002a854 000002a4H .idata$4                DATA
 0002:0002aaf8 00000a78H .idata$6                DATA
 0003:00000000 00003bf0H .data                   DATA
 0003:00003bf0 00000080H .data$r                 DATA
 0003:00003c70 00000410H .data$rs                DATA
 0003:00004080 00010030H .bss                    DATA
 0004:00000000 000001c0H .rsrc$01                DATA
 0004:000001c0 00010ce8H .rsrc$02                DATA

  Address         Publics by Value              Rva+Base       Lib:Object

 0000:00000000       ___AbsoluteZero            00000000     <absolute>
 0000:00000000       ___arm64x_extra_rfe_table  00000000     <absolute>
 0000:00000000       ___arm64x_extra_rfe_table_size 00000000     <absolute>
 0000:00000000       ___arm64x_native_entrypoint 00000000     <absolute>
 0000:00000000       ___arm64x_redirection_metadata 00000000     <absolute>
 0000:00000000       ___arm64x_redirection_metadata_count 00000000     <absolute>
 0000:00000000       ___dynamic_value_reloc_table 00000000     <absolute>
 0000:00000000       ___enclave_config          00000000     <absolute>
 0000:00000000       ___guard_check_icall_a64n_fptr 00000000     <absolute>
 0000:00000000       ___guard_eh_cont_count     00000000     <absolute>
 0000:00000000       ___guard_eh_cont_table     00000000     <absolute>
 0000:00000000       ___guard_fids_count        00000000     <absolute>
 0000:00000000       ___guard_fids_table        00000000     <absolute>
 0000:00000000       ___guard_iat_count         00000000     <absolute>
 0000:00000000       ___guard_iat_table         00000000     <absolute>
 0000:00000000       ___guard_longjmp_count     00000000     <absolute>
 0000:00000000       ___guard_longjmp_table     00000000     <absolute>
 0000:00000000       ___hybrid_auxiliary_delayload_iat 00000000     <absolute>
 0000:00000000       ___hybrid_auxiliary_delayload_iat_copy 00000000     <absolute>
 0000:00000000       ___hybrid_auxiliary_iat    00000000     <absolute>
 0000:00000000       ___hybrid_auxiliary_iat_copy 00000000     <absolute>
 0000:00000000       ___hybrid_code_map         00000000     <absolute>
 0000:00000000       ___hybrid_code_map_count   00000000     <absolute>
 0000:00000000       ___hybrid_image_info_bitfield 00000000     <absolute>
 0000:00000000       ___safe_se_handler_count   00000000     <absolute>
 0000:00000000       ___safe_se_handler_table   00000000     <absolute>
 0000:00000000       ___x64_code_ranges_to_entry_points 00000000     <absolute>
 0000:00000000       ___x64_code_ranges_to_entry_points_count 00000000     <absolute>
 0000:00000000       __except_list              00000000     <absolute>
 0000:0000002c       __tls_array                0000002c     <absolute>
 0000:00000100       ___guard_flags             00000100     <absolute>
 0000:00000000       ___ImageBase               00400000     <linker-defined>
 0001:00000000       _enet_initialize           00401000 f   enet:win32.o
 0001:00000070       _enet_deinitialize         00401070 f   enet:win32.o
 0001:00000090       _enet_time_get             00401090 f   enet:win32.o
 0001:000000b0       _enet_time_set             004010b0 f   enet:win32.o
 0001:000000d0       _enet_address_set_host     004010d0 f   enet:win32.o
 0001:00000130       _enet_address_get_host_ip  00401130 f   enet:win32.o
 0001:00000180       _enet_address_get_host     00401180 f   enet:win32.o
 0001:00000200       _enet_socket_bind          00401200 f   enet:win32.o
 0001:00000280       _enet_socket_listen        00401280 f   enet:win32.o
 0001:000002c0       _enet_socket_create        004012c0 f   enet:win32.o
 0001:000002f0       _enet_socket_set_option    004012f0 f   enet:win32.o
 0001:00000440       _enet_socket_connect       00401440 f   enet:win32.o
 0001:000004e0       _enet_socket_accept        004014e0 f   enet:win32.o
 0001:00000570       _enet_socket_shutdown      00401570 f   enet:win32.o
 0001:000005a0       _enet_socket_destroy       004015a0 f   enet:win32.o
 0001:000005c0       _enet_socket_send          004015c0 f   enet:win32.o
 0001:000006a0       _enet_socket_receive       004016a0 f   enet:win32.o
 0001:00000790       _enet_socketset_select     00401790 f   enet:win32.o
 0001:000007f0       _enet_socket_wait          004017f0 f   enet:win32.o
 0001:000009c0       _enet_peer_throttle        004019c0 f   enet:peer.o
 0001:00000a40       _enet_peer_receive         00401a40 f   enet:peer.o
 0001:00000aa0       _enet_peer_reset_queues    00401aa0 f   enet:peer.o
 0001:00000ba0       _enet_peer_reset           00401ba0 f   enet:peer.o
 0001:00000d40       _enet_peer_ping_interval   00401d40 f   enet:peer.o
 0001:00000d60       _enet_peer_timeout         00401d60 f   enet:peer.o
 0001:00000db0       _enet_peer_queue_acknowledgement 00401db0 f   enet:peer.o
 0001:00000e90       _enet_peer_setup_outgoing_command 00401e90 f   enet:peer.o
 0001:00001010       _enet_peer_queue_outgoing_command 00402010 f   enet:peer.o
 0001:000010c0       _enet_peer_throttle_configure 004020c0 f   enet:peer.o
 0001:00001150       _enet_peer_send            00402150 f   enet:peer.o
 0001:00001460       _enet_peer_ping            00402460 f   enet:peer.o
 0001:000014b0       _enet_peer_disconnect_now  004024b0 f   enet:peer.o
 0001:00001530       _enet_peer_disconnect      00402530 f   enet:peer.o
 0001:000015f0       _enet_peer_disconnect_later 004025f0 f   enet:peer.o
 0001:00001650       _enet_peer_dispatch_incoming_unreliable_commands 00402650 f   enet:peer.o
 0001:00001890       _enet_peer_dispatch_incoming_reliable_commands 00402890 f   enet:peer.o
 0001:00001990       _enet_peer_queue_incoming_command 00402990 f   enet:peer.o
 0001:00002e90       _enet_protocol_command_size 00403e90 f   enet:protocol.o
 0001:00002ea0       _enet_host_flush           00403ea0 f   enet:protocol.o
 0001:00002ec0       _enet_host_check_events    00403ec0 f   enet:protocol.o
 0001:00002ef0       _enet_host_service         00403ef0 f   enet:protocol.o
 0001:000048b0       _enet_packet_create        004058b0 f   enet:packet.o
 0001:00004950       _enet_packet_destroy       00405950 f   enet:packet.o
 0001:000049a0       _enet_packet_resize        004059a0 f   enet:packet.o
 0001:00004a00       _enet_crc32                00405a00 f   enet:packet.o
 0001:00004a80       _enet_crc32_inc            00405a80 f   enet:packet.o
 0001:00004ab0       _enet_host_create          00405ab0 f   enet:host.o
 0001:00004e30       _enet_host_destroy         00405e30 f   enet:host.o
 0001:00004ec0       _enet_host_connect         00405ec0 f   enet:host.o
 0001:00005150       _enet_host_broadcast       00406150 f   enet:host.o
 0001:000051d0       _enet_host_compress        004061d0 f   enet:host.o
 0001:00005240       _enet_host_channel_limit   00406240 f   enet:host.o
 0001:00005260       _enet_host_bandwidth_limit 00406260 f   enet:host.o
 0001:00005280       _enet_host_bandwidth_throttle 00406280 f   enet:host.o
 0001:00005610       _enet_initialize_with_callbacks 00406610 f   enet:callbacks.o
 0001:00005660       _enet_malloc               00406660 f   enet:callbacks.o
 0001:000056a0       _enet_free                 004066a0 f   enet:callbacks.o
 0001:000056b0       _enet_list_clear           004066b0 f   enet:list.o
 0001:000056c0       _enet_list_insert          004066c0 f   enet:list.o
 0001:000056e0       _enet_list_remove          004066e0 f   enet:list.o
 0001:00005700       _enet_list_move            00406700 f   enet:list.o
 0001:00005730       _enet_list_size            00406730 f   enet:list.o
 0001:00006e10       ___local_stdio_printf_options 00407e10 f i server.obj
 0001:00006e20       ___local_stdio_scanf_options 00407e20 f i server.obj
 0001:00006e30       __vfprintf_l               00407e30 f i server.obj
 0001:00006e60       _printf                    00407e60 f i server.obj
 0001:00006e80       __vsnprintf_l              00407e80 f i server.obj
 0001:00006ec0       _sscanf                    00407ec0 f i server.obj
 0001:00006ef0       ?vformatstring_@@YAXPADPBD0H@Z 00407ef0 f i server.obj
 0001:00006f10       ?copystring@@YAPADPADPBDI@Z 00407f10 f i server.obj
 0001:00006f30       ?concatstring@@YAPADPADPBDI@Z 00407f30 f i server.obj
 0001:00006f70       ??0stringformatter@@QAE@PAD@Z 00407f70 f i server.obj
 0001:00006f80       ??Rstringformatter@@QAAXPBDZZ 00407f80 f i server.obj
 0001:00006fb0       ??0packetbuf@@QAE@HH@Z     00407fb0 f i server.obj
 0001:00007000       ??1packetbuf@@QAE@XZ       00408000 f i server.obj
 0001:00007040       ?put@packetbuf@@QAEXPBEH@Z 00408040 f i server.obj
 0001:000070c0       ?finalize@packetbuf@@QAEPAU_ENetPacket@@XZ 004080c0 f i server.obj
 0001:000070f0       ?dist@vec@@QBEMABU1@@Z     004080f0 f i server.obj
 0001:00007170       ?pickup@playerstate@@QAEXH@Z 00408170 f i server.obj
 0001:00007260       ?spawnstate@playerstate@@UAEXH@Z 00408260 f i server.obj
 0001:00007460       ??_Eplayerstate@@UAEPAXI@Z 00408460 f i * CIL library *:* CIL module *
 0001:00007460       ??_Gplayerstate@@UAEPAXI@Z 00408460 f i server.obj
 0001:00007490       ??0serverconfigfile@@QAE@XZ 00408490 f i server.obj
 0001:000074f0       ??1serverconfigfile@@UAE@XZ 004084f0 f i server.obj
 0001:00007530       ?clear@serverconfigfile@@UAEXXZ 00408530 f i server.obj
 0001:00007530       ?fflush@stream@@UAEXXZ     00408530 f i stream.obj
 0001:00007530       ?perform@recorddemoaction@@UAEXXZ 00408530 f i server.obj
 0001:00007530       ?read@serverconfigfile@@UAEXXZ 00408530 f i server.obj
 0001:00007530       @_guard_check_icall_nop@4  00408530 f i LIBCMT:guard_support.obj
 0001:00007530       __initialize_denormal_control 00408530 f i LIBCMT:denormal_control.obj
 0001:00007530       __initialize_invalid_parameter_handler 00408530 f i LIBCMT:invalid_parameter_handler.obj
 0001:00007540       ??_Eserverconfigfile@@UAEPAXI@Z 00408540 f i * CIL library *:* CIL module *
 0001:00007540       ??_Eserverparameter@@UAEPAXI@Z 00408540 f i * CIL library *:* CIL module *
 0001:00007540       ??_Gserverconfigfile@@UAEPAXI@Z 00408540 f i server.obj
 0001:00007540       ??_Gserverparameter@@UAEPAXI@Z 00408540 f i server.obj
 0001:000075a0       ?checkarg@servercommandline@@QAE_NPBD@Z 004085a0 f i server.obj
 0001:00007f50       ?isalive@clientstate@@QAE_NH@Z 00408f50 f i server.obj
 0001:00007f80       ?respawn@clientstate@@QAEXXZ 00408f80 f i server.obj
 0001:00008020       ??_Eclientstate@@UAEPAXI@Z 00409020 f i * CIL library *:* CIL module *
 0001:00008020       ??_Gclientstate@@UAEPAXI@Z 00409020 f i server.obj
 0001:00008050       ?save@savedscore@@QAEXAAUclientstate@@H@Z 00409050 f i server.obj
 0001:000080e0       ?addevent@client@@QAEAATgameevent@@XZ 004090e0 f i server.obj
 0001:00008190       ?mapchange@client@@QAEX_N@Z 00409190 f i server.obj
 0001:00008350       ?reset@client@@QAEXXZ      00409350 f i server.obj
 0001:000084d0       ?checkvitadate@client@@QAE_NH@Z 004094d0 f i server.obj
 0001:00008500       ??_Eservercontroller@@UAEPAXI@Z 00409500 f i * CIL library *:* CIL module *
 0001:00008500       ??_Gservercontroller@@UAEPAXI@Z 00409500 f i server.obj
 0001:00008530       ??0winservice@@QAE@PBDHPAPAD@Z 00409530 f i server.obj
 0001:00008560       ?start@winservice@@UAEXXZ  00409560 f i server.obj
 0001:000085b0       ?keepalive@winservice@@UAEXXZ 004095b0 f i server.obj
 0001:00008610       ?stop@winservice@@UAEXXZ   00409610 f i server.obj
 0001:00008690       ?main@callbacks@winservice@@SGHXZ 00409690 f i server.obj
 0001:00008810       ?requesthandler@callbacks@winservice@@SGXK@Z 00409810 f i server.obj
 0001:000088b0       ??_Ewinservice@@UAEPAXI@Z  004098b0 f i * CIL library *:* CIL module *
 0001:000088b0       ??_Gwinservice@@UAEPAXI@Z  004098b0 f i server.obj
 0001:00008960       ??0servermap@@QAE@PBD0@Z   00409960 f i server.obj
 0001:000089c0       ?load@servermap@@QAEXXZ    004099c0 f i server.obj
 0001:00009c50       ?clear@servermaprot@@UAEXXZ 0040ac50 f i server.obj
 0001:00009cb0       ?load@servermaprot@@UAE_NXZ 0040acb0 f i server.obj
 0001:0000a180       ?read@servermaprot@@UAEXXZ 0040b180 f i server.obj
 0001:0000a2b0       ?initmap@servermaprot@@QAEXPAUservermap@@PAUstream@@@Z 0040b2b0 f i server.obj
 0001:0000a830       ??_Eservermaprot@@UAEPAXI@Z 0040b830 f i * CIL library *:* CIL module *
 0001:0000a830       ??_Gservermaprot@@UAEPAXI@Z 0040b830 f i server.obj
 0001:0000a860       ??1servermaprot@@UAE@XZ    0040b860 f i server.obj
 0001:0000a8f0       ?clear@serverinfofile@@UAEXXZ 0040b8f0 f i server.obj
 0001:0000a8f0       ?clear@serveripblacklist@@UAEXXZ 0040b8f0 f i server.obj
 0001:0000a8f0       ?clear@serveripcclist@@UAEXXZ 0040b8f0 f i server.obj
 0001:0000a910       ?read@serveripcclist@@UAEXXZ 0040b910 f i server.obj
 0001:0000aed0       ?read@serveripblacklist@@UAEXXZ 0040bed0 f i server.obj
 0001:0000b290       ?check@serveripblacklist@@QAE_NI@Z 0040c290 f i server.obj
 0001:0000b2e0       ?clear@servernickblacklist@@UAEXXZ 0040c2e0 f i server.obj
 0001:0000b3a0       ?read@servernickblacklist@@UAEXXZ 0040c3a0 f i server.obj
 0001:0000bed0       ?checkwhitelist@servernickblacklist@@QAEHABUclient@@@Z 0040ced0 f i server.obj
 0001:0000c030       ?checkblacklist@servernickblacklist@@QAEHPBD@Z 0040d030 f i server.obj
 0001:0000c170       ?clear@serverforbiddenlist@@UAEXXZ 0040d170 f i server.obj
 0001:0000c1a0       ?read@serverforbiddenlist@@UAEXXZ 0040d1a0 f i server.obj
 0001:0000c2e0       ?canspeech@serverforbiddenlist@@QAE_NPAD@Z 0040d2e0 f i server.obj
 0001:0000c460       ?clear@serverpasswords@@UAEXXZ 0040d460 f i server.obj
 0001:0000c480       ?read@serverpasswords@@UAEXXZ 0040d480 f i server.obj
 0001:0000c740       ?check@serverpasswords@@QAE_NPBD0HPAUpwddetail@@I@Z 0040d740 f i server.obj
 0001:0000ca10       ??_Eserverinfofile@@UAEPAXI@Z 0040da10 f i * CIL library *:* CIL module *
 0001:0000ca10       ??_Eserverpasswords@@UAEPAXI@Z 0040da10 f i * CIL library *:* CIL module *
 0001:0000ca10       ??_Gserverinfofile@@UAEPAXI@Z 0040da10 f i server.obj
 0001:0000ca10       ??_Gserverpasswords@@UAEPAXI@Z 0040da10 f i server.obj
 0001:0000ca40       ??1serverinfofile@@UAE@XZ  0040da40 f i server.obj
 0001:0000ca40       ??1serveripblacklist@@UAE@XZ 0040da40 f i server.obj
 0001:0000ca40       ??1serveripcclist@@UAE@XZ  0040da40 f i server.obj
 0001:0000ca40       ??1serverpasswords@@UAE@XZ 0040da40 f i server.obj
 0001:0000cab0       ?read@serverinfofile@@UAEXXZ 0040dab0 f i server.obj
 0001:0000cbc0       ?update@servpar@@QAEXXZ    0040dbc0 f i server.obj
 0001:0000ccd0       ?nextvalue@servpar@@QAE_NPAD@Z 0040dcd0 f i server.obj
 0001:0000cd80       ?load@serverparameter@@UAE_NXZ 0040dd80 f i server.obj
 0001:0000cf20       ?read@serverparameter@@UAEXXZ 0040df20 f i server.obj
 0001:0000d0a0       ??_Eserveripblacklist@@UAEPAXI@Z 0040e0a0 f i * CIL library *:* CIL module *
 0001:0000d0a0       ??_Eserveripcclist@@UAEPAXI@Z 0040e0a0 f i * CIL library *:* CIL module *
 0001:0000d0a0       ??_Gserveripblacklist@@UAEPAXI@Z 0040e0a0 f i server.obj
 0001:0000d0a0       ??_Gserveripcclist@@UAEPAXI@Z 0040e0a0 f i server.obj
 0001:0000d0d0       ??1servernickblacklist@@UAE@XZ 0040e0d0 f i server.obj
 0001:0000d1e0       ??_Eservernickblacklist@@UAEPAXI@Z 0040e1e0 f i * CIL library *:* CIL module *
 0001:0000d1e0       ??_Gservernickblacklist@@UAEPAXI@Z 0040e1e0 f i server.obj
 0001:0000d210       ??_Eserverforbiddenlist@@UAEPAXI@Z 0040e210 f i * CIL library *:* CIL module *
 0001:0000d210       ??_Gserverforbiddenlist@@UAEPAXI@Z 0040e210 f i server.obj
 0001:0000d270       ??_Gservermap@@QAEPAXI@Z   0040e270 f i server.obj
 0001:0000d370       ??_Gworldstate@@QAEPAXI@Z  0040e370 f i server.obj
 0001:0000d3d0       ??_G?$vector@E@@QAEPAXI@Z  0040e3d0 f i server.obj
 0001:0000d410       ?send_item_list@@YAXAAUpacketbuf@@@Z 0040e410 f i server.obj
 0001:0000d4a0       ?check_pdist@@YAHPAUclient@@AAM@Z 0040e4a0 f i server.obj
 0001:0000d4f0       ?addban@@YAXPAUclient@@HH@Z 0040e4f0 f i server.obj
 0001:0000d5e0       ?isvalid@recorddemoaction@@UAE_NXZ 0040e5e0 f i server.obj
 0001:0000d5e0       ?isvalid@serveraction@@UAE_NXZ 0040e5e0 f i server.obj
 0001:0000d5e0       ___acrt_uninitialize_command_line 0040e5e0 f i libucrt:argv_data.obj
 0001:0000d5e0       __should_initialize_environment 0040e5e0 f i LIBCMT:env_mode.obj
 0001:0000d5f0       ?isdisabled@mapaction@@UAE_NXZ 0040e5f0 f i server.obj
 0001:0000d5f0       ?isdisabled@serveraction@@UAE_NXZ 0040e5f0 f i server.obj
 0001:0000d600       ??_Eremovebansaction@@UAEPAXI@Z 0040e600 f i * CIL library *:* CIL module *
 0001:0000d600       ??_Eserveraction@@UAEPAXI@Z 0040e600 f i * CIL library *:* CIL module *
 0001:0000d600       ??_Eshuffleteamaction@@UAEPAXI@Z 0040e600 f i * CIL library *:* CIL module *
 0001:0000d600       ??_Gremovebansaction@@UAEPAXI@Z 0040e600 f i server.obj
 0001:0000d600       ??_Gserveraction@@UAEPAXI@Z 0040e600 f i server.obj
 0001:0000d600       ??_Gshuffleteamaction@@UAEPAXI@Z 0040e600 f i server.obj
 0001:0000d630       ?perform@mapaction@@UAEXXZ 0040e630 f i server.obj
 0001:0000d720       ?isvalid@mapaction@@UAE_NXZ 0040e720 f i server.obj
 0001:0000d780       ??0mapaction@@QAE@PADHHH_N@Z 0040e780 f i server.obj
 0001:0000dd20       ??_Emapaction@@UAEPAXI@Z   0040ed20 f i * CIL library *:* CIL module *
 0001:0000dd20       ??_Gmapaction@@UAEPAXI@Z   0040ed20 f i server.obj
 0001:0000dd70       ?perform@demoplayaction@@UAEXXZ 0040ed70 f i server.obj
 0001:0000dd80       ??_Edemoplayaction@@UAEPAXI@Z 0040ed80 f i * CIL library *:* CIL module *
 0001:0000dd80       ??_Gdemoplayaction@@UAEPAXI@Z 0040ed80 f i server.obj
 0001:0000ddd0       ?isvalid@playeraction@@UAE_NXZ 0040edd0 f i server.obj
 0001:0000de00       ??0playeraction@@QAE@H@Z   0040ee00 f i server.obj
 0001:0000de60       ??_Egiveadminaction@@UAEPAXI@Z 0040ee60 f i * CIL library *:* CIL module *
 0001:0000de60       ??_Eplayeraction@@UAEPAXI@Z 0040ee60 f i * CIL library *:* CIL module *
 0001:0000de60       ??_Ggiveadminaction@@UAEPAXI@Z 0040ee60 f i server.obj
 0001:0000de60       ??_Gplayeraction@@UAEPAXI@Z 0040ee60 f i server.obj
 0001:0000de90       ?perform@forceteamaction@@UAEXXZ 0040ee90 f i server.obj
 0001:0000deb0       ?isvalid@forceteamaction@@UAE_NXZ 0040eeb0 f i server.obj
 0001:0000def0       ??_Ebanaction@@UAEPAXI@Z   0040eef0 f i * CIL library *:* CIL module *
 0001:0000def0       ??_Eforceteamaction@@UAEPAXI@Z 0040eef0 f i * CIL library *:* CIL module *
 0001:0000def0       ??_Ekickaction@@UAEPAXI@Z  0040eef0 f i * CIL library *:* CIL module *
 0001:0000def0       ??_Gbanaction@@UAEPAXI@Z   0040eef0 f i server.obj
 0001:0000def0       ??_Gforceteamaction@@UAEPAXI@Z 0040eef0 f i server.obj
 0001:0000def0       ??_Gkickaction@@UAEPAXI@Z  0040eef0 f i server.obj
 0001:0000df20       ?perform@giveadminaction@@UAEXXZ 0040ef20 f i server.obj
 0001:0000df40       ?perform@kickaction@@UAEXXZ 0040ef40 f i server.obj
 0001:0000dfa0       ?isvalid@banaction@@UAE_NXZ 0040efa0 f i server.obj
 0001:0000dfa0       ?isvalid@kickaction@@UAE_NXZ 0040efa0 f i server.obj
 0001:0000dfe0       ?perform@banaction@@UAEXXZ 0040efe0 f i server.obj
 0001:0000e040       ?perform@removebansaction@@UAEXXZ 0040f040 f i server.obj
 0001:0000e060       ?perform@pauseaction@@UAEXXZ 0040f060 f i server.obj
 0001:0000e0d0       ?isvalid@pauseaction@@UAE_NXZ 0040f0d0 f i server.obj
 0001:0000e0f0       ??_Eautoteamaction@@UAEPAXI@Z 0040f0f0 f i * CIL library *:* CIL module *
 0001:0000e0f0       ??_Ecleardemosaction@@UAEPAXI@Z 0040f0f0 f i * CIL library *:* CIL module *
 0001:0000e0f0       ??_Emastermodeaction@@UAEPAXI@Z 0040f0f0 f i * CIL library *:* CIL module *
 0001:0000e0f0       ??_Epauseaction@@UAEPAXI@Z 0040f0f0 f i * CIL library *:* CIL module *
 0001:0000e0f0       ??_Erecorddemoaction@@UAEPAXI@Z 0040f0f0 f i * CIL library *:* CIL module *
 0001:0000e0f0       ??_Gautoteamaction@@UAEPAXI@Z 0040f0f0 f i server.obj
 0001:0000e0f0       ??_Gcleardemosaction@@UAEPAXI@Z 0040f0f0 f i server.obj
 0001:0000e0f0       ??_Gmastermodeaction@@UAEPAXI@Z 0040f0f0 f i server.obj
 0001:0000e0f0       ??_Gpauseaction@@UAEPAXI@Z 0040f0f0 f i server.obj
 0001:0000e0f0       ??_Grecorddemoaction@@UAEPAXI@Z 0040f0f0 f i server.obj
 0001:0000e120       ?perform@mastermodeaction@@UAEXXZ 0040f120 f i server.obj
 0001:0000e130       ?isvalid@mastermodeaction@@UAE_NXZ 0040f130 f i server.obj
 0001:0000e140       ?perform@autoteamaction@@UAEXXZ 0040f140 f i server.obj
 0001:0000e1f0       ?perform@shuffleteamaction@@UAEXXZ 0040f1f0 f i server.obj
 0001:0000e240       ?isvalid@shuffleteamaction@@UAE_NXZ 0040f240 f i server.obj
 0001:0000e2a0       ?perform@cleardemosaction@@UAEXXZ 0040f2a0 f i server.obj
 0001:0000e380       ?perform@serverdescaction@@UAEXXZ 0040f380 f i server.obj
 0001:0000e430       ?isvalid@serverdescaction@@UAE_NXZ 0040f430 f i server.obj
 0001:0000e470       ??_Eserverdescaction@@UAEPAXI@Z 0040f470 f i * CIL library *:* CIL module *
 0001:0000e470       ??_Gserverdescaction@@UAEPAXI@Z 0040f470 f i server.obj
 0001:0000e4c0       ?end@voteinfo@@QAEXH@Z     0040f4c0 f i server.obj
 0001:0000e580       ?evaluate@voteinfo@@QAEX_N@Z 0040f580 f i server.obj
 0001:0000e750       ?getbits@?$bitbuf@U?$databuf@E@@@@QAEHH@Z 0040f750 f i server.obj
 0001:0000e800       ?full@?$ringbuf@PAUservinfoauth@@$0BA@@@QBE_NXZ 0040f800 f i server.obj
 0001:0000e830       ?add@?$ringbuf@E$0EAAAA@@@QAEXPBEH@Z 0040f830 f i server.obj
 0001:0000e8b0       ?add@?$vector@H@@QAEAAHABH@Z 0040f8b0 f i server.obj
 0001:0000e8b0       ?add@?$vector@PAUservermap@@@@QAEAAPAUservermap@@ABQAU2@@Z 0040f8b0 f i server.obj
 0001:0000e940       ?remove@?$vector@Uban@@@@QAE?AUban@@H@Z 0040f940 f i server.obj
 0001:0000e9b0       ?add@?$vector@PAUclient@@@@QAEAAPAUclient@@ABQAU2@@Z 0040f9b0 f i server.obj
 0001:0000ea70       ?access@?$hashtable@Uuchar32@@Uvita_s@@@@QAEAAUvita_s@@ABUuchar32@@ABU2@@Z 0040fa70 f i server.obj
 0001:0000ec50       ?access@?$hashtable@Uuchar32@@Uvita_s@@@@QAEPAUvita_s@@ABUuchar32@@@Z 0040fc50 f i server.obj
 0001:0000ecb0       ?access@?$hashtable@PBDUservpar@@@@QAEAAUservpar@@ABQBDABU2@@Z 0040fcb0 f i server.obj
 0001:0000edb0       ?access@?$hashtable@PBDUservpar@@@@QAEPAUservpar@@ABQBD@Z 0040fdb0 f i server.obj
 0001:0000ee40       ??0?$hashtable@PBDUservpar@@@@QAE@H@Z 0040fe40 f i server.obj
 0001:0000eeb0       ?add@?$vector@Upwddetail@@@@QAEAAUpwddetail@@ABU2@@Z 0040feb0 f i server.obj
 0001:0000ef50       ?clear@?$hashtable@PBDH@@QAEX_N@Z 0040ff50 f i server.obj
 0001:0000f070       ?access@?$hashtable@PBDH@@QAEAAHABQBDABH@Z 00410070 f i server.obj
 0001:0000f160       ?access@?$hashtable@PBDH@@QAEPAHABQBD@Z 00410160 f i server.obj
 0001:0000f1f0       ?remove@?$vector@Uiprangecc@@@@QAE?AUiprangecc@@H@Z 004101f0 f i server.obj
 0001:0000f250       ?get@?$databuf@E@@QAEHPAEH@Z 00410250 f i server.obj
 0001:0000f290       ?growbuf@?$vector@D@@QAEXH@Z 00410290 f i server.obj
 0001:0000f290       ?growbuf@?$vector@E@@QAEXH@Z 00410290 f i server.obj
 0001:0000f2f0       ?insertchains@?$hashtable@PBDH@@QAEXPAUchainchunk@1@@Z 004102f0 f i server.obj
 0001:0000f3c0       ?insertchains@?$hashtable@PBDUservpar@@@@QAEXPAUchainchunk@1@@Z 004103c0 f i server.obj
 0001:0000f4b0       ??_Gcert@@QAEPAXI@Z        004104b0 f i crypto.obj
 0001:0000f530       _fprintf                   00410530 f i log.obj
 0001:0000f560       ?strrchr@@YAPADQADH@Z      00410560 f i stream.obj
 0001:0000f570       ?printf@stream@@UAAHPBDZZ  00410570 f i stream.obj
 0001:0000f570       ?tell@stream@@UAEJXZ       00410570 f i stream.obj
 0001:0000f580       ?seek@stream@@UAE_NJH@Z    00410580 f i stream.obj
 0001:0000f590       ?read@stream@@UAEHPAXH@Z   00410590 f i stream.obj
 0001:0000f590       ?write@stream@@UAEHPBXH@Z  00410590 f i stream.obj
 0001:0000f5a0       ?getchar@stream@@UAEHXZ    004105a0 f i stream.obj
 0001:0000f5c0       ?putchar@stream@@UAE_NH@Z  004105c0 f i stream.obj
 0001:0000f5e0       ?putstring@stream@@UAE_NPBD@Z 004105e0 f i stream.obj
 0001:0000f610       ?putline@stream@@UAE_NPBD@Z 00410610 f i stream.obj
 0001:0000f640       ?getcrc@stream@@UAEIXZ     00410640 f i stream.obj
 0001:0000f640       ___scrt_exe_initialize_mta 00410640 f i LIBCMT:utility_desktop.obj
 0001:0000f640       ___scrt_initialize_winrt   00410640 f i LIBCMT:utility_desktop.obj
 0001:0000f640       ___scrt_stub_for_initialize_mta 00410640 f i LIBCMT:utility_desktop.obj
 0001:0000f640       __get_startup_commit_mode  00410640 f i LIBCMT:commit_mode.obj
 0001:0000f640       __get_startup_new_mode     00410640 f i LIBCMT:new_mode.obj
 0001:0000f640       __get_startup_thread_locale_mode 00410640 f i LIBCMT:thread_locale.obj
 0001:0000f640       __matherr                  00410640 f i LIBCMT:matherr.obj
 0001:0000f650       ??_Estream@@UAEPAXI@Z      00410650 f i * CIL library *:* CIL module *
 0001:0000f650       ??_Gstream@@UAEPAXI@Z      00410650 f i stream.obj
 0001:0000f680       ?close@filestream@@UAEXXZ  00410680 f i stream.obj
 0001:0000f6a0       ?end@filestream@@UAE_NXZ   004106a0 f i stream.obj
 0001:0000f6c0       ?tell@filestream@@UAEJXZ   004106c0 f i stream.obj
 0001:0000f6d0       ?seek@filestream@@UAE_NJH@Z 004106d0 f i stream.obj
 0001:0000f6f0       ?fflush@filestream@@UAEXXZ 004106f0 f i stream.obj
 0001:0000f700       ?read@filestream@@UAEHPAXH@Z 00410700 f i stream.obj
 0001:0000f720       ?write@filestream@@UAEHPBXH@Z 00410720 f i stream.obj
 0001:0000f740       ?getchar@filestream@@UAEHXZ 00410740 f i stream.obj
 0001:0000f750       ?putchar@filestream@@UAE_NH@Z 00410750 f i stream.obj
 0001:0000f770       ?getline@filestream@@UAE_NPADH@Z 00410770 f i stream.obj
 0001:0000f790       ?putstring@filestream@@UAE_NPBD@Z 00410790 f i stream.obj
 0001:0000f7b0       ?printf@filestream@@UAAHPBDZZ 004107b0 f i stream.obj
 0001:0000f7e0       ??_Efilestream@@UAEPAXI@Z  004107e0 f i * CIL library *:* CIL module *
 0001:0000f7e0       ??_Gfilestream@@UAEPAXI@Z  004107e0 f i stream.obj
 0001:0000f820       ?readbyte@gzstream@@QAEHH@Z 00410820 f i stream.obj
 0001:0000f880       ?skipbytes@gzstream@@QAEXH@Z 00410880 f i stream.obj
 0001:0000f8c0       ?checkheader@gzstream@@QAE_NXZ 004108c0 f i stream.obj
 0001:0000fb70       ?open@gzstream@@QAE_NPAUstream@@PBD_NH@Z 00410b70 f i stream.obj
 0001:0000fcc0       ?getcrc@gzstream@@UAEIXZ   00410cc0 f i stream.obj
 0001:0000fcd0       ?stopreading@gzstream@@QAEXXZ 00410cd0 f i stream.obj
 0001:0000fcf0       ?stopwriting@gzstream@@QAEXXZ 00410cf0 f i stream.obj
 0001:0000fd10       ?close@gzstream@@UAEXXZ    00410d10 f i stream.obj
 0001:0000fe60       ?end@gzstream@@UAE_NXZ     00410e60 f i stream.obj
 0001:0000fe80       ?tell@gzstream@@UAEJXZ     00410e80 f i stream.obj
 0001:0000fea0       ?seek@gzstream@@UAE_NJH@Z  00410ea0 f i stream.obj
 0001:0000ffe0       ?read@gzstream@@UAEHPAXH@Z 00410fe0 f i stream.obj
 0001:000100b0       ?write@gzstream@@UAEHPBXH@Z 004110b0 f i stream.obj
 0001:00010170       ??_Egzstream@@UAEPAXI@Z    00411170 f i * CIL library *:* CIL module *
 0001:00010170       ??_Ggzstream@@UAEPAXI@Z    00411170 f i stream.obj
 0001:000102e0       ?close@vecstream@@UAEXXZ   004112e0 f i stream.obj
 0001:00010300       ?end@vecstream@@UAE_NXZ    00411300 f i stream.obj
 0001:00010320       ?tell@vecstream@@UAEJXZ    00411320 f i stream.obj
 0001:00010330       ?size@vecstream@@UAEJXZ    00411330 f i stream.obj
 0001:00010340       ?seek@vecstream@@UAE_NJH@Z 00411340 f i stream.obj
 0001:000103a0       ?read@vecstream@@UAEHPAXH@Z 004113a0 f i stream.obj
 0001:000103f0       ?write@vecstream@@UAEHPBXH@Z 004113f0 f i stream.obj
 0001:00010460       ?printf@vecstream@@UAAHPBDZZ 00411460 f i stream.obj
 0001:00010520       ??_Evecstream@@UAEPAXI@Z   00411520 f i * CIL library *:* CIL module *
 0001:00010520       ??_Gvecstream@@UAEPAXI@Z   00411520 f i stream.obj
 0001:00010570       ?put@packetbuf@@QAEXABE@Z  00411570 f i protocol1.obj
 0001:000105d2       _htonl@4                   004115d2 f   ws2_32:WS2_32.dll
 0001:000105d8       _ntohl@4                   004115d8 f   ws2_32:WS2_32.dll
 0001:000105de       ___WSAFDIsSet@8            004115de f   ws2_32:WS2_32.dll
 0001:000105e4       _WSAStartup@8              004115e4 f   ws2_32:WS2_32.dll
 0001:000105ea       _WSACleanup@0              004115ea f   ws2_32:WS2_32.dll
 0001:000105f0       _gethostbyname@4           004115f0 f   ws2_32:WS2_32.dll
 0001:000105f6       _inet_addr@4               004115f6 f   ws2_32:WS2_32.dll
 0001:000105fc       _inet_ntoa@4               004115fc f   ws2_32:WS2_32.dll
 0001:00010602       _gethostbyaddr@12          00411602 f   ws2_32:WS2_32.dll
 0001:00010608       _htons@4                   00411608 f   ws2_32:WS2_32.dll
 0001:0001060e       _bind@12                   0041160e f   ws2_32:WS2_32.dll
 0001:00010614       _listen@8                  00411614 f   ws2_32:WS2_32.dll
 0001:0001061a       _socket@12                 0041161a f   ws2_32:WS2_32.dll
 0001:00010620       _setsockopt@20             00411620 f   ws2_32:WS2_32.dll
 0001:00010626       _ioctlsocket@12            00411626 f   ws2_32:WS2_32.dll
 0001:0001062c       _connect@12                0041162c f   ws2_32:WS2_32.dll
 0001:00010632       _WSAGetLastError@0         00411632 f   ws2_32:WS2_32.dll
 0001:00010638       _accept@12                 00411638 f   ws2_32:WS2_32.dll
 0001:0001063e       _ntohs@4                   0041163e f   ws2_32:WS2_32.dll
 0001:00010644       _shutdown@8                00411644 f   ws2_32:WS2_32.dll
 0001:0001064a       _closesocket@4             0041164a f   ws2_32:WS2_32.dll
 0001:00010650       _WSASendTo@36              00411650 f   ws2_32:WS2_32.dll
 0001:00010656       _WSARecvFrom@36            00411656 f   ws2_32:WS2_32.dll
 0001:0001065c       _select@20                 0041165c f   ws2_32:WS2_32.dll
 0001:00010662       _timeBeginPeriod@4         00411662 f   winmm:WINMM.dll
 0001:00010668       _timeEndPeriod@4           00411668 f   winmm:WINMM.dll
 0001:0001066e       _timeGetTime@0             0041166e f   winmm:WINMM.dll
 0001:00010674       @__security_check_cookie@4 00411674 f   LIBCMT:secchk.obj
 0001:00010682       ??_V@YAXPAX@Z              00411682 f   LIBCMT:delete_array.obj
 0001:00010687       __Init_thread_footer       00411687 f   LIBCMT:thread_safe_statics.obj
 0001:000106d8       __Init_thread_header       004116d8 f   LIBCMT:thread_safe_statics.obj
 0001:00010727       __Init_thread_wait_v2      00411727 f   LIBCMT:thread_safe_statics.obj
 0001:0001073c       ___raise_securityfailure   0041173c f   LIBCMT:gs_report.obj
 0001:00010764       ___report_gsfailure        00411764 f   LIBCMT:gs_report.obj
 0001:0001085f       ___report_rangecheckfailure 0041185f f   LIBCMT:gs_report.obj
 0001:0001086c       ___report_securityfailure  0041186c f   LIBCMT:gs_report.obj
 0001:0001093c       ??2@YAPAXI@Z               0041193c f   LIBCMT:new_scalar.obj
 0001:000109b0       ___scrt_acquire_startup_lock 004119b0 f   LIBCMT:utility.obj
 0001:000109e2       ___scrt_initialize_crt     004119e2 f   LIBCMT:utility.obj
 0001:00010a1b       ___scrt_initialize_onexit_tables 00411a1b f   LIBCMT:utility.obj
 0001:00010aa2       ___scrt_is_nonwritable_in_current_image 00411aa2 f   LIBCMT:utility.obj
 0001:00010b36       ___scrt_release_startup_lock 00411b36 f   LIBCMT:utility.obj
 0001:00010b53       ___scrt_uninitialize_crt   00411b53 f   LIBCMT:utility.obj
 0001:00010b7b       __onexit                   00411b7b f   LIBCMT:utility.obj
 0001:00010ba8       _atexit                    00411ba8 f   LIBCMT:utility.obj
 0001:00010bbd       ??3@YAXPAXI@Z              00411bbd f   LIBCMT:delete_scalar_size.obj
 0001:00010bcb       ??_U@YAPAXI@Z              00411bcb f   LIBCMT:new_array.obj
 0001:00010bd4       ??_Etype_info@@UAEPAXI@Z   00411bd4 f i LIBCMT:std_type_info_static.obj
 0001:00010bd4       ??_Gtype_info@@UAEPAXI@Z   00411bd4 f i LIBCMT:std_type_info_static.obj
 0001:00010e3e       _mainCRTStartup            00411e3e f   LIBCMT:exe_main.obj
 0001:00010e48       ??3@YAXPAX@Z               00411e48 f   LIBCMT:delete_scalar.obj
 0001:00010e4d       ??0bad_alloc@std@@QAE@ABV01@@Z 00411e4d f i LIBCMT:throw_bad_alloc.obj
 0001:00010e68       ??0bad_alloc@std@@QAE@XZ   00411e68 f i LIBCMT:throw_bad_alloc.obj
 0001:00010e80       ??0bad_array_new_length@std@@QAE@ABV01@@Z 00411e80 f i LIBCMT:throw_bad_alloc.obj
 0001:00010e9b       ??0bad_array_new_length@std@@QAE@XZ 00411e9b f i LIBCMT:throw_bad_alloc.obj
 0001:00010eb3       ??0exception@std@@QAE@ABV01@@Z 00411eb3 f i LIBCMT:throw_bad_alloc.obj
 0001:00010edf       ??1bad_alloc@std@@UAE@XZ   00411edf f i LIBCMT:throw_bad_alloc.obj
 0001:00010edf       ??1bad_array_new_length@std@@UAE@XZ 00411edf f i LIBCMT:throw_bad_alloc.obj
 0001:00010edf       ??1bad_exception@std@@UAE@XZ 00411edf f i libvcruntime:frame.obj
 0001:00010ef0       ??_Ebad_alloc@std@@UAEPAXI@Z 00411ef0 f i LIBCMT:throw_bad_alloc.obj
 0001:00010ef0       ??_Ebad_array_new_length@std@@UAEPAXI@Z 00411ef0 f i LIBCMT:throw_bad_alloc.obj
 0001:00010ef0       ??_Ebad_exception@std@@UAEPAXI@Z 00411ef0 f i libvcruntime:frame.obj
 0001:00010ef0       ??_Eexception@std@@UAEPAXI@Z 00411ef0 f i LIBCMT:throw_bad_alloc.obj
 0001:00010ef0       ??_Gbad_alloc@std@@UAEPAXI@Z 00411ef0 f i LIBCMT:throw_bad_alloc.obj
 0001:00010ef0       ??_Gbad_array_new_length@std@@UAEPAXI@Z 00411ef0 f i LIBCMT:throw_bad_alloc.obj
 0001:00010ef0       ??_Gbad_exception@std@@UAEPAXI@Z 00411ef0 f i libvcruntime:frame.obj
 0001:00010ef0       ??_Gexception@std@@UAEPAXI@Z 00411ef0 f i LIBCMT:throw_bad_alloc.obj
 0001:00010f1d       ?__scrt_throw_std_bad_alloc@@YAXXZ 00411f1d f   LIBCMT:throw_bad_alloc.obj
 0001:00010f3a       ?__scrt_throw_std_bad_array_new_length@@YAXXZ 00411f3a f   LIBCMT:throw_bad_alloc.obj
 0001:00010f57       ?what@exception@std@@UBEPBDXZ 00411f57 f i LIBCMT:throw_bad_alloc.obj
 0001:00010f64       ___isa_available_init      00411f64 f   LIBCMT:cpu_disp.obj
 0001:00011291       __get_startup_argv_mode    00412291 f   LIBCMT:argv_mode.obj
 0001:00011295       ___scrt_is_ucrt_dll_in_use 00412295 f   LIBCMT:ucrt_detection.obj
 0001:000112a1       ___scrt_fastfail           004122a1 f   LIBCMT:utility_desktop.obj
 0001:000113b6       ___scrt_initialize_mta     004123b6 f   LIBCMT:utility_desktop.obj
 0001:000113bb       ___scrt_is_managed_app     004123bb f   LIBCMT:utility_desktop.obj
 0001:000113fd       ___scrt_set_unhandled_exception_filter 004123fd f   LIBCMT:utility_desktop.obj
 0001:00011409       ___scrt_unhandled_exception_filter@4 00412409 f   LIBCMT:utility_desktop.obj
 0001:0001145f       __crt_debugger_hook        0041245f f   LIBCMT:utility_desktop.obj
 0001:00011470       __SEH_prolog4              00412470 f   LIBCMT:sehprolg4.obj
 0001:00011502       ___security_init_cookie    00412502 f   LIBCMT:gs_support.obj
 0001:0001154d       __get_startup_file_mode    0041254d f   LIBCMT:file_mode.obj
 0001:00011553       ?__scrt_initialize_type_info@@YAXXZ 00412553 f   LIBCMT:tncleanup.obj
 0001:0001155f       __initialize_default_precision 0041255f f   LIBCMT:default_precision.obj
 0001:00011580       ___scrt_initialize_default_local_stdio_options 00412580 f   LIBCMT:default_local_stdio_options.obj
 0001:0001159d       ___scrt_is_user_matherr_present 0041259d f   LIBCMT:matherr_detection.obj
 0001:000115a9       ___scrt_get_dyn_tls_init_callback 004125a9 f   LIBCMT:dyn_tls_init.obj
 0001:000115af       ___scrt_get_dyn_tls_dtor_callback 004125af f   LIBCMT:dyn_tls_dtor.obj
 0001:000115b5       __RTC_Initialize           004125b5 f   LIBCMT:initsect.obj
 0001:000115e1       __RTC_Terminate            004125e1 f   LIBCMT:initsect.obj
 0001:00011650       __except_handler4          00412650 f   libvcruntime:chandler4.obj
 0001:000117ae       __get_purecall_handler     004127ae f   libvcruntime:purevirt.obj
 0001:000117b5       __purecall                 004127b5 f   libvcruntime:purevirt.obj
 0001:000117e0       _strstr                    004127e0 f   libvcruntime:strstr.obj
 0001:00011a50       _strchr                    00412a50 f   libvcruntime:strchr.obj
 0001:00011abe       ___from_strstr_to_strchr   00412abe     libvcruntime:strchr.obj
 0001:00011b80       _strrchr                   00412b80 f   libvcruntime:strrchr.obj
 0001:00011cc0       _memset                    00412cc0 f   libvcruntime:memset.obj
 0001:00011e20       _memcpy                    00412e20 f   libvcruntime:memcpy.obj
 0001:00011e20       _memmove                   00412e20 f   libvcruntime:memmove.obj
 0001:00012394       ___vcrt_initialize         00413394 f   libvcruntime:initialization.obj
 0001:000123b3       ___vcrt_uninitialize       004133b3 f   libvcruntime:initialization.obj
 0001:000123ca       ___std_exception_copy      004133ca f   libvcruntime:std_exception.obj
 0001:0001242d       ___std_exception_destroy   0041342d f   libvcruntime:std_exception.obj
 0001:0001244c       __CxxThrowException@8      0041344c f   libvcruntime:throw.obj
 0001:000124b8       ___DestructExceptionObject 004134b8 f   libvcruntime:ehhelpers.obj
 0001:00012559       ?_CallMemberFunction0@@YGXQAX0@Z 00413559 f i libvcruntime:ehhelpers.obj
 0001:000125be       __IsExceptionObjectToBeDestroyed 004135be f   libvcruntime:ehhelpers.obj
 0001:000125e4       ___AdjustPointer           004135e4 f   libvcruntime:ehhelpers.obj
 0001:00012609       ___FrameUnwindFilter       00413609 f   libvcruntime:ehhelpers.obj
 0001:0001265f       ___current_exception       0041365f f   libvcruntime:ehhelpers.obj
 0001:00012668       ___current_exception_context 00413668 f   libvcruntime:ehhelpers.obj
 0001:00012671       ___std_terminate           00413671 f   libvcruntime:ehhelpers.obj
 0001:00012676       ___std_type_info_compare   00413676 f   libvcruntime:std_type_info.obj
 0001:000126c0       __local_unwind4            004136c0 f   libvcruntime:exsup4.obj
 0001:000127b0       @_EH4_CallFilterFunc@8     004137b0 f   libvcruntime:exsup4.obj
 0001:000127d0       @_EH4_TransferToHandler@8  004137d0 f   libvcruntime:exsup4.obj
 0001:000127f0       @_EH4_GlobalUnwind2@8      004137f0 f   libvcruntime:exsup4.obj
 0001:00012810       @_EH4_LocalUnwind@16       00413810 f   libvcruntime:exsup4.obj
 0001:00012827       ___except_validate_context_record 00413827 f   libvcruntime:jbcxrval.obj
 0001:00012857       ___vcrt_freefls@4          00413857 f   libvcruntime:per_thread_data.obj
 0001:00012873       ___vcrt_getptd             00413873 f   libvcruntime:per_thread_data.obj
 0001:00012881       ___vcrt_getptd_noexit      00413881 f   libvcruntime:per_thread_data.obj
 0001:00012913       ___vcrt_initialize_ptd     00413913 f   libvcruntime:per_thread_data.obj
 0001:00012946       ___vcrt_uninitialize_ptd   00413946 f   libvcruntime:per_thread_data.obj
 0001:00012961       ___vcrt_initialize_locks   00413961 f   libvcruntime:locks.obj
 0001:0001299d       ___vcrt_uninitialize_locks 0041399d f   libvcruntime:locks.obj
 0001:000129d0       __NLG_Notify1              004139d0 f   libvcruntime:exsup.obj
 0001:000129e0       __NLG_Notify               004139e0 f   libvcruntime:exsup.obj
 0001:000129f7       __NLG_Dispatch             004139f7     libvcruntime:exsup.obj
 0001:000129f7       __NLG_Dispatch2            004139f7     libvcruntime:exsup.obj
 0001:00012a00       __NLG_Call                 00413a00 f   libvcruntime:exsup.obj
 0001:00012a02       __NLG_Return2              00413a02     libvcruntime:exsup.obj
 0001:00012aee       ___vcrt_FlsAlloc           00413aee f   libvcruntime:winapi_downlevel.obj
 0001:00012b29       ___vcrt_FlsFree            00413b29 f   libvcruntime:winapi_downlevel.obj
 0001:00012b64       ___vcrt_FlsGetValue        00413b64 f   libvcruntime:winapi_downlevel.obj
 0001:00012b9f       ___vcrt_FlsSetValue        00413b9f f   libvcruntime:winapi_downlevel.obj
 0001:00012bdd       ___vcrt_InitializeCriticalSectionEx 00413bdd f   libvcruntime:winapi_downlevel.obj
 0001:00012c24       ?GetRangeOfTrysToCheck@__FrameHandler3@@SA?AU?$pair@Viterator@TryBlockMap@__FrameHandler3@@V123@@std@@AAVTryBlockMap@1@HPAXPBU_s_FuncInfo@@H@Z 00413c24 f   libvcruntime:trnsctrl.obj
 0001:00012c93       ?_CallCatchBlock2@@YAPAXPAUEHRegistrationNode@@PBU_s_FuncInfo@@PAXHK@Z 00413c93 f   libvcruntime:trnsctrl.obj
 0001:00012cf0       ?_CallSETranslator@@YAHPAUEHExceptionRecord@@PAUEHRegistrationNode@@PAX2PBU_s_FuncInfo@@H1@Z 00413cf0 f   libvcruntime:trnsctrl.obj
 0001:00012de0       ?_JumpToContinuation@@YGXPAXPAUEHRegistrationNode@@@Z 00413de0 f   libvcruntime:trnsctrl.obj
 0001:00012e10       ?_UnwindNestedFrames@@YGXPAUEHRegistrationNode@@PAUEHExceptionRecord@@@Z 00413e10 f   libvcruntime:trnsctrl.obj
 0001:00012e64       __CatchGuardHandler        00413e64 f   libvcruntime:trnsctrl.obj
 0001:00012e95       __CreateFrameInfo          00413e95 f   libvcruntime:trnsctrl.obj
 0001:00012eb9       __FindAndUnlinkFrame       00413eb9 f   libvcruntime:trnsctrl.obj
 0001:00012f01       __TranslatorGuardHandler   00413f01 f   libvcruntime:trnsctrl.obj
 0001:00012fa0       ___CxxFrameHandler3        00413fa0 f   libvcruntime:trnsctrl.obj
 0001:00013708       ??$TypeMatchHelper@V__FrameHandler3@@@@YAHPBU_s_HandlerType@@PBU_s_CatchableType@@PBU_s_ThrowInfo@@@Z 00414708 f i libvcruntime:frame.obj
 0001:00013796       ??$__InternalCxxFrameHandler@V__FrameHandler3@@@@YA?AW4_EXCEPTION_DISPOSITION@@PAUEHExceptionRecord@@PAUEHRegistrationNode@@PAU_CONTEXT@@PAXPBU_s_FuncInfo@@H1E@Z 00414796 f i libvcruntime:frame.obj
 0001:00013898       ??$__InternalCxxFrameHandlerWrapper@V__FrameHandler3@@@@YA?AW4_EXCEPTION_DISPOSITION@@PAUEHExceptionRecord@@PAUEHRegistrationNode@@PAU_CONTEXT@@PAXPBU_s_FuncInfo@@H1E@Z 00414898 f i libvcruntime:frame.obj
 0001:000138a1       ??0bad_exception@std@@QAE@ABV01@@Z 004148a1 f i libvcruntime:frame.obj
 0001:000138bc       ??0bad_exception@std@@QAE@XZ 004148bc f i libvcruntime:frame.obj
 0001:000138d4       ??8type_info@@QBE_NABV0@@Z 004148d4 f i libvcruntime:frame.obj
 0001:00013b4b       ?FrameUnwindToEmptyState@__FrameHandler3@@SAXPAUEHRegistrationNode@@PAXPBU_s_FuncInfo@@@Z 00414b4b f   libvcruntime:frame.obj
 0001:00013b63       ?FrameUnwindToState@__FrameHandler3@@SAXPAUEHRegistrationNode@@PAXPBU_s_FuncInfo@@H@Z 00414b63 f   libvcruntime:frame.obj
 0001:00013ce5       ?_CallMemberFunction1@@YGXQAX00@Z 00414ce5 f i libvcruntime:frame.obj
 0001:00013cf5       ?_CallMemberFunction2@@YGXQAX00H@Z 00414cf5 f i libvcruntime:frame.obj
 0001:00013d08       ?getESTypes@__FrameHandler3@@SAPBU_s_ESTypeList@@PBU_s_FuncInfo@@@Z 00414d08 f i libvcruntime:frame.obj
 0001:00013d20       __CallSettingFrame@12      00414d20 f   libvcruntime:lowhelpr.obj
 0001:00013d47       __NLG_Return               00414d47     libvcruntime:lowhelpr.obj
 0001:00013d6c       _unexpected                00414d6c f   libvcruntime:unexpected.obj
 0001:00013d89       ?GetCurrentState@__FrameHandler3@@SAHPAUEHRegistrationNode@@PAXPBU_s_FuncInfo@@@Z 00414d89 f   libvcruntime:ehstate.obj
 0001:00013da6       ?SetState@__FrameHandler3@@SAXPAUEHRegistrationNode@@PBU_s_FuncInfo@@H@Z 00414da6 f   libvcruntime:ehstate.obj
 0001:00013e0d       ??$__crt_fast_decode_pointer@P6AHI@Z@@YAP6AHI@ZQ6AHI@Z@Z 00414e0d f i libucrt:new_handler.obj
 0001:00013e0d       ??$__crt_fast_decode_pointer@P6AXH@Z@@YAP6AXH@ZQ6AXH@Z@Z 00414e0d f i libucrt:signal.obj
 0001:00013e0d       ??$__crt_fast_decode_pointer@P6GXPAXK0@Z@@YAP6GXPAXK0@ZQ6GX0K0@Z@Z 00414e0d f i libucrt:exit.obj
 0001:00013e28       ??$__crt_fast_encode_pointer@P6AHPAU_exception@@@Z@@YAP6AHPAU_exception@@@ZQ6AH0@Z@Z 00414e28 f i libucrt:matherr.obj
 0001:00013e28       ??$__crt_fast_encode_pointer@P6AHXZ@@YAP6AHXZQ6AHXZ@Z 00414e28 f i libucrt:onexit.obj
 0001:00013e28       ??$__crt_fast_encode_pointer@P6AXH@Z@@YAP6AXH@ZQ6AXH@Z@Z 00414e28 f i libucrt:signal.obj
 0001:00013e28       ??$__crt_fast_encode_pointer@P6GHPA_WKJ@Z@@YAP6GHPA_WKJ@ZQ6GH0KJ@Z@Z 00414e28 f i libucrt:winapi_thunks.obj
 0001:00013e28       ??$__crt_fast_encode_pointer@P6GXPAXK0@Z@@YAP6GXPAXK0@ZQ6GX0K0@Z@Z 00414e28 f i libucrt:exit.obj
 0001:00013e28       ??$__crt_fast_encode_pointer@PAP6AXXZ@@YAPAP6AXXZQAP6AXXZ@Z 00414e28 f i libucrt:onexit.obj
 0001:00013e28       ??$__crt_fast_encode_pointer@PAX@@YAPAXQAX@Z 00414e28 f i libucrt:initialization.obj
 0001:00014092       ___acrt_initialize_thread_local_exit_callback 00415092 f   libucrt:exit.obj
 0001:000140a1       __c_exit                   004150a1 f   libucrt:exit.obj
 0001:000140b0       __cexit                    004150b0 f   libucrt:exit.obj
 0001:000140bf       __exit                     004150bf f   libucrt:exit.obj
 0001:000140d5       __register_thread_local_exe_atexit_callback 004150d5 f   libucrt:exit.obj
 0001:000140fb       _exit                      004150fb f   libucrt:exit.obj
 0001:00014366       _setlocale                 00415366 f   libucrt:setlocale.obj
 0001:0001439e       ___acrt_locale_get_ctype_array_value 0041539e f i libucrt:_ctype.obj
 0001:000143c0       _isalnum                   004153c0 f   libucrt:_ctype.obj
 0001:00014450       _isalpha                   00415450 f   libucrt:_ctype.obj
 0001:000144e0       _isdigit                   004154e0 f   libucrt:_ctype.obj
 0001:00014570       _islower                   00415570 f   libucrt:_ctype.obj
 0001:00014600       _isprint                   00415600 f   libucrt:_ctype.obj
 0001:00014690       _isspace                   00415690 f   libucrt:_ctype.obj
 0001:00014720       _isupper                   00415720 f   libucrt:_ctype.obj
 0001:000147a4       ??0_LocaleUpdate@@QAE@QAU__crt_locale_pointers@@@Z 004157a4 f i libucrt:tolower_toupper.obj
 0001:00014826       __tolower_l                00415826 f   libucrt:tolower_toupper.obj
 0001:00014924       __toupper_l                00415924 f   libucrt:tolower_toupper.obj
 0001:00014a22       _tolower                   00415a22 f   libucrt:tolower_toupper.obj
 0001:00014a52       _toupper                   00415a52 f   libucrt:tolower_toupper.obj
 0001:00014b39       _fopen                     00415b39 f   libucrt:fopen.obj
 0001:00014b50       ___acrt_initialize_stdio   00415b50 f   libucrt:_file.obj
 0001:00014c18       ___acrt_iob_func           00415c18 f   libucrt:_file.obj
 0001:00014c28       ___acrt_uninitialize_stdio 00415c28 f   libucrt:_file.obj
 0001:00014c74       __lock_file                00415c74 f   libucrt:_file.obj
 0001:00014c88       __unlock_file              00415c88 f   libucrt:_file.obj
 0001:00014c9c       ??0__crt_cached_ptd_host@@QAE@QAU__crt_locale_pointers@@@Z 00415c9c f i libucrt:fclose.obj
 0001:00014ce4       ??1__crt_cached_ptd_host@@QAE@XZ 00415ce4 f i libucrt:fclose.obj
 0001:00014e45       ?force_synchronize_per_thread_data@__crt_cached_ptd_host@@AAEPAU__acrt_ptd@@XZ 00415e45 f i libucrt:fclose.obj
 0001:00014e8b       ?get_raw_ptd@__crt_cached_ptd_host@@QAEPAU__acrt_ptd@@XZ 00415e8b f i libucrt:fclose.obj
 0001:00014ea8       _fclose                    00415ea8 f   libucrt:fclose.obj
 0001:00014ed8       ??$__acrt_convert_wcs_mbs_cp@D_WV<lambda_62f6974d9771e494a5ea317cc32e971c>@@U__crt_win32_buffer_internal_dynamic_resizing@@@@YAHQBDAAV?$__crt_win32_buffer@_WU__crt_win32_buffer_internal_dynamic_resizing@@@@ABV<lambda_62f6974d9771e494a5ea317cc32e971c>@@I@Z 00415ed8 f i libucrt:unlink.obj
 0001:00014f8a       ??$__acrt_mbs_to_wcs_cp@U__crt_win32_buffer_internal_dynamic_resizing@@@@YAHQBDAAV?$__crt_win32_buffer@_WU__crt_win32_buffer_internal_dynamic_resizing@@@@I@Z 00415f8a f i libucrt:unlink.obj
 0001:00014fa7       ?__acrt_get_utf8_acp_compatibility_codepage@@YAIXZ 00415fa7 f i libucrt:unlink.obj
 0001:00014fe6       ?_deallocate@?$__crt_win32_buffer@DU__crt_win32_buffer_internal_dynamic_resizing@@@@AAEXXZ 00415fe6 f i libucrt:argv_wildcards.obj
 0001:00014fe6       ?_deallocate@?$__crt_win32_buffer@_WU__crt_win32_buffer_internal_dynamic_resizing@@@@AAEXXZ 00415fe6 f i libucrt:unlink.obj
 0001:00015000       ?allocate@?$__crt_win32_buffer@_WU__crt_win32_buffer_internal_dynamic_resizing@@@@QAEHI@Z 00416000 f i libucrt:unlink.obj
 0001:0001503f       ?allocate@__crt_win32_buffer_internal_dynamic_resizing@@SAHQAPAXIABV__crt_win32_buffer_empty_debug_info@@@Z 0041603f f i libucrt:unlink.obj
 0001:0001505e       _remove                    0041605e f   libucrt:unlink.obj
 0001:000150d0       _strcspn                   004160d0 f   libucrt:strcspn.obj
 0001:000152f2       _puts                      004162f2 f   libucrt:puts.obj
 0001:000154f1       ??$count@D@formatting_buffer@__crt_stdio_output@@QBEIXZ 004164f1 f i libucrt:output.obj
 0001:00015509       ??$ensure_buffer_is_big_enough@D@formatting_buffer@__crt_stdio_output@@QAE_NIAAV__crt_cached_ptd_host@@@Z 00416509 f i libucrt:output.obj
 0001:0001558a       ??$is_overflow_condition@K@__crt_strtox@@YA_NIK@Z 0041658a f i libucrt:output.obj
 0001:000155be       ??$is_wide_character_specifier@D@__crt_stdio_output@@YA_N_KDW4length_modifier@0@@Z 004165be f i libucrt:output.obj
 0001:000155ef       ??$make_c_string_character_source@DPAPAD@__crt_strtox@@YA?AV?$c_string_character_source@D@0@QBDQAPAD@Z 004165ef f i libucrt:output.obj
 0001:000155ef       ??$make_c_string_character_source@_WPAPA_W@__crt_strtox@@YA?AV?$c_string_character_source@_W@0@QB_WQAPA_W@Z 004165ef f i libucrt:output.obj
 0001:0001560a       ??$parse_integer@KV?$c_string_character_source@D@__crt_strtox@@$0A@@__crt_strtox@@YAKAAV__crt_cached_ptd_host@@V?$c_string_character_source@D@0@H_N@Z 0041660a f i libucrt:output.obj
 0001:00015819       ??$scratch_data@D@formatting_buffer@__crt_stdio_output@@QAEPADXZ 00416819 f i libucrt:output.obj
 0001:00015837       ??$type_case_integer@$07@?$output_processor@DV?$stream_output_adapter@D@__crt_stdio_output@@V?$standard_base@DV?$stream_output_adapter@D@__crt_stdio_output@@@2@@__crt_stdio_output@@AAE_N_N@Z 00416837 f i libucrt:output.obj
 0001:00015837       ??$type_case_integer@$07@?$output_processor@DV?$string_output_adapter@D@__crt_stdio_output@@V?$standard_base@DV?$string_output_adapter@D@__crt_stdio_output@@@2@@__crt_stdio_output@@AAE_N_N@Z 00416837 f i libucrt:output.obj
 0001:000159c4       ??$type_case_integer@$09@?$output_processor@DV?$stream_output_adapter@D@__crt_stdio_output@@V?$standard_base@DV?$stream_output_adapter@D@__crt_stdio_output@@@2@@__crt_stdio_output@@AAE_N_N@Z 004169c4 f i libucrt:output.obj
 0001:000159c4       ??$type_case_integer@$09@?$output_processor@DV?$string_output_adapter@D@__crt_stdio_output@@V?$standard_base@DV?$string_output_adapter@D@__crt_stdio_output@@@2@@__crt_stdio_output@@AAE_N_N@Z 004169c4 f i libucrt:output.obj
 0001:00015b51       ??$type_case_integer@$0BA@@?$output_processor@DV?$stream_output_adapter@D@__crt_stdio_output@@V?$standard_base@DV?$stream_output_adapter@D@__crt_stdio_output@@@2@@__crt_stdio_output@@AAE_N_N@Z 00416b51 f i libucrt:output.obj
 0001:00015b51       ??$type_case_integer@$0BA@@?$output_processor@DV?$string_output_adapter@D@__crt_stdio_output@@V?$standard_base@DV?$string_output_adapter@D@__crt_stdio_output@@@2@@__crt_stdio_output@@AAE_N_N@Z 00416b51 f i libucrt:output.obj
 0001:00015cde       ??$type_case_integer_parse_into_buffer@I$07@?$output_processor@DV?$stream_output_adapter@D@__crt_stdio_output@@V?$standard_base@DV?$stream_output_adapter@D@__crt_stdio_output@@@2@@__crt_stdio_output@@AAEXI_N@Z 00416cde f i libucrt:output.obj
 0001:00015cde       ??$type_case_integer_parse_into_buffer@I$07@?$output_processor@DV?$string_output_adapter@D@__crt_stdio_output@@V?$standard_base@DV?$string_output_adapter@D@__crt_stdio_output@@@2@@__crt_stdio_output@@AAEXI_N@Z 00416cde f i libucrt:output.obj
 0001:00015d41       ??$type_case_integer_parse_into_buffer@I$09@?$output_processor@DV?$stream_output_adapter@D@__crt_stdio_output@@V?$standard_base@DV?$stream_output_adapter@D@__crt_stdio_output@@@2@@__crt_stdio_output@@AAEXI_N@Z 00416d41 f i libucrt:output.obj
 0001:00015d41       ??$type_case_integer_parse_into_buffer@I$09@?$output_processor@DV?$string_output_adapter@D@__crt_stdio_output@@V?$standard_base@DV?$string_output_adapter@D@__crt_stdio_output@@@2@@__crt_stdio_output@@AAEXI_N@Z 00416d41 f i libucrt:output.obj
 0001:00015dc8       ??$type_case_integer_parse_into_buffer@I$0BA@@?$output_processor@DV?$stream_output_adapter@D@__crt_stdio_output@@V?$standard_base@DV?$stream_output_adapter@D@__crt_stdio_output@@@2@@__crt_stdio_output@@AAEXI_N@Z 00416dc8 f i libucrt:output.obj
 0001:00015dc8       ??$type_case_integer_parse_into_buffer@I$0BA@@?$output_processor@DV?$string_output_adapter@D@__crt_stdio_output@@V?$standard_base@DV?$string_output_adapter@D@__crt_stdio_output@@@2@@__crt_stdio_output@@AAEXI_N@Z 00416dc8 f i libucrt:output.obj
 0001:00015e45       ??$type_case_integer_parse_into_buffer@_K$07@?$output_processor@DV?$stream_output_adapter@D@__crt_stdio_output@@V?$standard_base@DV?$stream_output_adapter@D@__crt_stdio_output@@@2@@__crt_stdio_output@@AAEX_K_N@Z 00416e45 f i libucrt:output.obj
 0001:00015e45       ??$type_case_integer_parse_into_buffer@_K$07@?$output_processor@DV?$string_output_adapter@D@__crt_stdio_output@@V?$standard_base@DV?$string_output_adapter@D@__crt_stdio_output@@@2@@__crt_stdio_output@@AAEX_K_N@Z 00416e45 f i libucrt:output.obj
 0001:00015ebd       ??$type_case_integer_parse_into_buffer@_K$09@?$output_processor@DV?$stream_output_adapter@D@__crt_stdio_output@@V?$standard_base@DV?$stream_output_adapter@D@__crt_stdio_output@@@2@@__crt_stdio_output@@AAEX_K_N@Z 00416ebd f i libucrt:output.obj
 0001:00015ebd       ??$type_case_integer_parse_into_buffer@_K$09@?$output_processor@DV?$string_output_adapter@D@__crt_stdio_output@@V?$standard_base@DV?$string_output_adapter@D@__crt_stdio_output@@@2@@__crt_stdio_output@@AAEX_K_N@Z 00416ebd f i libucrt:output.obj
 0001:00015f64       ??$type_case_integer_parse_into_buffer@_K$0BA@@?$output_processor@DV?$stream_output_adapter@D@__crt_stdio_output@@V?$standard_base@DV?$stream_output_adapter@D@__crt_stdio_output@@@2@@__crt_stdio_output@@AAEX_K_N@Z 00416f64 f i libucrt:output.obj
 0001:00015f64       ??$type_case_integer_parse_into_buffer@_K$0BA@@?$output_processor@DV?$string_output_adapter@D@__crt_stdio_output@@V?$standard_base@DV?$string_output_adapter@D@__crt_stdio_output@@@2@@__crt_stdio_output@@AAEX_K_N@Z 00416f64 f i libucrt:output.obj
 0001:00015fee       ??0?$output_adapter_data@DV?$stream_output_adapter@D@__crt_stdio_output@@@__crt_stdio_output@@IAE@ABV?$stream_output_adapter@D@1@_KQBDAAV__crt_cached_ptd_host@@QAD@Z 00416fee f i libucrt:output.obj
 0001:00015fee       ??0?$output_adapter_data@DV?$string_output_adapter@D@__crt_stdio_output@@@__crt_stdio_output@@IAE@ABV?$string_output_adapter@D@1@_KQBDAAV__crt_cached_ptd_host@@QAD@Z 00416fee f i libucrt:output.obj
 0001:00016055       ??1formatting_buffer@__crt_stdio_output@@QAE@XZ 00417055 f i libucrt:output.obj
 0001:0001606f       ??4?$__crt_unique_heap_ptr@DU__crt_internal_free_policy@@@@QAEAAV0@$$QAV0@@Z 0041706f f i libucrt:output.obj
 0001:0001612f       ?crop_zeroes@__crt_stdio_output@@YAXPADQAU__crt_locale_pointers@@@Z 0041712f f i libucrt:output.obj
 0001:0001618f       ?find_next_state@?$output_processor@DV?$stream_output_adapter@D@__crt_stdio_output@@V?$standard_base@DV?$stream_output_adapter@D@__crt_stdio_output@@@2@@__crt_stdio_output@@ABE?AW4state@2@DW432@@Z 0041718f f i libucrt:output.obj
 0001:0001618f       ?find_next_state@?$output_processor@DV?$string_output_adapter@D@__crt_stdio_output@@V?$standard_base@DV?$string_output_adapter@D@__crt_stdio_output@@@2@@__crt_stdio_output@@ABE?AW4state@2@DW432@@Z 0041718f f i libucrt:output.obj
 0001:000161ca       ?force_decimal_point@__crt_stdio_output@@YAXPADQAU__crt_locale_pointers@@@Z 004171ca f i libucrt:output.obj
 0001:00016226       ?parse_int_from_format_string@?$output_processor@DV?$stream_output_adapter@D@__crt_stdio_output@@V?$standard_base@DV?$stream_output_adapter@D@__crt_stdio_output@@@2@@__crt_stdio_output@@AAE_NQAH@Z 00417226 f i libucrt:output.obj
 0001:00016226       ?parse_int_from_format_string@?$output_processor@DV?$string_output_adapter@D@__crt_stdio_output@@V?$standard_base@DV?$string_output_adapter@D@__crt_stdio_output@@@2@@__crt_stdio_output@@AAE_NQAH@Z 00417226 f i libucrt:output.obj
 0001:0001629e       ?process@?$output_processor@DV?$stream_output_adapter@D@__crt_stdio_output@@V?$standard_base@DV?$stream_output_adapter@D@__crt_stdio_output@@@2@@__crt_stdio_output@@QAEHXZ 0041729e f i libucrt:output.obj
 0001:0001654e       ?process@?$output_processor@DV?$string_output_adapter@D@__crt_stdio_output@@V?$standard_base@DV?$string_output_adapter@D@__crt_stdio_output@@@2@@__crt_stdio_output@@QAEHXZ 0041754e f i libucrt:output.obj
 0001:00016822       ?state_case_size@?$output_processor@DV?$stream_output_adapter@D@__crt_stdio_output@@V?$standard_base@DV?$stream_output_adapter@D@__crt_stdio_output@@@2@@__crt_stdio_output@@AAE_NXZ 00417822 f i libucrt:output.obj
 0001:0001697b       ?state_case_size@?$output_processor@DV?$string_output_adapter@D@__crt_stdio_output@@V?$standard_base@DV?$string_output_adapter@D@__crt_stdio_output@@@2@@__crt_stdio_output@@AAE_NXZ 0041797b f i libucrt:output.obj
 0001:00016ad4       ?state_case_type@?$output_processor@DV?$stream_output_adapter@D@__crt_stdio_output@@V?$standard_base@DV?$stream_output_adapter@D@__crt_stdio_output@@@2@@__crt_stdio_output@@AAE_NXZ 00417ad4 f i libucrt:output.obj
 0001:00016e16       ?state_case_type@?$output_processor@DV?$string_output_adapter@D@__crt_stdio_output@@V?$standard_base@DV?$string_output_adapter@D@__crt_stdio_output@@@2@@__crt_stdio_output@@AAE_NXZ 00417e16 f i libucrt:output.obj
 0001:00017175       ?to_integer_size@__crt_stdio_output@@YAIW4length_modifier@1@@Z 00418175 f i libucrt:output.obj
 0001:000171c9       ?type_case_Z@?$output_processor@DV?$stream_output_adapter@D@__crt_stdio_output@@V?$standard_base@DV?$stream_output_adapter@D@__crt_stdio_output@@@2@@__crt_stdio_output@@AAE_NXZ 004181c9 f i libucrt:output.obj
 0001:000171c9       ?type_case_Z@?$output_processor@DV?$string_output_adapter@D@__crt_stdio_output@@V?$standard_base@DV?$string_output_adapter@D@__crt_stdio_output@@@2@@__crt_stdio_output@@AAE_NXZ 004181c9 f i libucrt:output.obj
 0001:0001722c       ?type_case_a@?$output_processor@DV?$stream_output_adapter@D@__crt_stdio_output@@V?$standard_base@DV?$stream_output_adapter@D@__crt_stdio_output@@@2@@__crt_stdio_output@@AAE_NXZ 0041822c f i libucrt:output.obj
 0001:0001722c       ?type_case_a@?$output_processor@DV?$string_output_adapter@D@__crt_stdio_output@@V?$standard_base@DV?$string_output_adapter@D@__crt_stdio_output@@@2@@__crt_stdio_output@@AAE_NXZ 0041822c f i libucrt:output.obj
 0001:000173bd       ?type_case_c_tchar@?$output_processor@DV?$stream_output_adapter@D@__crt_stdio_output@@V?$standard_base@DV?$stream_output_adapter@D@__crt_stdio_output@@@2@@__crt_stdio_output@@AAE_ND@Z 004183bd f i libucrt:output.obj
 0001:000173bd       ?type_case_c_tchar@?$output_processor@DV?$string_output_adapter@D@__crt_stdio_output@@V?$standard_base@DV?$string_output_adapter@D@__crt_stdio_output@@@2@@__crt_stdio_output@@AAE_ND@Z 004183bd f i libucrt:output.obj
 0001:00017452       ?type_case_n@?$output_processor@DV?$stream_output_adapter@D@__crt_stdio_output@@V?$standard_base@DV?$stream_output_adapter@D@__crt_stdio_output@@@2@@__crt_stdio_output@@AAE_NXZ 00418452 f i libucrt:output.obj
 0001:00017452       ?type_case_n@?$output_processor@DV?$string_output_adapter@D@__crt_stdio_output@@V?$standard_base@DV?$string_output_adapter@D@__crt_stdio_output@@@2@@__crt_stdio_output@@AAE_NXZ 00418452 f i libucrt:output.obj
 0001:000174d7       ?type_case_o@?$output_processor@DV?$stream_output_adapter@D@__crt_stdio_output@@V?$standard_base@DV?$stream_output_adapter@D@__crt_stdio_output@@@2@@__crt_stdio_output@@AAE_NXZ 004184d7 f i libucrt:output.obj
 0001:000174d7       ?type_case_o@?$output_processor@DV?$string_output_adapter@D@__crt_stdio_output@@V?$standard_base@DV?$string_output_adapter@D@__crt_stdio_output@@@2@@__crt_stdio_output@@AAE_NXZ 004184d7 f i libucrt:output.obj
 0001:000174f4       ?type_case_p@?$output_processor@DV?$stream_output_adapter@D@__crt_stdio_output@@V?$standard_base@DV?$stream_output_adapter@D@__crt_stdio_output@@@2@@__crt_stdio_output@@AAE_NXZ 004184f4 f i libucrt:output.obj
 0001:000174f4       ?type_case_p@?$output_processor@DV?$string_output_adapter@D@__crt_stdio_output@@V?$standard_base@DV?$string_output_adapter@D@__crt_stdio_output@@@2@@__crt_stdio_output@@AAE_NXZ 004184f4 f i libucrt:output.obj
 0001:0001750a       ?type_case_s@?$output_processor@DV?$stream_output_adapter@D@__crt_stdio_output@@V?$standard_base@DV?$stream_output_adapter@D@__crt_stdio_output@@@2@@__crt_stdio_output@@AAE_NXZ 0041850a f i libucrt:output.obj
 0001:0001750a       ?type_case_s@?$output_processor@DV?$string_output_adapter@D@__crt_stdio_output@@V?$standard_base@DV?$string_output_adapter@D@__crt_stdio_output@@@2@@__crt_stdio_output@@AAE_NXZ 0041850a f i libucrt:output.obj
 0001:0001757c       ?unget@?$c_string_character_source@D@__crt_strtox@@QAEXD@Z 0041857c f i libucrt:output.obj
 0001:000175a5       ?unget@?$c_string_character_source@_W@__crt_strtox@@QAEX_W@Z 004185a5 f i libucrt:output.obj
 0001:000175e0       ?update_locale_slow@__crt_cached_ptd_host@@AAEXXZ 004185e0 f i libucrt:output.obj
 0001:0001763b       ?validate@?$c_string_character_source@D@__crt_strtox@@QBE_NXZ 0041863b f i libucrt:output.obj
 0001:0001763b       ?validate@?$c_string_character_source@_W@__crt_strtox@@QBE_NXZ 0041863b f i libucrt:output.obj
 0001:00017656       ?validate@?$stream_output_adapter@D@__crt_stdio_output@@QBE_NAAV__crt_cached_ptd_host@@@Z 00418656 f i libucrt:output.obj
 0001:0001768e       ?validate@?$string_output_adapter@D@__crt_stdio_output@@QBE_NAAV__crt_cached_ptd_host@@@Z 0041868e f i libucrt:output.obj
 0001:000176bf       ?validate_stream_is_ansi_if_required@?$__acrt_stdio_char_traits@D@@SA_NQAU_iobuf@@@Z 004186bf f i libucrt:output.obj
 0001:00017746       ?write_character@?$output_adapter_common@DV?$stream_output_adapter@D@__crt_stdio_output@@@__crt_stdio_output@@QBEXDQAHAAV__crt_cached_ptd_host@@@Z 00418746 f i libucrt:output.obj
 0001:00017768       ?write_character_without_count_update@?$stream_output_adapter@D@__crt_stdio_output@@QBE_NDAAV__crt_cached_ptd_host@@@Z 00418768 f i libucrt:output.obj
 0001:000177a2       ?write_string@?$stream_output_adapter@D@__crt_stdio_output@@QBEXQBDHQAHAAV__crt_cached_ptd_host@@@Z 004187a2 f i libucrt:output.obj
 0001:000177ce       ?write_string@?$string_output_adapter@D@__crt_stdio_output@@QBEXQBDHQAHAAV__crt_cached_ptd_host@@@Z 004187ce f i libucrt:output.obj
 0001:00017835       ?write_string_impl@?$output_adapter_common@DV?$stream_output_adapter@D@__crt_stdio_output@@@__crt_stdio_output@@IBEXQBDHQAHAAV__crt_cached_ptd_host@@@Z 00418835 f i libucrt:output.obj
 0001:000178b4       ___stdio_common_vfprintf   004188b4 f   libucrt:output.obj
 0001:00017958       ___stdio_common_vsprintf   00418958 f   libucrt:output.obj
 0001:000179a0       _qsort                     004189a0 f   libucrt:qsort.obj
 0001:00017e90       _strncpy                   00418e90 f   libucrt:strncpy.obj
 0001:00017fc0       _strncmp                   00418fc0 f   libucrt:strncmp.obj
 0001:000180df       __fwrite_internal          004190df f   libucrt:fwrite.obj
 0001:00018156       __fwrite_nolock_internal   00419156 f   libucrt:fwrite.obj
 0001:000182fd       _fwrite                    004192fd f   libucrt:fwrite.obj
 0001:00018337       _bsearch                   00419337 f   libucrt:bsearch.obj
 0001:000183fa       ??$is_overflow_condition@_K@__crt_strtox@@YA_NI_K@Z 004193fa f i libucrt:strtox.obj
 0001:0001843b       ??$parse_integer@KV?$c_string_character_source@D@__crt_strtox@@$00@__crt_strtox@@YAKAAV__crt_cached_ptd_host@@V?$c_string_character_source@D@0@H_N@Z 0041943b f i libucrt:strtox.obj
 0001:00018682       ??$parse_integer@KV?$c_string_character_source@_W@__crt_strtox@@$00@__crt_strtox@@YAKAAV__crt_cached_ptd_host@@V?$c_string_character_source@_W@0@H_N@Z 00419682 f i libucrt:strtox.obj
 0001:00018c90       ??$parse_integer@_KV?$c_string_character_source@D@__crt_strtox@@$00@__crt_strtox@@YA_KAAV__crt_cached_ptd_host@@V?$c_string_character_source@D@0@H_N@Z 00419c90 f i libucrt:strtox.obj
 0001:00018f58       __ischartype_l             00419f58 f i libucrt:strtox.obj
 0001:00018faf       _strtol                    00419faf f   libucrt:strtox.obj
 0001:00018ff5       _strtoul                   00419ff5 f   libucrt:strtox.obj
 0001:0001903b       _strtoull                  0041a03b f   libucrt:strtox.obj
 0001:00019087       _wcstol                    0041a087 f   libucrt:strtox.obj
 0001:000190cd       ___ascii_stricmp           0041a0cd f   libucrt:stricmp.obj
 0001:00019106       __stricmp                  0041a106 f   libucrt:stricmp.obj
 0001:0001914f       __stricmp_l                0041a14f f   libucrt:stricmp.obj
 0001:000191df       __time64                   0041a1df f   libucrt:time.obj
 0001:00019247       __wtol                     0041a247 f   libucrt:atox.obj
 0001:00019286       _atoi                      0041a286 f   libucrt:atox.obj
 0001:000192c5       _frexp                     0041a2c5 f   libucrt:frexp.obj
 0001:000193c0       _strspn                    0041a3c0 f   libucrt:strspn.obj
 0001:00019406       ??$assemble_floating_point_snan@N@__crt_strtox@@YAX_NAAN@Z 0041a406 f i libucrt:input.obj
 0001:00019427       ??$assemble_floating_point_value_t@M@__crt_strtox@@YA?AW4SLD_STATUS@@_NH_KAAM@Z 0041a427 f i libucrt:input.obj
 0001:00019457       ??$assemble_floating_point_value_t@N@__crt_strtox@@YA?AW4SLD_STATUS@@_NH_KAAN@Z 0041a457 f i libucrt:input.obj
 0001:0001954d       ??$convert_decimal_string_to_floating_type@M@__crt_strtox@@YA?AW4SLD_STATUS@@ABUfloating_point_string@0@AAM@Z 0041a54d f i libucrt:input.obj
 0001:0001956e       ??$convert_decimal_string_to_floating_type@N@__crt_strtox@@YA?AW4SLD_STATUS@@ABUfloating_point_string@0@AAN@Z 0041a56e f i libucrt:input.obj
 0001:0001958f       ??$convert_hexadecimal_string_to_floating_type@M@__crt_strtox@@YA?AW4SLD_STATUS@@ABUfloating_point_string@0@AAM@Z 0041a58f f i libucrt:input.obj
 0001:000195b0       ??$convert_hexadecimal_string_to_floating_type@N@__crt_strtox@@YA?AW4SLD_STATUS@@ABUfloating_point_string@0@AAN@Z 0041a5b0 f i libucrt:input.obj
 0001:000195d1       ??$make_input_adapter_character_source@V?$string_input_adapter@D@__crt_stdio_input@@@__crt_strtox@@YA?AV?$input_adapter_character_source@V?$string_input_adapter@D@__crt_stdio_input@@@0@QAV?$string_input_adapter@D@__crt_stdio_input@@_KQA_N@Z 0041a5d1 f i libucrt:input.obj
 0001:000195ef       ??$parse_floating_point@V?$input_adapter_character_source@V?$string_input_adapter@D@__crt_stdio_input@@@__crt_strtox@@M@__crt_strtox@@YA?AW4SLD_STATUS@@QAU__crt_locale_pointers@@V?$input_adapter_character_source@V?$string_input_adapter@D@__crt_stdio_input@@@0@QAM@Z 0041a5ef f i libucrt:input.obj
 0001:00019679       ??$parse_floating_point@V?$input_adapter_character_source@V?$string_input_adapter@D@__crt_stdio_input@@@__crt_strtox@@N@__crt_strtox@@YA?AW4SLD_STATUS@@QAU__crt_locale_pointers@@V?$input_adapter_character_source@V?$string_input_adapter@D@__crt_stdio_input@@@0@QAN@Z 0041a679 f i libucrt:input.obj
 0001:00019703       ??$parse_floating_point_from_source@V?$input_adapter_character_source@V?$string_input_adapter@D@__crt_stdio_input@@@__crt_strtox@@@__crt_strtox@@YA?AW4floating_point_parse_result@0@QAU__crt_locale_pointers@@AAV?$input_adapter_character_source@V?$string_input_adapter@D@__crt_stdio_input@@@0@AAUfloating_point_string@0@@Z 0041a703 f i libucrt:input.obj
 0001:00019b65       ??$parse_floating_point_possible_infinity@DV?$input_adapter_character_source@V?$string_input_adapter@D@__crt_stdio_input@@@__crt_strtox@@_K@__crt_strtox@@YA?AW4floating_point_parse_result@0@AADAAV?$input_adapter_character_source@V?$string_input_adapter@D@__crt_stdio_input@@@0@_K@Z 0041ab65 f i libucrt:input.obj
 0001:00019c24       ??$parse_floating_point_possible_nan@DV?$input_adapter_character_source@V?$string_input_adapter@D@__crt_stdio_input@@@__crt_strtox@@_K@__crt_strtox@@YA?AW4floating_point_parse_result@0@AADAAV?$input_adapter_character_source@V?$string_input_adapter@D@__crt_stdio_input@@@0@_K@Z 0041ac24 f i libucrt:input.obj
 0001:00019d2c       ??$parse_floating_point_possible_nan_is_ind@DV?$input_adapter_character_source@V?$string_input_adapter@D@__crt_stdio_input@@@__crt_strtox@@@__crt_strtox@@YA_NAADAAV?$input_adapter_character_source@V?$string_input_adapter@D@__crt_stdio_input@@@0@@Z 0041ad2c f i libucrt:input.obj
 0001:00019d66       ??$parse_floating_point_possible_nan_is_snan@DV?$input_adapter_character_source@V?$string_input_adapter@D@__crt_stdio_input@@@__crt_strtox@@@__crt_strtox@@YA_NAADAAV?$input_adapter_character_source@V?$string_input_adapter@D@__crt_stdio_input@@@0@@Z 0041ad66 f i libucrt:input.obj
 0001:00019da0       ??$parse_floating_point_write_result@M@__crt_strtox@@YA?AW4SLD_STATUS@@W4floating_point_parse_result@0@ABUfloating_point_string@0@QAM@Z 0041ada0 f i libucrt:input.obj
 0001:00019f0c       ??$parse_floating_point_write_result@N@__crt_strtox@@YA?AW4SLD_STATUS@@W4floating_point_parse_result@0@ABUfloating_point_string@0@QAN@Z 0041af0c f i libucrt:input.obj
 0001:0001a030       ??$parse_integer@_KV?$input_adapter_character_source@V?$string_input_adapter@D@__crt_stdio_input@@@__crt_strtox@@$00@__crt_strtox@@YA_KAAV__crt_cached_ptd_host@@V?$input_adapter_character_source@V?$string_input_adapter@D@__crt_stdio_input@@@0@H_N@Z 0041b030 f i libucrt:input.obj
 0001:0001a334       ??$parse_integer@_KV?$input_adapter_character_source@V?$string_input_adapter@D@__crt_stdio_input@@@__crt_strtox@@@__crt_strtox@@YA_KQAU__crt_locale_pointers@@V?$input_adapter_character_source@V?$string_input_adapter@D@__crt_stdio_input@@@0@H_N@Z 0041b334 f i libucrt:input.obj
 0001:0001a390       ??$process_floating_point_specifier_t@M@?$input_processor@DV?$string_input_adapter@D@__crt_stdio_input@@@__crt_stdio_input@@AAE_NXZ 0041b390 f i libucrt:input.obj
 0001:0001a3f9       ??$process_floating_point_specifier_t@N@?$input_processor@DV?$string_input_adapter@D@__crt_stdio_input@@@__crt_stdio_input@@AAE_NXZ 0041b3f9 f i libucrt:input.obj
 0001:0001a462       ??$process_string_specifier_tchar@D@?$input_processor@DV?$string_input_adapter@D@__crt_stdio_input@@@__crt_stdio_input@@AAE_NW4conversion_mode@1@D@Z 0041b462 f i libucrt:input.obj
 0001:0001a5c4       ??$process_string_specifier_tchar@_W@?$input_processor@DV?$string_input_adapter@D@__crt_stdio_input@@@__crt_stdio_input@@AAE_NW4conversion_mode@1@_W@Z 0041b5c4 f i libucrt:input.obj
 0001:0001a732       ??$skip_whitespace@Vstring_input_adapter@__crt_stdio_input@@D@__crt_stdio_input@@YAHAAV?$string_input_adapter@D@0@QAU__crt_locale_pointers@@@Z 0041b732 f i libucrt:input.obj
 0001:0001a761       ??$write_floating_point@M@?$input_processor@DV?$string_input_adapter@D@__crt_stdio_input@@@__crt_stdio_input@@AAE_NABM@Z 0041b761 f i libucrt:input.obj
 0001:0001a796       ??$write_floating_point@N@?$input_processor@DV?$string_input_adapter@D@__crt_stdio_input@@@__crt_stdio_input@@AAE_NABN@Z 0041b796 f i libucrt:input.obj
 0001:0001a7d1       ??0?$format_string_parser@D@__crt_stdio_input@@QAE@_KQBE@Z 0041b7d1 f i libucrt:input.obj
 0001:0001a81b       ??0?$input_adapter_character_source@V?$string_input_adapter@D@__crt_stdio_input@@@__crt_strtox@@QAE@$$QAV01@@Z 0041b81b f i libucrt:input.obj
 0001:0001a858       ??0?$input_adapter_character_source@V?$string_input_adapter@D@__crt_stdio_input@@@__crt_strtox@@QAE@QAV?$string_input_adapter@D@__crt_stdio_input@@_KQA_N@Z 0041b858 f i libucrt:input.obj
 0001:0001a889       ??0?$input_processor@DV?$string_input_adapter@D@__crt_stdio_input@@@__crt_stdio_input@@QAE@ABV?$string_input_adapter@D@1@_KQBDQAU__crt_locale_pointers@@QAD@Z 0041b889 f i libucrt:input.obj
 0001:0001a8cd       ??R<lambda_644f8ab42ed3fd1d660977a2364b3a7d>@@QBE@XZ 0041b8cd f i libucrt:input.obj
 0001:0001a8cd       ??R<lambda_f1fa4c266c18b246f3ed9c36247dab4f>@@QBE@XZ 0041b8cd f i libucrt:input.obj
 0001:0001a8cd       ??R<lambda_f765c90ab33e8386abf09c0f079d37e9>@@QBE@XZ 0041b8cd f i libucrt:input.obj
 0001:0001a8f7       ?advance@?$format_string_parser@D@__crt_stdio_input@@QAE_NXZ 0041b8f7 f i libucrt:input.obj
 0001:0001aa0f       ?as_double@floating_point_value@__crt_strtox@@QBEAANXZ 0041ba0f f i libucrt:input.obj
 0001:0001aa34       ?as_float@floating_point_value@__crt_strtox@@QBEAAMXZ 0041ba34 f i libucrt:input.obj
 0001:0001aa59       ?assemble_floating_point_infinity@__crt_strtox@@YAX_NABVfloating_point_value@1@@Z 0041ba59 f i libucrt:input.obj
 0001:0001aa99       ?assemble_floating_point_value@__crt_strtox@@YA?AW4SLD_STATUS@@_KH_N1ABVfloating_point_value@1@@Z 0041ba99 f i libucrt:input.obj
 0001:0001adf2       ?assemble_floating_point_value_from_big_integer@__crt_strtox@@YA?AW4SLD_STATUS@@ABUbig_integer@1@I_N1ABVfloating_point_value@1@@Z 0041bdf2 f i libucrt:input.obj
 0001:0001af84       ?assemble_floating_point_zero@__crt_strtox@@YAX_NABVfloating_point_value@1@@Z 0041bf84 f i libucrt:input.obj
 0001:0001afb9       ?convert_decimal_string_to_floating_type_common@__crt_strtox@@YA?AW4SLD_STATUS@@ABUfloating_point_string@1@ABVfloating_point_value@1@@Z 0041bfb9 f i libucrt:input.obj
 0001:0001cd5f       ?convert_hexadecimal_string_to_floating_type_common@__crt_strtox@@YA?AW4SLD_STATUS@@ABUfloating_point_string@1@ABVfloating_point_value@1@@Z 0041dd5f f i libucrt:input.obj
 0001:0001ce05       ?denormal_mantissa_mask@floating_point_value@__crt_strtox@@QBE_KXZ 0041de05 f i libucrt:input.obj
 0001:0001ce20       ?divide@__crt_strtox@@YA_KAAUbig_integer@1@ABU21@@Z 0041de20 f i libucrt:input.obj
 0001:0001d2cb       ?get@?$input_adapter_character_source@V?$string_input_adapter@D@__crt_stdio_input@@@__crt_strtox@@QAEDXZ 0041e2cb f i libucrt:input.obj
 0001:0001d302       ?get@?$string_input_adapter@D@__crt_stdio_input@@QAEHXZ 0041e302 f i libucrt:input.obj
 0001:0001d318       ?is_character_allowed_in_string@?$input_processor@DV?$string_input_adapter@D@__crt_stdio_input@@@__crt_stdio_input@@ABE_NW4conversion_mode@2@H@Z 0041e318 f i libucrt:input.obj
 0001:0001d368       ?length@?$format_string_parser@D@__crt_stdio_input@@QBEIXZ 0041e368 f i libucrt:input.obj
 0001:0001d3b6       ?normal_mantissa_mask@floating_point_value@__crt_strtox@@QBE_KXZ 0041e3b6 f i libucrt:input.obj
 0001:0001d3cd       ?process@?$input_processor@DV?$string_input_adapter@D@__crt_stdio_input@@@__crt_stdio_input@@QAEHXZ 0041e3cd f i libucrt:input.obj
 0001:0001d451       ?process_character_count_specifier@?$input_processor@DV?$string_input_adapter@D@__crt_stdio_input@@@__crt_stdio_input@@AAE_NXZ 0041e451 f i libucrt:input.obj
 0001:0001d469       ?process_conversion_specifier@?$input_processor@DV?$string_input_adapter@D@__crt_stdio_input@@@__crt_stdio_input@@AAE_NXZ 0041e469 f i libucrt:input.obj
 0001:0001d4dd       ?process_floating_point_specifier@?$input_processor@DV?$string_input_adapter@D@__crt_stdio_input@@@__crt_stdio_input@@AAE_NXZ 0041e4dd f i libucrt:input.obj
 0001:0001d50d       ?process_integer_specifier@?$input_processor@DV?$string_input_adapter@D@__crt_stdio_input@@@__crt_stdio_input@@AAE_NI_N@Z 0041e50d f i libucrt:input.obj
 0001:0001d572       ?process_literal_character@?$input_processor@DV?$string_input_adapter@D@__crt_stdio_input@@@__crt_stdio_input@@AAE_NXZ 0041e572 f i libucrt:input.obj
 0001:0001d5a8       ?process_literal_character_tchar@?$input_processor@DV?$string_input_adapter@D@__crt_stdio_input@@@__crt_stdio_input@@AAE_ND@Z 0041e5a8 f i libucrt:input.obj
 0001:0001d5f6       ?process_state@?$input_processor@DV?$string_input_adapter@D@__crt_stdio_input@@@__crt_stdio_input@@AAE_NXZ 0041e5f6 f i libucrt:input.obj
 0001:0001d638       ?process_string_specifier@?$input_processor@DV?$string_input_adapter@D@__crt_stdio_input@@@__crt_stdio_input@@AAE_NW4conversion_mode@2@@Z 0041e638 f i libucrt:input.obj
 0001:0001d680       ?process_whitespace@?$input_processor@DV?$string_input_adapter@D@__crt_stdio_input@@@__crt_stdio_input@@AAE_NXZ 0041e680 f i libucrt:input.obj
 0001:0001d69d       ?restore_state@?$input_adapter_character_source@V?$string_input_adapter@D@__crt_stdio_input@@@__crt_strtox@@QAE_N_K@Z 0041e69d f i libucrt:input.obj
 0001:0001d6c2       ?scan_conversion_specifier@?$format_string_parser@D@__crt_stdio_input@@AAE_NXZ 0041e6c2 f i libucrt:input.obj
 0001:0001d83e       ?scan_optional_field_width@?$format_string_parser@D@__crt_stdio_input@@AAE_NXZ 0041e83e f i libucrt:input.obj
 0001:0001d8d2       ?scan_optional_length_modifier@?$format_string_parser@D@__crt_stdio_input@@AAEXXZ 0041e8d2 f i libucrt:input.obj
[...]
 0002:0002a498       __sehtable$??$?RV<lambda_38edbb1296d33220d7e4dd0ed76b244a>@@AAV<lambda_5ce1d447e08cb34b2473517608e21441>@@V<lambda_fb385d3da700c9147fc39e65dd577a8c>@@@?$__crt_seh_guarded_call@X@@QAEX$$QAV<lambda_38edbb1296d33220d7e4dd0ed76b244a>@@AAV<lambda_5ce1d447e08cb34b2473517608e21441>@@$$QAV<lambda_fb385d3da700c9147fc39e65dd577a8c>@@@Z 0048b498     libucrt:per_thread_data.obj
 0002:0002a4b8       __sehtable$??$?RV<lambda_6affb1475c98b40b75cdec977db92e3c>@@AAV<lambda_b8d4b9c228a6ecc3f80208dbb4b4a104>@@V<lambda_608742c3c92a14382c1684fc64f96c88>@@@?$__crt_seh_guarded_call@X@@QAEX$$QAV<lambda_6affb1475c98b40b75cdec977db92e3c>@@AAV<lambda_b8d4b9c228a6ecc3f80208dbb4b4a104>@@$$QAV<lambda_608742c3c92a14382c1684fc64f96c88>@@@Z 0048b4b8     libucrt:per_thread_data.obj
 0002:0002a4d8       __sehtable$??$?RV<lambda_6b4b7855443974f2b4b77000ea21c99c>@@AAV<lambda_8f7d3b162ab39427f4fa9995c67a7986>@@V<lambda_cc9a5ba8a5d8428b9634eab82665e5dc>@@@?$__crt_seh_guarded_call@H@@QAEH$$QAV<lambda_6b4b7855443974f2b4b77000ea21c99c>@@AAV<lambda_8f7d3b162ab39427f4fa9995c67a7986>@@$$QAV<lambda_cc9a5ba8a5d8428b9634eab82665e5dc>@@@Z 0048b4d8     libucrt:winapi_thunks.obj
 0002:0002a4f8       __sehtable$?__acrt_stdio_allocate_stream@@YA?AV__crt_stdio_stream@@XZ 0048b4f8     libucrt:stream.obj
 0002:0002a518       __sehtable$__fcloseall     0048b518     libucrt:closeall.obj
 0002:0002a538       __sehtable$___acrt_initialize_lowio 0048b538     libucrt:ioinit.obj
 0002:0002a558       __sehtable$??$?RV<lambda_d422a76eb4c3bf3ad751449ab71a6ea4>@@AAV<lambda_c9ba49e555ba839a7b07aa3fbecb7617>@@V<lambda_9476263c8ee91a25d21c55370bdb50de>@@@?$__crt_seh_guarded_call@H@@QAEH$$QAV<lambda_d422a76eb4c3bf3ad751449ab71a6ea4>@@AAV<lambda_c9ba49e555ba839a7b07aa3fbecb7617>@@$$QAV<lambda_9476263c8ee91a25d21c55370bdb50de>@@@Z 0048b558     libucrt:close.obj
 0002:0002a578       __sehtable$__write_internal 0048b578     libucrt:write.obj
 0002:0002a598       __sehtable$___set_fpsr_sse2 0048b598     libucrt:fpctrl.obj
 0002:0002a5b8       __sehtable$??$common_lseek@_J@@YA_JH_JHAAV__crt_cached_ptd_host@@@Z 0048b5b8     libucrt:lseek.obj
 0002:0002a5d8       __sehtable$__read          0048b5d8     libucrt:read.obj
 0002:0002a5f8       __sehtable$??$?RV<lambda_9e9de3de5fa147e2223d7db92bc10aa6>@@AAV<lambda_38ce7e780aa69e748d6df282ebc68efe>@@V<lambda_8ca6da459f0f6780f1cff60fdc3d00e5>@@@?$__crt_seh_guarded_call@H@@QAEH$$QAV<lambda_9e9de3de5fa147e2223d7db92bc10aa6>@@AAV<lambda_38ce7e780aa69e748d6df282ebc68efe>@@$$QAV<lambda_8ca6da459f0f6780f1cff60fdc3d00e5>@@@Z 0048b5f8     libucrt:commit.obj
 0002:0002a618       __sehtable$__isindst       0048b618     libucrt:tzset.obj
 0002:0002a638       __sehtable$___tzset        0048b638     libucrt:tzset.obj
 0002:0002a658       __sehtable$??$common_getenv_s@_W@@YAHQAIQA_WIQB_W@Z 0048b658     libucrt:getenv.obj
 0002:0002a678       __sehtable$??$common_dupenv_s@D@@YAHQAPADQAIQBDH2H@Z 0048b678     libucrt:getenv.obj
 0002:0002a698       __sehtable$??$?RV<lambda_1f7e3ac85ca3635646511ad93ac0febe>@@AAV<lambda_555255fdfb9471e5fa7bfca50021c162>@@V<lambda_24f51f8b0c33fe186c624e6675644b7a>@@@?$__crt_seh_guarded_call@_N@@QAE_N$$QAV<lambda_1f7e3ac85ca3635646511ad93ac0febe>@@AAV<lambda_555255fdfb9471e5fa7bfca50021c162>@@$$QAV<lambda_24f51f8b0c33fe186c624e6675644b7a>@@@Z 0048b698     libucrt:spawnv.obj
 0002:0002a6b8       __sehtable$__alloc_osfhnd  0048b6b8     libucrt:osfinfo.obj
 0002:0002a6d8       __sehtable$___acrt_lowio_ensure_fh_exists 0048b6d8     libucrt:osfinfo.obj
 0002:0002a6f8       __sehtable$?update_thread_multibyte_data_internal@@YAPAU__crt_multibyte_data@@QAU__acrt_ptd@@QAPAU1@@Z 0048b6f8     libucrt:mbctype.obj
 0002:0002a718       __sehtable$??$?RV<lambda_ceb1ee4838e85a9d631eb091e2fbe199>@@AAV<lambda_ae742caa10f662c28703da3d2ea5e57e>@@V<lambda_cd08b5d6af4937fe54fc07d0c9bf6b37>@@@?$__crt_seh_guarded_call@X@@QAEX$$QAV<lambda_ceb1ee4838e85a9d631eb091e2fbe199>@@AAV<lambda_ae742caa10f662c28703da3d2ea5e57e>@@$$QAV<lambda_cd08b5d6af4937fe54fc07d0c9bf6b37>@@@Z 0048b718     libucrt:mbctype.obj
 0002:0002a738       __sehtable$___acrt_update_thread_locale_data 0048b738     libucrt:locale_refcounting.obj
 0002:0002a758       __sehtable$??$common_sopen_dispatch@D@@YAHQBDHHHQAHH@Z 0048b758     libucrt:open.obj
 0002:0002a778       __sehtable$__IsNonwritableInCurrentImage 0048b778     LIBCMT:pesect.obj
 0002:0002a798       __sehtable$_main           0048b798     server.obj
 0002:0002ab7a       .idata$6                   0048bb7a     zdll:zlib1.dll
 0002:0002ac2a       .idata$6                   0048bc2a     SDL2:SDL2.dll
 0002:0002ac4e       .idata$6                   0048bc4e     ws2_32:WS2_32.dll
 0002:0002ac8a       .idata$6                   0048bc8a     winmm:WINMM.dll
 0002:0002ad08       .idata$6                   0048bd08     Dbghelp:dbghelp.dll
 0002:0002ae10       .idata$6                   0048be10     kernel32:KERNEL32.dll
 0002:0002aeb8       .idata$6                   0048beb8     advapi32:ADVAPI32.dll
 0003:00000000       _callbacks                 0048d000     enet:callbacks.o
 0003:000000b0       ?__vcrt_flsindex@@3KA      0048d0b0     libvcruntime:per_thread_data.obj
 0003:00000184       __ctype_loc_style          0048d184     libucrt:wsetlocale.obj
 0003:00000188       ?__acrt_flsindex@@3KA      0048d188     libucrt:per_thread_data.obj
 0003:00000258       ?errno_no_memory@@3HA      0048d258     libucrt:errno.obj
 0003:0000025c       ?doserrno_no_memory@@3KA   0048d25c     libucrt:errno.obj
 0003:000002a0       ?__DAZ_ENABLED@?1??__set_fpsr_sse2@@9@9 0048d2a0     libucrt:fpctrl.obj
 0003:000003a8       ?tzstd_program@@3PADA      0048d3a8     libucrt:timeset.obj
 0003:000003e8       ?tzdst_program@@3PADA      0048d3e8     libucrt:timeset.obj
 0003:00000428       ?w_tzstd_program@@3PA_WA   0048d428     libucrt:timeset.obj
 0003:000004a8       ?w_tzdst_program@@3PA_WA   0048d4a8     libucrt:timeset.obj
 0003:00000528       ?tzname_states@@3PAY01PADA 0048d528     libucrt:timeset.obj
 0003:00000530       ?w_tzname_states@@3PAY01PA_WA 0048d530     libucrt:timeset.obj
 0003:00000538       ?dststart@@3Utransitiondate@?A0x7639d0b4@@A 0048d538     libucrt:tzset.obj
 0003:00000544       ?dstend@@3Utransitiondate@?A0x7639d0b4@@A 0048d544     libucrt:tzset.obj
 0003:00000770       __mbctypes                 0048d770     libucrt:mbctype.obj
 0003:00000878       __mbcasemaps               0048d878     libucrt:mbctype.obj
 0003:00000978       ?__rgctypeflag@@3PADA      0048d978     libucrt:mbctype.obj
 0003:00000980       ?__rgcode_page_info@@3PAUcode_page_info@@A 0048d980     libucrt:mbctype.obj
 0003:00000ad0       ?__dcrt_lowio_console_output_handle@@3PAXA 0048dad0     libucrt:initcon.obj
 0003:00001944       ?mt_next@@3HA              0048e944     crypto.obj
 0003:00001948       ?facility@@3HA             0048e948     log.obj
 0003:0000194c       ?consolethreshold@@3HA     0048e94c     log.obj
 0003:00001968       ?filethreshold@@3HA        0048e968     log.obj
 0003:0000196c       ?syslogthreshold@@3HA      0048e96c     log.obj
 0003:00003a48       ?debugmaprot@?1??poll_serverthreads@@YAXXZ@4_NA 00490a48     server.obj
 0003:00003a4c       ?curcl@?1??checkdemotransmissions@@YAXXZ@4HA 00490a4c     server.obj
 0003:00003a50       ?sc@?1??hiddenpwd@@YAPBDPBDH@Z@4HA 00490a50     tools.obj
 0003:00003a60       ?sizetable@?1??msgsizelookup@@YAHH@Z@4PAHA 00490a60     protocol1.obj
 0003:00004080       _timeBase                  00491080     enet:win32.o
 0003:000040a0       _dummyCommand.31470        004910a0     enet:peer.o
 0003:00004100       _crcTable                  00491100     enet:packet.o
 0003:00004500       _initializedCRC32          00491500     enet:packet.o
 0003:00004520       ?g_tss_cv@@3U_RTL_CONDITION_VARIABLE@@A 00491520     LIBCMT:thread_safe_statics.obj
 0003:00004524       ?g_tss_srw@@3U_RTL_SRWLOCK@@A 00491524     LIBCMT:thread_safe_statics.obj
 0003:00004528       _GS_ExceptionRecord        00491528     LIBCMT:gs_report.obj
 0003:00004578       _GS_ContextRecord          00491578     LIBCMT:gs_report.obj
 0003:0000484c       ?is_initialized_as_dll@@3_NA 0049184c     LIBCMT:utility.obj
 0003:0000484d       ?module_local_atexit_table_initialized@@3_NA 0049184d     LIBCMT:utility.obj
 0003:00004850       ?module_local_atexit_table@@3U_onexit_table_t@@A 00491850     LIBCMT:utility.obj
 0003:0000485c       ?module_local_at_quick_exit_table@@3U_onexit_table_t@@A 0049185c     LIBCMT:utility.obj
 0003:00004890       ?__vcrt_startup_thread_ptd@@3U__vcrt_ptd@@A 00491890     libvcruntime:per_thread_data.obj
 0003:000048b8       ___vcrt_lock_table         004918b8     libvcruntime:locks.obj
 0003:000048d0       ___vcrt_locks_initialized  004918d0     libvcruntime:locks.obj
 0003:000048fc       ?heap@@3V_HeapManager@@A   004918fc     libvcruntime:undname.obj
 0003:00004910       ?module_handles@@3PAPAUHINSTANCE__@@A 00491910     libvcruntime:winapi_downlevel.obj
 0003:0000491c       ?function_pointers@@3PAPAXA 0049191c     libvcruntime:winapi_downlevel.obj
 0003:00004930       ?c_termination_complete@@3JA 00491930     libucrt:exit.obj
 0003:00004934       ?thread_local_exit_callback_func@@3P6GXPAXK0@ZA 00491934     libucrt:exit.obj
 0003:00004938       ?c_exit_complete@?1???R<lambda_6e4b09c48022b2350581041d5f6b0c4c>@@QBE@XZ@4_NA 00491938     libucrt:exit.obj
 0003:00004948       ?console_ctrl_handler_installed@@3_NA 00491948     libucrt:signal.obj
 0003:0000494c       ?ctrlc_action@@3V?$dual_state_global@P6AXH@Z@__crt_state_management@@A 0049194c     libucrt:signal.obj
 0003:00004950       ?ctrlbreak_action@@3V?$dual_state_global@P6AXH@Z@__crt_state_management@@A 00491950     libucrt:signal.obj
 0003:00004954       ?abort_action@@3V?$dual_state_global@P6AXH@Z@__crt_state_management@@A 00491954     libucrt:signal.obj
 0003:00004958       ?term_action@@3V?$dual_state_global@P6AXH@Z@__crt_state_management@@A 00491958     libucrt:signal.obj
 0003:0000495c       ?__acrt_new_handler@@3V?$dual_state_global@P6AHI@Z@__crt_state_management@@A 0049195c     libucrt:new_handler.obj
 0003:00004960       ?program_name@?1???$common_configure_argv@D@@YAHW4_crt_argv_mode@@@Z@4PADA 00491960     libucrt:argv_parsing.obj
 0003:00004a90       ?__acrt_app_type@@3W4_crt_app_type@@A 00491a90     libucrt:report_runtime_error.obj
 0003:00004a94       ?user_matherr@@3V?$dual_state_global@P6AHPAU_exception@@@Z@__crt_state_management@@A 00491a94     libucrt:matherr.obj
 0003:00004ab4       ?__acrt_global_new_mode@@3V?$dual_state_global@J@__crt_state_management@@A 00491ab4     libucrt:new_mode.obj
 0003:00004ac0       ?__acrt_lock_table@@3PAU_RTL_CRITICAL_SECTION@@A 00491ac0     libucrt:locks.obj
 0003:00004c10       ?__acrt_locks_initialized@@3IA 00491c10     libucrt:locks.obj
 0003:00004c14       ?state_cache@?1???$get_cached_win_policy@Ubegin_thread_init_policy_properties@?1??__acrt_get_begin_thread_init_policy@@YA?AW4begin_thread_init_policy@@XZ@@@YA?AW4begin_thread_init_policy@@W4AppPolicyThreadInitializationType@@@Z@4JA 00491c14     libucrt:win_policies.obj
 0003:00004c18       ?__acrt_invalid_parameter_handler@@3V?$dual_state_global@P6AXPB_W00II@Z@__crt_state_management@@A 00491c18     libucrt:invalid_parameter.obj
 0003:00004c20       ?module_handles@@3PAPAUHINSTANCE__@@A 00491c20     libucrt:winapi_thunks.obj
 0003:00004c78       ?encoded_function_pointers@@3PAPAXA 00491c78     libucrt:winapi_thunks.obj
 0003:00004d04       ?static_enum_proc@?1??enum_system_locales_ex_nolock@@YAHQ6GHPA_WKJ@Z@Z@4P6GH0KJ@ZA 00491d04     libucrt:winapi_thunks.obj
 0003:00004f1c       ?internal_state@?1??_mbtowc_internal@@9@4U_Mbstatet@@A 00491f1c     libucrt:mbtowc.obj
 0003:00004f24       ?enable_percent_n@@3IA     00491f24     libucrt:printf_count_output.obj
 0003:00004f34       ?_tzname@@3V?$dual_state_global@PAPAD@__crt_state_management@@A 00491f34     libucrt:timeset.obj
 0003:00004f38       ?w_tzname@@3V?$dual_state_global@PAPA_W@__crt_state_management@@A 00491f38     libucrt:timeset.obj
 0003:00004f3c       ?last_wide_tz@@3PA_WA      00491f3c     libucrt:tzset.obj
 0003:00004f40       ?tz_api_used@@3HA          00491f40     libucrt:tzset.obj
 0003:00004f44       ?tzset_init_state@@3V?$dual_state_global@J@__crt_state_management@@A 00491f44     libucrt:tzset.obj
 0003:00004f48       ?tz_info@@3U_TIME_ZONE_INFORMATION@@A 00491f48     libucrt:tzset.obj
 0003:00005000       ?fSystemSet@@3HA           00492000     libucrt:mbctype.obj
 0003:00005004       ?initialized@?1??__acrt_initialize_multibyte@@9@4_NA 00492004     libucrt:mbctype.obj
 0003:00005018       ?internal_pst@?1??__mbrtoc32_utf8@__crt_mbstring@@YAIPA_UPBDIPAU_Mbstatet@@AAV__crt_cached_ptd_host@@@Z@4U3@A 00492018     libucrt:mbrtoc32.obj
 0003:00005020       ?internal_pst@?1??__c16rtomb_utf8@__crt_mbstring@@YAIPAD_SPAU_Mbstatet@@AAV__crt_cached_ptd_host@@@Z@4U3@A 00492020     libucrt:c16rtomb.obj
 0003:00005030       __pmatherr_set             00492030     libucrt:libm_error.obj
 0003:0000803c       ?reliablemessages@@3_NA    0049503c     server.obj
 0003:0000803d       ?timestamp@@3_NA           0049503d     log.obj
 0003:0000803e       ?enabled@@3_NA             0049503e     log.obj
 0003:0000d3fc       ?mainthreadid@@3KA         0049a3fc     tools.obj
 0003:0000d4ec       ?curvote@@3PAUvoteinfo@@A  0049a4ec     server.obj
 0003:0000d4f0       ?threadlog@@3U?$ringbuf@PAUlogline_s@@$0CA@@@A 0049a4f0     log.obj
 0003:0000d578       ?threadlogfullsem@@3Usl_semaphore@@A 0049a578     log.obj
 0003:0000d580       ?mainlog@@3U?$ringbuf@PAUlogline_s@@$0EAA@@@A 0049a580     log.obj
 0003:0000e588       ?mainlogsem@@3Usl_semaphore@@A 0049b588     log.obj
 0003:0000e590       ?threadlogsem@@3Usl_semaphore@@A 0049b590     log.obj
 0003:0000e5a4       ?oldthreads@@3U?$vector@PAUsl_threadinfo@@@@A 0049b5a4     tools.obj
 0003:0000e5b0       ?sem_oldthreads@@3Usl_semaphore@@A 0049b5b0     tools.obj
 0003:0000e5b8       ?entpool@@3PAEA            0049b5b8     crypto.obj
 0003:0000e5bc       ?fp@@3PAU_iobuf@@A         0049b5bc     log.obj
 0003:0000e5c0       ?chokelog@@3PAEA           0049b5c0     server.obj
 0003:0000e6d0       ?mt_state@@3PAIA           0049b6d0     crypto.obj
 0003:0000fa50       ?loglevelenabled@@3PADA    0049ca50     log.obj
 0003:0000fa58       ?ident@@3PADA              0049ca58     log.obj
 0003:0000fb60       ?filepath@@3PADA           0049cb60     log.obj
 0003:0000fc64       ?mainlogoverflow@@3HA      0049cc64     log.obj
 0003:0000fc68       ?sl_sem_errorcountdummy@@3HA 0049cc68     tools.obj
 0003:0000fc6c       ?crec@?1??serverslice@@YAXI@Z@4HA 0049cc6c     server.obj
 0003:0000fc70       ?serverwasnotempty@?1??poll_serverthreads@@YAXXZ@4_NA 0049cc70     server.obj
 0003:0000fc74       ?curdemoseq@?1??checkdemotransmissions@@YAXXZ@4HA 0049cc74     server.obj
 0003:0000fc78       ?clientsequencecounter@?1??addclient@@YAAAUclient@@XZ@4HA 0049cc78     server.obj
 0003:0000fc7c       ?dpointer@?1??checkdemotransmissions@@YAXXZ@4HA 0049cc7c     server.obj
 0003:0000fc80       ?csend@?1??serverslice@@YAXI@Z@4HA 0049cc80     server.obj
 0003:0000fc84       ?deferredprocessingthread_ti@?1??polldeferredprocessing@@YAXXZ@4PAXA 0049cc84     server.obj
 0003:0000fc88       ?lasttime_eventeams@?1??refillteams@@YA_N_NH@Z@4HA 0049cc88     server.obj
 0003:0000fc98       ?mnum@?1??serverslice@@YAXI@Z@4HA 0049cc98     server.obj
 0003:0000fc9c       ?lastworkerthreadstart@?1??poll_serverthreads@@YAXXZ@4HA 0049cc9c     server.obj
 0003:0000fca0       ?lastsend@?1??sendworldstate@@YAXXZ@4IA 0049cca0     server.obj
 0003:0000fca4       ?mrec@?1??serverslice@@YAXI@Z@4HA 0049cca4     server.obj
 0003:0000fca8       ?nextserverconfig@?1??poll_serverthreads@@YAXXZ@4HA 0049cca8     server.obj
 0003:0000fcac       ?lastThrottleEpoch@?1??serverslice@@YAXI@Z@4IA 0049ccac     server.obj
 0003:0000fcb0       ?lastdemoslot@?1??initdemoslot@@YAPAUdemo_s@@XZ@4HA 0049ccb0     server.obj
 0003:0000fcb4       ?curclseq@?1??checkdemotransmissions@@YAXXZ@4HA 0049ccb4     server.obj
 0003:0000fcb8       ?stage@?1??poll_serverthreads@@YAXXZ@4HA 0049ccb8     server.obj
 0003:0000fcbc       ?msend@?1??serverslice@@YAXI@Z@4HA 0049ccbc     server.obj
 0003:0000fcc0       ?readmaps_epoch@?1??readmapsthread@@YAHPAX@Z@4HA 0049ccc0     server.obj
 0003:0000fcc8       ?cnum@?1??serverslice@@YAXI@Z@4HA 0049ccc8     server.obj
 0003:0000fcd0       ?demosequencecounter@?1??initdemoslot@@YAPAUdemo_s@@XZ@4HA 0049ccd0     server.obj
 0003:0000fce0       ?chokes_raw@?1??linequalitystats@@YAXH@Z@4PAIA 0049cce0     server.obj
 0003:000100f0       ?spent@?1??linequalitystats@@YAXH@Z@4PAIA 0049d0f0     server.obj
 0003:00010500       ?chokes@?1??linequalitystats@@YAXH@Z@4PAIA 0049d500     server.obj
 0003:00010910       ?spent_raw@?1??linequalitystats@@YAXH@Z@4PAIA 0049d910     server.obj
 0003:00010d14       ?init@?1??hash_init@tiger@@YAPAUincremental_buffer@2@AAThashval@2@@Z@4_NA 0049dd14     crypto.obj
 0003:00010d15       ?sum@?1??mix_block@@YAXPAEPBEH@Z@4EA 0049dd15     crypto.obj
 0003:00010d18       ?next@?1??entropy_add_byte@@YAXE@Z@4HA 0049dd18     crypto.obj
 0003:00010d1c       ?logworkerthread_id@?1??initlogging@@YA_NPBDHHHH_N0@Z@4PAXA 0049dd1c     log.obj
 0003:00010d20       ?stridx@?1??escapestring@@YAPBDPBD_N1PAU?$vector@D@@@Z@4HA 0049dd20     protocol1.obj
 0003:00010d28       ?curscore@?O@??findscore@@YAPAUsavedscore@@AAUclient@@_N@Z@4U2@A 0049dd28     server.obj
 0003:00010e60       ?num@?1??numteamclients@@YAPAHH@Z@4PAHA 0049de60     server.obj
 0003:00010e80       ?pkt@?1??buildworldstate@@YA_NXZ@4PAU<unnamed-type-pkt>@?1??1@YA_NXZ@A 0049de80     server.obj
 0003:00011e80       ?$TSS0@?1??poll_serverthreads@@YAXXZ@4HA 0049ee80     server.obj
 0003:00011e84       ?servermapstodelete@?1??poll_serverthreads@@YAXXZ@4U?$vector@PAUservermap@@@@A 0049ee84     server.obj
 0003:00011ec0       ?sockset@?1??serverms@@YAXHHHPADHABU_ENetAddress@@PAH22222HPBDH@Z@4Ufd_set@@A 0049eec0     serverms.obj
 0003:00011fc8       ?data@?1??serverms@@YAXHHHPADHABU_ENetAddress@@PAH22222HPBDH@Z@4PAEA 0049efc8     serverms.obj
 0003:00013350       ?bufidx@?1??hashchunktoa@@YAPBD_K@Z@4HA 004a0350     crypto.obj
 0003:00013358       ?temp@?1??genpwdhash@@YAPBDPBD0H@Z@4PADA 004a0358     crypto.obj
 0003:00013460       ?buf@?1??hashchunktoa@@YAPBD_K@Z@4PADA 004a0460     crypto.obj
 0003:00013568       ?parent@?1??parentdir@@YAPBDPBD@Z@4PADA 004a0568     stream.obj
 0003:00013670       ?strip@?4??createdir@@YA_NPBD@Z@4PADA 004a0670     stream.obj
 0003:00013778       ?s@?1??findfile@@YAPBDPBD0@Z@4PADA 004a0778     stream.obj
 0003:00013880       ?h@?1??peekmapheader@@YAPAUheader@@PAEH@Z@4U2@A 004a0880     tools.obj
 0003:00013c58       ?numt@?1??numtime@@YAPBDXZ@4PADA 004a0c58     tools.obj
 0003:00013d60       ?text@?1??hiddenpwd@@YAPBDPBDH@Z@4PADA 004a0d60     tools.obj
 0003:00013e68       ?temp@?1??concatformatstring@@YAPADPADPBDZZ@4PADA 004a0e68     tools.obj
 0003:00013f70       ?strbuf@?1??escapestring@@YAPBDPBD_N1PAU?$vector@D@@@Z@4PAU2@A 004a0f70     protocol1.obj
 0003:00013f94       ?$TSS0@?1??escapestring@@YAPBDPBD_N1PAU?$vector@D@@@Z@4HA 004a0f94     protocol1.obj
 0003:00013f98       ?res@?1??disc_reason@@YAPBDH@Z@4PADA 004a0f98     protocol1.obj
 0004:000001c0       $R000000                   004a21c0     assaultcube.res
 0004:0000c728       $R00C568                   004ae728     assaultcube.res
 0004:0000ed90       $R00EBD0                   004b0d90     assaultcube.res
 0004:0000feb8       $R00FCF8                   004b1eb8     assaultcube.res
 0004:00010870       $R0106B0                   004b2870     assaultcube.res
 0004:00010cd8       $R010B18                   004b2cd8     assaultcube.res
 0004:00010d28       $R010B68                   004b2d28     assaultcube.res

 Exports

  ordinal    name

