 ac_server

 Timestamp is 687efc68 (Mon Jul 21 22:50:16 2025)

 Preferred load address is 00400000

 Start         Length     Name                   Class
 0001:00000000 00005750H .text                   CODE
 0001:00005750 000016c0H .text$di                CODE
 0001:00006e10 00057e61H .text$mn                CODE
 0001:0005ec71 000000dfH .text$x                 CODE
 0001:0005ed50 0000069eH .text$yd                CODE
 0002:00000000 000002a4H .idata$5                DATA
 0002:000002a4 00000008H .00cfg                  DATA
 0002:000002ac 00000004H .CRT$XCA                DATA
 0002:000002b0 00000004H .CRT$XCAA               DATA
 0002:000002b4 000000f4H .CRT$XCU                DATA
 0002:000003a8 00000004H .CRT$XCZ                DATA
 0002:000003ac 00000004H .CRT$XIA                DATA
 0002:000003b0 00000004H .CRT$XIAA               DATA
 0002:000003b4 00000004H .CRT$XIAC               DATA
 0002:000003b8 00000014H .CRT$XIC                DATA
 0002:000003cc 00000004H .CRT$XIZ                DATA
 0002:000003d0 00000004H .CRT$XLA                DATA
 0002:000003d4 00000004H .CRT$XLZ                DATA
 0002:000003d8 00000004H .CRT$XPA                DATA
 0002:000003dc 00000008H .CRT$XPX                DATA
 0002:000003e4 00000004H .CRT$XPXA               DATA
 0002:000003e8 00000004H .CRT$XPZ                DATA
 0002:000003ec 00000004H .CRT$XTA                DATA
 0002:000003f0 00000010H .CRT$XTZ                DATA
 0002:000003f4 00000000H .gfids$y                DATA
 0002:00000400 00028840H .rdata                  DATA
 0002:00028c40 00000000H .rdata$CastGuardVftablesA DATA
 0002:00028c40 00000000H .rdata$CastGuardVftablesC DATA
 0002:00028c40 00000018H .rdata$T                DATA
 0002:00028c58 00000b80H .rdata$r                DATA
 0002:000297d8 000000b8H .rdata$voltmd           DATA
 0002:00029890 0000008cH .rdata$zzz              DATA
 0002:0002991c 00000440H .rdata$zzzdbg           DATA
 0002:00029d5c 00000004H .rtc$IAA                DATA
 0002:00029d60 00000004H .rtc$IZZ                DATA
 0002:00029d64 00000004H .rtc$TAA                DATA
 0002:00029d68 00000004H .rtc$TZZ                DATA
 0002:00029d6c 00000004H .tls                    DATA
 0002:00029d70 00000004H .tls$                   DATA
 0002:00029d74 00000004H .tls$ZZZ                DATA
 0002:00029d78 000009fcH .xdata$x                DATA
 0002:0002a774 00000000H .edata                  DATA
 0002:0002a774 0000008cH .idata$2                DATA
 0002:0002a800 00000014H .idata$3                DATA
 0002:0002a814 000002a4H .idata$4                DATA
 0002:0002aab8 00000a78H .idata$6                DATA
 0003:00000000 00003b60H .data                   DATA
 0003:00003b60 00000080H .data$r                 DATA
 0003:00003be0 00000420H .data$rs                DATA
 0003:00004000 00010030H .bss                    DATA
 0004:00000000 000001c0H .rsrc$01                DATA
 0004:000001c0 00010ce8H .rsrc$02                DATA

  Address         Publics by Value              Rva+Base       Lib:Object

 0000:00000000       ___AbsoluteZero            00000000     <absolute>
 0000:00000000       ___arm64x_extra_rfe_table  00000000     <absolute>
 0000:00000000       ___arm64x_extra_rfe_table_size 00000000     <absolute>
 0000:00000000       ___arm64x_native_entrypoint 00000000     <absolute>
 0000:00000000       ___arm64x_redirection_metadata 00000000     <absolute>
 0000:00000000       ___arm64x_redirection_metadata_count 00000000     <absolute>
 0000:00000000       ___dynamic_value_reloc_table 00000000     <absolute>
 0000:00000000       ___enclave_config          00000000     <absolute>
 0000:00000000       ___guard_check_icall_a64n_fptr 00000000     <absolute>
 0000:00000000       ___guard_eh_cont_count     00000000     <absolute>
 0000:00000000       ___guard_eh_cont_table     00000000     <absolute>
 0000:00000000       ___guard_fids_count        00000000     <absolute>
 0000:00000000       ___guard_fids_table        00000000     <absolute>
 0000:00000000       ___guard_iat_count         00000000     <absolute>
 0000:00000000       ___guard_iat_table         00000000     <absolute>
 0000:00000000       ___guard_longjmp_count     00000000     <absolute>
 0000:00000000       ___guard_longjmp_table     00000000     <absolute>
 0000:00000000       ___hybrid_auxiliary_delayload_iat 00000000     <absolute>
 0000:00000000       ___hybrid_auxiliary_delayload_iat_copy 00000000     <absolute>
 0000:00000000       ___hybrid_auxiliary_iat    00000000     <absolute>
 0000:00000000       ___hybrid_auxiliary_iat_copy 00000000     <absolute>
 0000:00000000       ___hybrid_code_map         00000000     <absolute>
 0000:00000000       ___hybrid_code_map_count   00000000     <absolute>
 0000:00000000       ___hybrid_image_info_bitfield 00000000     <absolute>
 0000:00000000       ___safe_se_handler_count   00000000     <absolute>
 0000:00000000       ___safe_se_handler_table   00000000     <absolute>
 0000:00000000       ___x64_code_ranges_to_entry_points 00000000     <absolute>
 0000:00000000       ___x64_code_ranges_to_entry_points_count 00000000     <absolute>
 0000:00000000       __except_list              00000000     <absolute>
 0000:0000002c       __tls_array                0000002c     <absolute>
 0000:00000100       ___guard_flags             00000100     <absolute>
 0000:00000000       ___ImageBase               00400000     <linker-defined>
 0001:00000000       _enet_initialize           00401000 f   enet:win32.o
 0001:00000070       _enet_deinitialize         00401070 f   enet:win32.o
 0001:00000090       _enet_time_get             00401090 f   enet:win32.o
 0001:000000b0       _enet_time_set             004010b0 f   enet:win32.o
 0001:000000d0       _enet_address_set_host     004010d0 f   enet:win32.o
 0001:00000130       _enet_address_get_host_ip  00401130 f   enet:win32.o
 0001:00000180       _enet_address_get_host     00401180 f   enet:win32.o
 0001:00000200       _enet_socket_bind          00401200 f   enet:win32.o
 0001:00000280       _enet_socket_listen        00401280 f   enet:win32.o
 0001:000002c0       _enet_socket_create        004012c0 f   enet:win32.o
 0001:000002f0       _enet_socket_set_option    004012f0 f   enet:win32.o
 0001:00000440       _enet_socket_connect       00401440 f   enet:win32.o
 0001:000004e0       _enet_socket_accept        004014e0 f   enet:win32.o
 0001:00000570       _enet_socket_shutdown      00401570 f   enet:win32.o
 0001:000005a0       _enet_socket_destroy       004015a0 f   enet:win32.o
 0001:000005c0       _enet_socket_send          004015c0 f   enet:win32.o
 0001:000006a0       _enet_socket_receive       004016a0 f   enet:win32.o
 0001:00000790       _enet_socketset_select     00401790 f   enet:win32.o
 0001:000007f0       _enet_socket_wait          004017f0 f   enet:win32.o
 0001:000009c0       _enet_peer_throttle        004019c0 f   enet:peer.o
 0001:00000a40       _enet_peer_receive         00401a40 f   enet:peer.o
 0001:00000aa0       _enet_peer_reset_queues    00401aa0 f   enet:peer.o
 0001:00000ba0       _enet_peer_reset           00401ba0 f   enet:peer.o
 0001:00000d40       _enet_peer_ping_interval   00401d40 f   enet:peer.o
 0001:00000d60       _enet_peer_timeout         00401d60 f   enet:peer.o
 0001:00000db0       _enet_peer_queue_acknowledgement 00401db0 f   enet:peer.o
 0001:00000e90       _enet_peer_setup_outgoing_command 00401e90 f   enet:peer.o
 0001:00001010       _enet_peer_queue_outgoing_command 00402010 f   enet:peer.o
 0001:000010c0       _enet_peer_throttle_configure 004020c0 f   enet:peer.o
 0001:00001150       _enet_peer_send            00402150 f   enet:peer.o
 0001:00001460       _enet_peer_ping            00402460 f   enet:peer.o
 0001:000014b0       _enet_peer_disconnect_now  004024b0 f   enet:peer.o
 0001:00001530       _enet_peer_disconnect      00402530 f   enet:peer.o
 0001:000015f0       _enet_peer_disconnect_later 004025f0 f   enet:peer.o
 0001:00001650       _enet_peer_dispatch_incoming_unreliable_commands 00402650 f   enet:peer.o
 0001:00001890       _enet_peer_dispatch_incoming_reliable_commands 00402890 f   enet:peer.o
 0001:00001990       _enet_peer_queue_incoming_command 00402990 f   enet:peer.o
 0001:00002e90       _enet_protocol_command_size 00403e90 f   enet:protocol.o
 0001:00002ea0       _enet_host_flush           00403ea0 f   enet:protocol.o
 0001:00002ec0       _enet_host_check_events    00403ec0 f   enet:protocol.o
 0001:00002ef0       _enet_host_service         00403ef0 f   enet:protocol.o
 0001:000048b0       _enet_packet_create        004058b0 f   enet:packet.o
 0001:00004950       _enet_packet_destroy       00405950 f   enet:packet.o
 0001:000049a0       _enet_packet_resize        004059a0 f   enet:packet.o
 0001:00004a00       _enet_crc32                00405a00 f   enet:packet.o
 0001:00004a80       _enet_crc32_inc            00405a80 f   enet:packet.o
 0001:00004ab0       _enet_host_create          00405ab0 f   enet:host.o
 0001:00004e30       _enet_host_destroy         00405e30 f   enet:host.o
 0001:00004ec0       _enet_host_connect         00405ec0 f   enet:host.o
 0001:00005150       _enet_host_broadcast       00406150 f   enet:host.o
 0001:000051d0       _enet_host_compress        004061d0 f   enet:host.o
 0001:00005240       _enet_host_channel_limit   00406240 f   enet:host.o
 0001:00005260       _enet_host_bandwidth_limit 00406260 f   enet:host.o
 0001:00005280       _enet_host_bandwidth_throttle 00406280 f   enet:host.o
 0001:00005610       _enet_initialize_with_callbacks 00406610 f   enet:callbacks.o
 0001:00005660       _enet_malloc               00406660 f   enet:callbacks.o
 0001:000056a0       _enet_free                 004066a0 f   enet:callbacks.o
 0001:000056b0       _enet_list_clear           004066b0 f   enet:list.o
 0001:000056c0       _enet_list_insert          004066c0 f   enet:list.o
 0001:000056e0       _enet_list_remove          004066e0 f   enet:list.o
 0001:00005700       _enet_list_move            00406700 f   enet:list.o
 0001:00005730       _enet_list_size            00406730 f   enet:list.o
 0001:00006e10       ___local_stdio_printf_options 00407e10 f i server.obj
 0001:00006e20       ___local_stdio_scanf_options 00407e20 f i server.obj
 0001:00006e30       __vfprintf_l               00407e30 f i server.obj
 0001:00006e60       _printf                    00407e60 f i server.obj
 0001:00006e80       __vsnprintf_l              00407e80 f i server.obj
 0001:00006ec0       _sscanf                    00407ec0 f i server.obj
 0001:00006ef0       ?vformatstring_@@YAXPADPBD0H@Z 00407ef0 f i server.obj
 0001:00006f10       ?copystring@@YAPADPADPBDI@Z 00407f10 f i server.obj
 0001:00006f30       ?concatstring@@YAPADPADPBDI@Z 00407f30 f i server.obj
 0001:00006f70       ??0stringformatter@@QAE@PAD@Z 00407f70 f i server.obj
 0001:00006f80       ??Rstringformatter@@QAAXPBDZZ 00407f80 f i server.obj
 0001:00006fb0       ??0packetbuf@@QAE@HH@Z     00407fb0 f i server.obj
 0001:00007000       ??1packetbuf@@QAE@XZ       00408000 f i server.obj
 0001:00007040       ?put@packetbuf@@QAEXPBEH@Z 00408040 f i server.obj
 0001:000070c0       ?finalize@packetbuf@@QAEPAU_ENetPacket@@XZ 004080c0 f i server.obj
 0001:000070f0       ?dist@vec@@QBEMABU1@@Z     004080f0 f i server.obj
 0001:00007170       ?pickup@playerstate@@QAEXH@Z 00408170 f i server.obj
 0001:00007270       ?spawnstate@playerstate@@UAEXH@Z 00408270 f i server.obj
 0001:00007450       ??_Eplayerstate@@UAEPAXI@Z 00408450 f i * CIL library *:* CIL module *
 0001:00007450       ??_Gplayerstate@@UAEPAXI@Z 00408450 f i server.obj
 0001:00007480       ??0serverconfigfile@@QAE@XZ 00408480 f i server.obj
 0001:000074e0       ??1serverconfigfile@@UAE@XZ 004084e0 f i server.obj
 0001:00007520       ?clear@serverconfigfile@@UAEXXZ 00408520 f i server.obj
 0001:00007520       ?fflush@stream@@UAEXXZ     00408520 f i stream.obj
 0001:00007520       ?perform@recorddemoaction@@UAEXXZ 00408520 f i server.obj
 0001:00007520       ?read@serverconfigfile@@UAEXXZ 00408520 f i server.obj
 0001:00007520       @_guard_check_icall_nop@4  00408520 f i LIBCMT:guard_support.obj
 0001:00007520       __initialize_denormal_control 00408520 f i LIBCMT:denormal_control.obj
 0001:00007520       __initialize_invalid_parameter_handler 00408520 f i LIBCMT:invalid_parameter_handler.obj
 0001:00007530       ??_Eserverconfigfile@@UAEPAXI@Z 00408530 f i * CIL library *:* CIL module *
 0001:00007530       ??_Eserverparameter@@UAEPAXI@Z 00408530 f i * CIL library *:* CIL module *
 0001:00007530       ??_Gserverconfigfile@@UAEPAXI@Z 00408530 f i server.obj
 0001:00007530       ??_Gserverparameter@@UAEPAXI@Z 00408530 f i server.obj
 0001:00007590       ?checkarg@servercommandline@@QAE_NPBD@Z 00408590 f i server.obj
 0001:00007f40       ?isalive@clientstate@@QAE_NH@Z 00408f40 f i server.obj
 0001:00007f70       ?respawn@clientstate@@QAEXXZ 00408f70 f i server.obj
 0001:00008010       ??_Eclientstate@@UAEPAXI@Z 00409010 f i * CIL library *:* CIL module *
 0001:00008010       ??_Gclientstate@@UAEPAXI@Z 00409010 f i server.obj
 0001:00008040       ?save@savedscore@@QAEXAAUclientstate@@H@Z 00409040 f i server.obj
 0001:000080d0       ?addevent@client@@QAEAATgameevent@@XZ 004090d0 f i server.obj
 0001:00008180       ?mapchange@client@@QAEX_N@Z 00409180 f i server.obj
 0001:00008340       ?reset@client@@QAEXXZ      00409340 f i server.obj
 0001:000084c0       ?checkvitadate@client@@QAE_NH@Z 004094c0 f i server.obj
 0001:000084f0       ??_Eservercontroller@@UAEPAXI@Z 004094f0 f i * CIL library *:* CIL module *
 0001:000084f0       ??_Gservercontroller@@UAEPAXI@Z 004094f0 f i server.obj
 0001:00008520       ??0winservice@@QAE@PBDHPAPAD@Z 00409520 f i server.obj
 0001:00008550       ?start@winservice@@UAEXXZ  00409550 f i server.obj
 0001:000085a0       ?keepalive@winservice@@UAEXXZ 004095a0 f i server.obj
 0001:00008600       ?stop@winservice@@UAEXXZ   00409600 f i server.obj
 0001:00008680       ?main@callbacks@winservice@@SGHXZ 00409680 f i server.obj
 0001:00008800       ?requesthandler@callbacks@winservice@@SGXK@Z 00409800 f i server.obj
 0001:000088a0       ??_Ewinservice@@UAEPAXI@Z  004098a0 f i * CIL library *:* CIL module *
 0001:000088a0       ??_Gwinservice@@UAEPAXI@Z  004098a0 f i server.obj
 0001:00008950       ??0servermap@@QAE@PBD0@Z   00409950 f i server.obj
 0001:000089b0       ?load@servermap@@QAEXXZ    004099b0 f i server.obj
 0001:00009bc0       ?clear@servermaprot@@UAEXXZ 0040abc0 f i server.obj
 0001:00009c20       ?load@servermaprot@@UAE_NXZ 0040ac20 f i server.obj
 0001:0000a0f0       ?read@servermaprot@@UAEXXZ 0040b0f0 f i server.obj
 0001:0000a220       ?initmap@servermaprot@@QAEXPAUservermap@@PAUstream@@@Z 0040b220 f i server.obj
 0001:0000a7a0       ??_Eservermaprot@@UAEPAXI@Z 0040b7a0 f i * CIL library *:* CIL module *
 0001:0000a7a0       ??_Gservermaprot@@UAEPAXI@Z 0040b7a0 f i server.obj
 0001:0000a7d0       ??1servermaprot@@UAE@XZ    0040b7d0 f i server.obj
 0001:0000a860       ?clear@serverinfofile@@UAEXXZ 0040b860 f i server.obj
 0001:0000a860       ?clear@serveripblacklist@@UAEXXZ 0040b860 f i server.obj
 0001:0000a860       ?clear@serveripcclist@@UAEXXZ 0040b860 f i server.obj
 0001:0000a880       ?read@serveripcclist@@UAEXXZ 0040b880 f i server.obj
 0001:0000ae40       ?read@serveripblacklist@@UAEXXZ 0040be40 f i server.obj
 0001:0000b200       ?check@serveripblacklist@@QAE_NI@Z 0040c200 f i server.obj
 0001:0000b250       ?clear@servernickblacklist@@UAEXXZ 0040c250 f i server.obj
 0001:0000b310       ?read@servernickblacklist@@UAEXXZ 0040c310 f i server.obj
 0001:0000be40       ?checkwhitelist@servernickblacklist@@QAEHABUclient@@@Z 0040ce40 f i server.obj
 0001:0000bfa0       ?checkblacklist@servernickblacklist@@QAEHPBD@Z 0040cfa0 f i server.obj
 0001:0000c0e0       ?clear@serverforbiddenlist@@UAEXXZ 0040d0e0 f i server.obj
 0001:0000c110       ?read@serverforbiddenlist@@UAEXXZ 0040d110 f i server.obj
 0001:0000c250       ?canspeech@serverforbiddenlist@@QAE_NPAD@Z 0040d250 f i server.obj
 0001:0000c3d0       ?clear@serverpasswords@@UAEXXZ 0040d3d0 f i server.obj
 0001:0000c3f0       ?read@serverpasswords@@UAEXXZ 0040d3f0 f i server.obj
 0001:0000c6b0       ?check@serverpasswords@@QAE_NPBD0HPAUpwddetail@@I@Z 0040d6b0 f i server.obj
 0001:0000c980       ??_Eserverinfofile@@UAEPAXI@Z 0040d980 f i * CIL library *:* CIL module *
 0001:0000c980       ??_Eserverpasswords@@UAEPAXI@Z 0040d980 f i * CIL library *:* CIL module *
 0001:0000c980       ??_Gserverinfofile@@UAEPAXI@Z 0040d980 f i server.obj
 0001:0000c980       ??_Gserverpasswords@@UAEPAXI@Z 0040d980 f i server.obj
 0001:0000c9b0       ??1serverinfofile@@UAE@XZ  0040d9b0 f i server.obj
 0001:0000c9b0       ??1serveripblacklist@@UAE@XZ 0040d9b0 f i server.obj
 0001:0000c9b0       ??1serveripcclist@@UAE@XZ  0040d9b0 f i server.obj
 0001:0000c9b0       ??1serverpasswords@@UAE@XZ 0040d9b0 f i server.obj
 0001:0000ca20       ?read@serverinfofile@@UAEXXZ 0040da20 f i server.obj
 0001:0000cb30       ?update@servpar@@QAEXXZ    0040db30 f i server.obj
 0001:0000cc40       ?nextvalue@servpar@@QAE_NPAD@Z 0040dc40 f i server.obj
 0001:0000ccf0       ?load@serverparameter@@UAE_NXZ 0040dcf0 f i server.obj
 0001:0000ce90       ?read@serverparameter@@UAEXXZ 0040de90 f i server.obj
 0001:0000d010       ??_Eserveripblacklist@@UAEPAXI@Z 0040e010 f i * CIL library *:* CIL module *
 0001:0000d010       ??_Eserveripcclist@@UAEPAXI@Z 0040e010 f i * CIL library *:* CIL module *
 0001:0000d010       ??_Gserveripblacklist@@UAEPAXI@Z 0040e010 f i server.obj
 0001:0000d010       ??_Gserveripcclist@@UAEPAXI@Z 0040e010 f i server.obj
 0001:0000d040       ??1servernickblacklist@@UAE@XZ 0040e040 f i server.obj
 0001:0000d150       ??_Eservernickblacklist@@UAEPAXI@Z 0040e150 f i * CIL library *:* CIL module *
 0001:0000d150       ??_Gservernickblacklist@@UAEPAXI@Z 0040e150 f i server.obj
 0001:0000d180       ??_Eserverforbiddenlist@@UAEPAXI@Z 0040e180 f i * CIL library *:* CIL module *
 0001:0000d180       ??_Gserverforbiddenlist@@UAEPAXI@Z 0040e180 f i server.obj
 0001:0000d1e0       ??_Gservermap@@QAEPAXI@Z   0040e1e0 f i server.obj
 0001:0000d2e0       ??_Gworldstate@@QAEPAXI@Z  0040e2e0 f i server.obj
 0001:0000d340       ??_G?$vector@E@@QAEPAXI@Z  0040e340 f i server.obj
 0001:0000d380       ?send_item_list@@YAXAAUpacketbuf@@@Z 0040e380 f i server.obj
 0001:0000d410       ?check_pdist@@YAHPAUclient@@AAM@Z 0040e410 f i server.obj
 0001:0000d460       ?addban@@YAXPAUclient@@HH@Z 0040e460 f i server.obj
 0001:0000d550       ?isvalid@recorddemoaction@@UAE_NXZ 0040e550 f i server.obj
 0001:0000d550       ?isvalid@serveraction@@UAE_NXZ 0040e550 f i server.obj
 0001:0000d550       ___acrt_uninitialize_command_line 0040e550 f i libucrt:argv_data.obj
 0001:0000d550       __should_initialize_environment 0040e550 f i LIBCMT:env_mode.obj
 0001:0000d560       ?isdisabled@mapaction@@UAE_NXZ 0040e560 f i server.obj
 0001:0000d560       ?isdisabled@serveraction@@UAE_NXZ 0040e560 f i server.obj
 0001:0000d570       ??_Eremovebansaction@@UAEPAXI@Z 0040e570 f i * CIL library *:* CIL module *
 0001:0000d570       ??_Eserveraction@@UAEPAXI@Z 0040e570 f i * CIL library *:* CIL module *
 0001:0000d570       ??_Eshuffleteamaction@@UAEPAXI@Z 0040e570 f i * CIL library *:* CIL module *
 0001:0000d570       ??_Gremovebansaction@@UAEPAXI@Z 0040e570 f i server.obj
 0001:0000d570       ??_Gserveraction@@UAEPAXI@Z 0040e570 f i server.obj
 0001:0000d570       ??_Gshuffleteamaction@@UAEPAXI@Z 0040e570 f i server.obj
 0001:0000d5a0       ?perform@mapaction@@UAEXXZ 0040e5a0 f i server.obj
 0001:0000d690       ?isvalid@mapaction@@UAE_NXZ 0040e690 f i server.obj
 0001:0000d6f0       ??0mapaction@@QAE@PADHHH_N@Z 0040e6f0 f i server.obj
 0001:0000dc90       ??_Emapaction@@UAEPAXI@Z   0040ec90 f i * CIL library *:* CIL module *
 0001:0000dc90       ??_Gmapaction@@UAEPAXI@Z   0040ec90 f i server.obj
 0001:0000dce0       ?perform@demoplayaction@@UAEXXZ 0040ece0 f i server.obj
 0001:0000dcf0       ??_Edemoplayaction@@UAEPAXI@Z 0040ecf0 f i * CIL library *:* CIL module *
 0001:0000dcf0       ??_Gdemoplayaction@@UAEPAXI@Z 0040ecf0 f i server.obj
 0001:0000dd40       ?isvalid@playeraction@@UAE_NXZ 0040ed40 f i server.obj
 0001:0000dd70       ??0playeraction@@QAE@H@Z   0040ed70 f i server.obj
 0001:0000ddd0       ??_Egiveadminaction@@UAEPAXI@Z 0040edd0 f i * CIL library *:* CIL module *
 0001:0000ddd0       ??_Eplayeraction@@UAEPAXI@Z 0040edd0 f i * CIL library *:* CIL module *
 0001:0000ddd0       ??_Ggiveadminaction@@UAEPAXI@Z 0040edd0 f i server.obj
 0001:0000ddd0       ??_Gplayeraction@@UAEPAXI@Z 0040edd0 f i server.obj
 0001:0000de00       ?perform@forceteamaction@@UAEXXZ 0040ee00 f i server.obj
 0001:0000de20       ?isvalid@forceteamaction@@UAE_NXZ 0040ee20 f i server.obj
 0001:0000de60       ??_Ebanaction@@UAEPAXI@Z   0040ee60 f i * CIL library *:* CIL module *
 0001:0000de60       ??_Eforceteamaction@@UAEPAXI@Z 0040ee60 f i * CIL library *:* CIL module *
 0001:0000de60       ??_Ekickaction@@UAEPAXI@Z  0040ee60 f i * CIL library *:* CIL module *
 0001:0000de60       ??_Gbanaction@@UAEPAXI@Z   0040ee60 f i server.obj
 0001:0000de60       ??_Gforceteamaction@@UAEPAXI@Z 0040ee60 f i server.obj
 0001:0000de60       ??_Gkickaction@@UAEPAXI@Z  0040ee60 f i server.obj
 0001:0000de90       ?perform@giveadminaction@@UAEXXZ 0040ee90 f i server.obj
 0001:0000deb0       ?perform@kickaction@@UAEXXZ 0040eeb0 f i server.obj
 0001:0000df10       ?isvalid@banaction@@UAE_NXZ 0040ef10 f i server.obj
 0001:0000df10       ?isvalid@kickaction@@UAE_NXZ 0040ef10 f i server.obj
 0001:0000df50       ?perform@banaction@@UAEXXZ 0040ef50 f i server.obj
 0001:0000dfb0       ?perform@removebansaction@@UAEXXZ 0040efb0 f i server.obj
 0001:0000dfd0       ?perform@pauseaction@@UAEXXZ 0040efd0 f i server.obj
 0001:0000e040       ?isvalid@pauseaction@@UAE_NXZ 0040f040 f i server.obj
 0001:0000e060       ??_Eautoteamaction@@UAEPAXI@Z 0040f060 f i * CIL library *:* CIL module *
 0001:0000e060       ??_Ecleardemosaction@@UAEPAXI@Z 0040f060 f i * CIL library *:* CIL module *
 0001:0000e060       ??_Emastermodeaction@@UAEPAXI@Z 0040f060 f i * CIL library *:* CIL module *
 0001:0000e060       ??_Epauseaction@@UAEPAXI@Z 0040f060 f i * CIL library *:* CIL module *
 0001:0000e060       ??_Erecorddemoaction@@UAEPAXI@Z 0040f060 f i * CIL library *:* CIL module *
 0001:0000e060       ??_Gautoteamaction@@UAEPAXI@Z 0040f060 f i server.obj
 0001:0000e060       ??_Gcleardemosaction@@UAEPAXI@Z 0040f060 f i server.obj
 0001:0000e060       ??_Gmastermodeaction@@UAEPAXI@Z 0040f060 f i server.obj
 0001:0000e060       ??_Gpauseaction@@UAEPAXI@Z 0040f060 f i server.obj
 0001:0000e060       ??_Grecorddemoaction@@UAEPAXI@Z 0040f060 f i server.obj
 0001:0000e090       ?perform@mastermodeaction@@UAEXXZ 0040f090 f i server.obj
 0001:0000e0a0       ?isvalid@mastermodeaction@@UAE_NXZ 0040f0a0 f i server.obj
 0001:0000e0b0       ?perform@autoteamaction@@UAEXXZ 0040f0b0 f i server.obj
 0001:0000e150       ?perform@shuffleteamaction@@UAEXXZ 0040f150 f i server.obj
 0001:0000e1a0       ?isvalid@shuffleteamaction@@UAE_NXZ 0040f1a0 f i server.obj
 0001:0000e1f0       ?perform@cleardemosaction@@UAEXXZ 0040f1f0 f i server.obj
 0001:0000e2d0       ?perform@serverdescaction@@UAEXXZ 0040f2d0 f i server.obj
 0001:0000e380       ?isvalid@serverdescaction@@UAE_NXZ 0040f380 f i server.obj
 0001:0000e3c0       ??_Eserverdescaction@@UAEPAXI@Z 0040f3c0 f i * CIL library *:* CIL module *
 0001:0000e3c0       ??_Gserverdescaction@@UAEPAXI@Z 0040f3c0 f i server.obj
 0001:0000e410       ?end@voteinfo@@QAEXH@Z     0040f410 f i server.obj
 0001:0000e4d0       ?evaluate@voteinfo@@QAEX_N@Z 0040f4d0 f i server.obj
 0001:0000e6a0       ?getbits@?$bitbuf@U?$databuf@E@@@@QAEHH@Z 0040f6a0 f i server.obj
 0001:0000e750       ?full@?$ringbuf@PAUservinfoauth@@$0BA@@@QBE_NXZ 0040f750 f i server.obj
 0001:0000e780       ?add@?$ringbuf@E$0EAAAA@@@QAEXPBEH@Z 0040f780 f i server.obj
 0001:0000e800       ?add@?$vector@H@@QAEAAHABH@Z 0040f800 f i server.obj
 0001:0000e800       ?add@?$vector@PAUservermap@@@@QAEAAPAUservermap@@ABQAU2@@Z 0040f800 f i server.obj
 0001:0000e890       ?remove@?$vector@Uban@@@@QAE?AUban@@H@Z 0040f890 f i server.obj
 0001:0000e900       ?add@?$vector@PAUclient@@@@QAEAAPAUclient@@ABQAU2@@Z 0040f900 f i server.obj
 0001:0000e9c0       ?access@?$hashtable@Uuchar32@@Uvita_s@@@@QAEAAUvita_s@@ABUuchar32@@ABU2@@Z 0040f9c0 f i server.obj
 0001:0000eba0       ?access@?$hashtable@Uuchar32@@Uvita_s@@@@QAEPAUvita_s@@ABUuchar32@@@Z 0040fba0 f i server.obj
 0001:0000ec00       ?access@?$hashtable@PBDUservpar@@@@QAEAAUservpar@@ABQBDABU2@@Z 0040fc00 f i server.obj
 0001:0000ed00       ?access@?$hashtable@PBDUservpar@@@@QAEPAUservpar@@ABQBD@Z 0040fd00 f i server.obj
 0001:0000ed90       ??0?$hashtable@PBDUservpar@@@@QAE@H@Z 0040fd90 f i server.obj
 0001:0000ee00       ?add@?$vector@Upwddetail@@@@QAEAAUpwddetail@@ABU2@@Z 0040fe00 f i server.obj
 0001:0000eea0       ?clear@?$hashtable@PBDH@@QAEX_N@Z 0040fea0 f i server.obj
 0001:0000efc0       ?access@?$hashtable@PBDH@@QAEAAHABQBDABH@Z 0040ffc0 f i server.obj
 0001:0000f0b0       ?access@?$hashtable@PBDH@@QAEPAHABQBD@Z 004100b0 f i server.obj
 0001:0000f140       ?remove@?$vector@Uiprangecc@@@@QAE?AUiprangecc@@H@Z 00410140 f i server.obj
 0001:0000f1a0       ?get@?$databuf@E@@QAEHPAEH@Z 004101a0 f i server.obj
 0001:0000f1e0       ?growbuf@?$vector@D@@QAEXH@Z 004101e0 f i server.obj
 0001:0000f1e0       ?growbuf@?$vector@E@@QAEXH@Z 004101e0 f i server.obj
 0001:0000f240       ?insertchains@?$hashtable@PBDH@@QAEXPAUchainchunk@1@@Z 00410240 f i server.obj
 0001:0000f310       ?insertchains@?$hashtable@PBDUservpar@@@@QAEXPAUchainchunk@1@@Z 00410310 f i server.obj
 0001:0000f400       ??_Gcert@@QAEPAXI@Z        00410400 f i crypto.obj
 0001:0000f480       _fprintf                   00410480 f i log.obj
 0001:0000f4b0       ?strrchr@@YAPADQADH@Z      004104b0 f i stream.obj
 0001:0000f4c0       ?printf@stream@@UAAHPBDZZ  004104c0 f i stream.obj
 0001:0000f4c0       ?tell@stream@@UAEJXZ       004104c0 f i stream.obj
 0001:0000f4d0       ?seek@stream@@UAE_NJH@Z    004104d0 f i stream.obj
 0001:0000f4e0       ?read@stream@@UAEHPAXH@Z   004104e0 f i stream.obj
 0001:0000f4e0       ?write@stream@@UAEHPBXH@Z  004104e0 f i stream.obj
 0001:0000f4f0       ?getchar@stream@@UAEHXZ    004104f0 f i stream.obj
 0001:0000f510       ?putchar@stream@@UAE_NH@Z  00410510 f i stream.obj
 0001:0000f530       ?putstring@stream@@UAE_NPBD@Z 00410530 f i stream.obj
 0001:0000f560       ?putline@stream@@UAE_NPBD@Z 00410560 f i stream.obj
 0001:0000f590       ?getcrc@stream@@UAEIXZ     00410590 f i stream.obj
 0001:0000f590       ___scrt_exe_initialize_mta 00410590 f i LIBCMT:utility_desktop.obj
 0001:0000f590       ___scrt_initialize_winrt   00410590 f i LIBCMT:utility_desktop.obj
 0001:0000f590       ___scrt_stub_for_initialize_mta 00410590 f i LIBCMT:utility_desktop.obj
 0001:0000f590       __get_startup_commit_mode  00410590 f i LIBCMT:commit_mode.obj
 0001:0000f590       __get_startup_new_mode     00410590 f i LIBCMT:new_mode.obj
 0001:0000f590       __get_startup_thread_locale_mode 00410590 f i LIBCMT:thread_locale.obj
 0001:0000f590       __matherr                  00410590 f i LIBCMT:matherr.obj
 0001:0000f5a0       ??_Estream@@UAEPAXI@Z      004105a0 f i * CIL library *:* CIL module *
 0001:0000f5a0       ??_Gstream@@UAEPAXI@Z      004105a0 f i stream.obj
 0001:0000f5d0       ?close@filestream@@UAEXXZ  004105d0 f i stream.obj
 0001:0000f5f0       ?end@filestream@@UAE_NXZ   004105f0 f i stream.obj
 0001:0000f610       ?tell@filestream@@UAEJXZ   00410610 f i stream.obj
 0001:0000f620       ?seek@filestream@@UAE_NJH@Z 00410620 f i stream.obj
 0001:0000f640       ?fflush@filestream@@UAEXXZ 00410640 f i stream.obj
 0001:0000f650       ?read@filestream@@UAEHPAXH@Z 00410650 f i stream.obj
 0001:0000f670       ?write@filestream@@UAEHPBXH@Z 00410670 f i stream.obj
 0001:0000f690       ?getchar@filestream@@UAEHXZ 00410690 f i stream.obj
 0001:0000f6a0       ?putchar@filestream@@UAE_NH@Z 004106a0 f i stream.obj
 0001:0000f6c0       ?getline@filestream@@UAE_NPADH@Z 004106c0 f i stream.obj
 0001:0000f6e0       ?putstring@filestream@@UAE_NPBD@Z 004106e0 f i stream.obj
 0001:0000f700       ?printf@filestream@@UAAHPBDZZ 00410700 f i stream.obj
 0001:0000f730       ??_Efilestream@@UAEPAXI@Z  00410730 f i * CIL library *:* CIL module *
 0001:0000f730       ??_Gfilestream@@UAEPAXI@Z  00410730 f i stream.obj
 0001:0000f770       ?readbyte@gzstream@@QAEHH@Z 00410770 f i stream.obj
 0001:0000f7d0       ?skipbytes@gzstream@@QAEXH@Z 004107d0 f i stream.obj
 0001:0000f810       ?checkheader@gzstream@@QAE_NXZ 00410810 f i stream.obj
 0001:0000fac0       ?open@gzstream@@QAE_NPAUstream@@PBD_NH@Z 00410ac0 f i stream.obj
 0001:0000fc10       ?getcrc@gzstream@@UAEIXZ   00410c10 f i stream.obj
 0001:0000fc20       ?stopreading@gzstream@@QAEXXZ 00410c20 f i stream.obj
 0001:0000fc40       ?stopwriting@gzstream@@QAEXXZ 00410c40 f i stream.obj
 0001:0000fc60       ?close@gzstream@@UAEXXZ    00410c60 f i stream.obj
 0001:0000fdb0       ?end@gzstream@@UAE_NXZ     00410db0 f i stream.obj
 0001:0000fdd0       ?tell@gzstream@@UAEJXZ     00410dd0 f i stream.obj
 0001:0000fdf0       ?seek@gzstream@@UAE_NJH@Z  00410df0 f i stream.obj
 0001:0000ff30       ?read@gzstream@@UAEHPAXH@Z 00410f30 f i stream.obj
 0001:00010000       ?write@gzstream@@UAEHPBXH@Z 00411000 f i stream.obj
 0001:000100c0       ??_Egzstream@@UAEPAXI@Z    004110c0 f i * CIL library *:* CIL module *
 0001:000100c0       ??_Ggzstream@@UAEPAXI@Z    004110c0 f i stream.obj
 0001:00010230       ?close@vecstream@@UAEXXZ   00411230 f i stream.obj
 0001:00010250       ?end@vecstream@@UAE_NXZ    00411250 f i stream.obj
 0001:00010270       ?tell@vecstream@@UAEJXZ    00411270 f i stream.obj
 0001:00010280       ?size@vecstream@@UAEJXZ    00411280 f i stream.obj
 0001:00010290       ?seek@vecstream@@UAE_NJH@Z 00411290 f i stream.obj
 0001:000102f0       ?read@vecstream@@UAEHPAXH@Z 004112f0 f i stream.obj
 0001:00010340       ?write@vecstream@@UAEHPBXH@Z 00411340 f i stream.obj
 0001:000103b0       ?printf@vecstream@@UAAHPBDZZ 004113b0 f i stream.obj
 0001:00010470       ??_Evecstream@@UAEPAXI@Z   00411470 f i * CIL library *:* CIL module *
 0001:00010470       ??_Gvecstream@@UAEPAXI@Z   00411470 f i stream.obj
 0001:000104c0       ?put@packetbuf@@QAEXABE@Z  004114c0 f i protocol1.obj
 0001:00010522       _htonl@4                   00411522 f   ws2_32:WS2_32.dll
 0001:00010528       _ntohl@4                   00411528 f   ws2_32:WS2_32.dll
 0001:0001052e       ___WSAFDIsSet@8            0041152e f   ws2_32:WS2_32.dll
 0001:00010534       _WSAStartup@8              00411534 f   ws2_32:WS2_32.dll
 0001:0001053a       _WSACleanup@0              0041153a f   ws2_32:WS2_32.dll
 0001:00010540       _gethostbyname@4           00411540 f   ws2_32:WS2_32.dll
 0001:00010546       _inet_addr@4               00411546 f   ws2_32:WS2_32.dll
 0001:0001054c       _inet_ntoa@4               0041154c f   ws2_32:WS2_32.dll
 0001:00010552       _gethostbyaddr@12          00411552 f   ws2_32:WS2_32.dll
 0001:00010558       _htons@4                   00411558 f   ws2_32:WS2_32.dll
 0001:0001055e       _bind@12                   0041155e f   ws2_32:WS2_32.dll
 0001:00010564       _listen@8                  00411564 f   ws2_32:WS2_32.dll
 0001:0001056a       _socket@12                 0041156a f   ws2_32:WS2_32.dll
 0001:00010570       _setsockopt@20             00411570 f   ws2_32:WS2_32.dll
 0001:00010576       _ioctlsocket@12            00411576 f   ws2_32:WS2_32.dll
 0001:0001057c       _connect@12                0041157c f   ws2_32:WS2_32.dll
 0001:00010582       _WSAGetLastError@0         00411582 f   ws2_32:WS2_32.dll
 0001:00010588       _accept@12                 00411588 f   ws2_32:WS2_32.dll
 0001:0001058e       _ntohs@4                   0041158e f   ws2_32:WS2_32.dll
 0001:00010594       _shutdown@8                00411594 f   ws2_32:WS2_32.dll
 0001:0001059a       _closesocket@4             0041159a f   ws2_32:WS2_32.dll
 0001:000105a0       _WSASendTo@36              004115a0 f   ws2_32:WS2_32.dll
 0001:000105a6       _WSARecvFrom@36            004115a6 f   ws2_32:WS2_32.dll
 0001:000105ac       _select@20                 004115ac f   ws2_32:WS2_32.dll
 0001:000105b2       _timeBeginPeriod@4         004115b2 f   winmm:WINMM.dll
 0001:000105b8       _timeEndPeriod@4           004115b8 f   winmm:WINMM.dll
 0001:000105be       _timeGetTime@0             004115be f   winmm:WINMM.dll
 0001:000105c4       @__security_check_cookie@4 004115c4 f   LIBCMT:secchk.obj
 0001:000105d2       ??_V@YAXPAX@Z              004115d2 f   LIBCMT:delete_array.obj
 0001:000105d7       __Init_thread_footer       004115d7 f   LIBCMT:thread_safe_statics.obj
 0001:00010628       __Init_thread_header       00411628 f   LIBCMT:thread_safe_statics.obj
 0001:00010677       __Init_thread_wait_v2      00411677 f   LIBCMT:thread_safe_statics.obj
 0001:0001068c       ___raise_securityfailure   0041168c f   LIBCMT:gs_report.obj
 0001:000106b4       ___report_gsfailure        004116b4 f   LIBCMT:gs_report.obj
 0001:000107af       ___report_rangecheckfailure 004117af f   LIBCMT:gs_report.obj
 0001:000107bc       ___report_securityfailure  004117bc f   LIBCMT:gs_report.obj
 0001:0001088c       ??2@YAPAXI@Z               0041188c f   LIBCMT:new_scalar.obj
 0001:00010900       ___scrt_acquire_startup_lock 00411900 f   LIBCMT:utility.obj
 0001:00010932       ___scrt_initialize_crt     00411932 f   LIBCMT:utility.obj
 0001:0001096b       ___scrt_initialize_onexit_tables 0041196b f   LIBCMT:utility.obj
 0001:000109f2       ___scrt_is_nonwritable_in_current_image 004119f2 f   LIBCMT:utility.obj
 0001:00010a86       ___scrt_release_startup_lock 00411a86 f   LIBCMT:utility.obj
 0001:00010aa3       ___scrt_uninitialize_crt   00411aa3 f   LIBCMT:utility.obj
 0001:00010acb       __onexit                   00411acb f   LIBCMT:utility.obj
 0001:00010af8       _atexit                    00411af8 f   LIBCMT:utility.obj
 0001:00010b0d       ??3@YAXPAXI@Z              00411b0d f   LIBCMT:delete_scalar_size.obj
 0001:00010b1b       ??_U@YAPAXI@Z              00411b1b f   LIBCMT:new_array.obj
 0001:00010b24       ??_Etype_info@@UAEPAXI@Z   00411b24 f i LIBCMT:std_type_info_static.obj
 0001:00010b24       ??_Gtype_info@@UAEPAXI@Z   00411b24 f i LIBCMT:std_type_info_static.obj
 0001:00010d8e       _mainCRTStartup            00411d8e f   LIBCMT:exe_main.obj
 0001:00010d98       ??3@YAXPAX@Z               00411d98 f   LIBCMT:delete_scalar.obj
 0001:00010d9d       ??0bad_alloc@std@@QAE@ABV01@@Z 00411d9d f i LIBCMT:throw_bad_alloc.obj
 0001:00010db8       ??0bad_alloc@std@@QAE@XZ   00411db8 f i LIBCMT:throw_bad_alloc.obj
 0001:00010dd0       ??0bad_array_new_length@std@@QAE@ABV01@@Z 00411dd0 f i LIBCMT:throw_bad_alloc.obj
 0001:00010deb       ??0bad_array_new_length@std@@QAE@XZ 00411deb f i LIBCMT:throw_bad_alloc.obj
 0001:00010e03       ??0exception@std@@QAE@ABV01@@Z 00411e03 f i LIBCMT:throw_bad_alloc.obj
 0001:00010e2f       ??1bad_alloc@std@@UAE@XZ   00411e2f f i LIBCMT:throw_bad_alloc.obj
 0001:00010e2f       ??1bad_array_new_length@std@@UAE@XZ 00411e2f f i LIBCMT:throw_bad_alloc.obj
 0001:00010e2f       ??1bad_exception@std@@UAE@XZ 00411e2f f i libvcruntime:frame.obj
 0001:00010e40       ??_Ebad_alloc@std@@UAEPAXI@Z 00411e40 f i LIBCMT:throw_bad_alloc.obj
 0001:00010e40       ??_Ebad_array_new_length@std@@UAEPAXI@Z 00411e40 f i LIBCMT:throw_bad_alloc.obj
 0001:00010e40       ??_Ebad_exception@std@@UAEPAXI@Z 00411e40 f i libvcruntime:frame.obj
 0001:00010e40       ??_Eexception@std@@UAEPAXI@Z 00411e40 f i LIBCMT:throw_bad_alloc.obj
 0001:00010e40       ??_Gbad_alloc@std@@UAEPAXI@Z 00411e40 f i LIBCMT:throw_bad_alloc.obj
 0001:00010e40       ??_Gbad_array_new_length@std@@UAEPAXI@Z 00411e40 f i LIBCMT:throw_bad_alloc.obj
 0001:00010e40       ??_Gbad_exception@std@@UAEPAXI@Z 00411e40 f i libvcruntime:frame.obj
 0001:00010e40       ??_Gexception@std@@UAEPAXI@Z 00411e40 f i LIBCMT:throw_bad_alloc.obj
 0001:00010e6d       ?__scrt_throw_std_bad_alloc@@YAXXZ 00411e6d f   LIBCMT:throw_bad_alloc.obj
 0001:00010e8a       ?__scrt_throw_std_bad_array_new_length@@YAXXZ 00411e8a f   LIBCMT:throw_bad_alloc.obj
 0001:00010ea7       ?what@exception@std@@UBEPBDXZ 00411ea7 f i LIBCMT:throw_bad_alloc.obj
 0001:00010eb4       ___isa_available_init      00411eb4 f   LIBCMT:cpu_disp.obj
 0001:000111e1       __get_startup_argv_mode    004121e1 f   LIBCMT:argv_mode.obj
 0001:000111e5       ___scrt_is_ucrt_dll_in_use 004121e5 f   LIBCMT:ucrt_detection.obj
 0001:000111f1       ___scrt_fastfail           004121f1 f   LIBCMT:utility_desktop.obj
 0001:00011306       ___scrt_initialize_mta     00412306 f   LIBCMT:utility_desktop.obj
 0001:0001130b       ___scrt_is_managed_app     0041230b f   LIBCMT:utility_desktop.obj
 0001:0001134d       ___scrt_set_unhandled_exception_filter 0041234d f   LIBCMT:utility_desktop.obj
 0001:00011359       ___scrt_unhandled_exception_filter@4 00412359 f   LIBCMT:utility_desktop.obj
 0001:000113af       __crt_debugger_hook        004123af f   LIBCMT:utility_desktop.obj
 0001:000113c0       __SEH_prolog4              004123c0 f   LIBCMT:sehprolg4.obj
 0001:00011452       ___security_init_cookie    00412452 f   LIBCMT:gs_support.obj
 0001:0001149d       __get_startup_file_mode    0041249d f   LIBCMT:file_mode.obj
 0001:000114a3       ?__scrt_initialize_type_info@@YAXXZ 004124a3 f   LIBCMT:tncleanup.obj
 0001:000114af       __initialize_default_precision 004124af f   LIBCMT:default_precision.obj
 0001:000114d0       ___scrt_initialize_default_local_stdio_options 004124d0 f   LIBCMT:default_local_stdio_options.obj
 0001:000114ed       ___scrt_is_user_matherr_present 004124ed f   LIBCMT:matherr_detection.obj
 0001:000114f9       ___scrt_get_dyn_tls_init_callback 004124f9 f   LIBCMT:dyn_tls_init.obj
 0001:000114ff       ___scrt_get_dyn_tls_dtor_callback 004124ff f   LIBCMT:dyn_tls_dtor.obj
 0001:00011505       __RTC_Initialize           00412505 f   LIBCMT:initsect.obj
 0001:00011531       __RTC_Terminate            00412531 f   LIBCMT:initsect.obj
 0001:000115a0       __except_handler4          004125a0 f   libvcruntime:chandler4.obj
 0001:000116fe       __get_purecall_handler     004126fe f   libvcruntime:purevirt.obj
 0001:00011705       __purecall                 00412705 f   libvcruntime:purevirt.obj
 0001:00011730       _strstr                    00412730 f   libvcruntime:strstr.obj
 0001:000119a0       _strchr                    004129a0 f   libvcruntime:strchr.obj
 0001:00011a0e       ___from_strstr_to_strchr   00412a0e     libvcruntime:strchr.obj
 0001:00011ad0       _strrchr                   00412ad0 f   libvcruntime:strrchr.obj
 0001:00011c10       _memset                    00412c10 f   libvcruntime:memset.obj
 0001:00011d70       _memcpy                    00412d70 f   libvcruntime:memcpy.obj
 0001:00011d70       _memmove                   00412d70 f   libvcruntime:memmove.obj
 0001:000122e4       ___vcrt_initialize         004132e4 f   libvcruntime:initialization.obj
 0001:00012303       ___vcrt_uninitialize       00413303 f   libvcruntime:initialization.obj
 0001:0001231a       ___std_exception_copy      0041331a f   libvcruntime:std_exception.obj
 0001:0001237d       ___std_exception_destroy   0041337d f   libvcruntime:std_exception.obj
 0001:0001239c       __CxxThrowException@8      0041339c f   libvcruntime:throw.obj
 0001:00012408       ___DestructExceptionObject 00413408 f   libvcruntime:ehhelpers.obj
 0001:000124a9       ?_CallMemberFunction0@@YGXQAX0@Z 004134a9 f i libvcruntime:ehhelpers.obj
 0001:0001250e       __IsExceptionObjectToBeDestroyed 0041350e f   libvcruntime:ehhelpers.obj
 0001:00012534       ___AdjustPointer           00413534 f   libvcruntime:ehhelpers.obj
 0001:00012559       ___FrameUnwindFilter       00413559 f   libvcruntime:ehhelpers.obj
 0001:000125af       ___current_exception       004135af f   libvcruntime:ehhelpers.obj
 0001:000125b8       ___current_exception_context 004135b8 f   libvcruntime:ehhelpers.obj
 0001:000125c1       ___std_terminate           004135c1 f   libvcruntime:ehhelpers.obj
 0001:000125c6       ___std_type_info_compare   004135c6 f   libvcruntime:std_type_info.obj
 0001:00012610       __local_unwind4            00413610 f   libvcruntime:exsup4.obj
 0001:00012700       @_EH4_CallFilterFunc@8     00413700 f   libvcruntime:exsup4.obj
 0001:00012720       @_EH4_TransferToHandler@8  00413720 f   libvcruntime:exsup4.obj
 0001:00012740       @_EH4_GlobalUnwind2@8      00413740 f   libvcruntime:exsup4.obj
 0001:00012760       @_EH4_LocalUnwind@16       00413760 f   libvcruntime:exsup4.obj
 0001:00012777       ___except_validate_context_record 00413777 f   libvcruntime:jbcxrval.obj
 0001:000127a7       ___vcrt_freefls@4          004137a7 f   libvcruntime:per_thread_data.obj
 0001:000127c3       ___vcrt_getptd             004137c3 f   libvcruntime:per_thread_data.obj
 0001:000127d1       ___vcrt_getptd_noexit      004137d1 f   libvcruntime:per_thread_data.obj
 0001:00012863       ___vcrt_initialize_ptd     00413863 f   libvcruntime:per_thread_data.obj
 0001:00012896       ___vcrt_uninitialize_ptd   00413896 f   libvcruntime:per_thread_data.obj
 0001:000128b1       ___vcrt_initialize_locks   004138b1 f   libvcruntime:locks.obj
 0001:000128ed       ___vcrt_uninitialize_locks 004138ed f   libvcruntime:locks.obj
 0001:00012920       __NLG_Notify1              00413920 f   libvcruntime:exsup.obj
 0001:00012930       __NLG_Notify               00413930 f   libvcruntime:exsup.obj
 0001:00012947       __NLG_Dispatch             00413947     libvcruntime:exsup.obj
 0001:00012947       __NLG_Dispatch2            00413947     libvcruntime:exsup.obj
 0001:00012950       __NLG_Call                 00413950 f   libvcruntime:exsup.obj
 0001:00012952       __NLG_Return2              00413952     libvcruntime:exsup.obj
 0001:00012a3e       ___vcrt_FlsAlloc           00413a3e f   libvcruntime:winapi_downlevel.obj
 0001:00012a79       ___vcrt_FlsFree            00413a79 f   libvcruntime:winapi_downlevel.obj
 0001:00012ab4       ___vcrt_FlsGetValue        00413ab4 f   libvcruntime:winapi_downlevel.obj
 0001:00012aef       ___vcrt_FlsSetValue        00413aef f   libvcruntime:winapi_downlevel.obj
 0001:00012b2d       ___vcrt_InitializeCriticalSectionEx 00413b2d f   libvcruntime:winapi_downlevel.obj
 0001:00012b74       ?GetRangeOfTrysToCheck@__FrameHandler3@@SA?AU?$pair@Viterator@TryBlockMap@__FrameHandler3@@V123@@std@@AAVTryBlockMap@1@HPAXPBU_s_FuncInfo@@H@Z 00413b74 f   libvcruntime:trnsctrl.obj
 0001:00012be3       ?_CallCatchBlock2@@YAPAXPAUEHRegistrationNode@@PBU_s_FuncInfo@@PAXHK@Z 00413be3 f   libvcruntime:trnsctrl.obj
 0001:00012c40       ?_CallSETranslator@@YAHPAUEHExceptionRecord@@PAUEHRegistrationNode@@PAX2PBU_s_FuncInfo@@H1@Z 00413c40 f   libvcruntime:trnsctrl.obj
 0001:00012d30       ?_JumpToContinuation@@YGXPAXPAUEHRegistrationNode@@@Z 00413d30 f   libvcruntime:trnsctrl.obj
 0001:00012d60       ?_UnwindNestedFrames@@YGXPAUEHRegistrationNode@@PAUEHExceptionRecord@@@Z 00413d60 f   libvcruntime:trnsctrl.obj
 0001:00012db4       __CatchGuardHandler        00413db4 f   libvcruntime:trnsctrl.obj
 0001:00012de5       __CreateFrameInfo          00413de5 f   libvcruntime:trnsctrl.obj
 0001:00012e09       __FindAndUnlinkFrame       00413e09 f   libvcruntime:trnsctrl.obj
 0001:00012e51       __TranslatorGuardHandler   00413e51 f   libvcruntime:trnsctrl.obj
 0001:00012ef0       ___CxxFrameHandler3        00413ef0 f   libvcruntime:trnsctrl.obj
 0001:00013658       ??$TypeMatchHelper@V__FrameHandler3@@@@YAHPBU_s_HandlerType@@PBU_s_CatchableType@@PBU_s_ThrowInfo@@@Z 00414658 f i libvcruntime:frame.obj
 0001:000136e6       ??$__InternalCxxFrameHandler@V__FrameHandler3@@@@YA?AW4_EXCEPTION_DISPOSITION@@PAUEHExceptionRecord@@PAUEHRegistrationNode@@PAU_CONTEXT@@PAXPBU_s_FuncInfo@@H1E@Z 004146e6 f i libvcruntime:frame.obj
 0001:000137e8       ??$__InternalCxxFrameHandlerWrapper@V__FrameHandler3@@@@YA?AW4_EXCEPTION_DISPOSITION@@PAUEHExceptionRecord@@PAUEHRegistrationNode@@PAU_CONTEXT@@PAXPBU_s_FuncInfo@@H1E@Z 004147e8 f i libvcruntime:frame.obj
 0001:000137f1       ??0bad_exception@std@@QAE@ABV01@@Z 004147f1 f i libvcruntime:frame.obj
 0001:0001380c       ??0bad_exception@std@@QAE@XZ 0041480c f i libvcruntime:frame.obj
 0001:00013824       ??8type_info@@QBE_NABV0@@Z 00414824 f i libvcruntime:frame.obj
 0001:00013a9b       ?FrameUnwindToEmptyState@__FrameHandler3@@SAXPAUEHRegistrationNode@@PAXPBU_s_FuncInfo@@@Z 00414a9b f   libvcruntime:frame.obj
 0001:00013ab3       ?FrameUnwindToState@__FrameHandler3@@SAXPAUEHRegistrationNode@@PAXPBU_s_FuncInfo@@H@Z 00414ab3 f   libvcruntime:frame.obj
 0001:00013c35       ?_CallMemberFunction1@@YGXQAX00@Z 00414c35 f i libvcruntime:frame.obj
 0001:00013c45       ?_CallMemberFunction2@@YGXQAX00H@Z 00414c45 f i libvcruntime:frame.obj
 0001:00013c58       ?getESTypes@__FrameHandler3@@SAPBU_s_ESTypeList@@PBU_s_FuncInfo@@@Z 00414c58 f i libvcruntime:frame.obj
 0001:00013c70       __CallSettingFrame@12      00414c70 f   libvcruntime:lowhelpr.obj
 0001:00013c97       __NLG_Return               00414c97     libvcruntime:lowhelpr.obj
 0001:00013cbc       _unexpected                00414cbc f   libvcruntime:unexpected.obj
 0001:00013cd9       ?GetCurrentState@__FrameHandler3@@SAHPAUEHRegistrationNode@@PAXPBU_s_FuncInfo@@@Z 00414cd9 f   libvcruntime:ehstate.obj
 0001:00013cf6       ?SetState@__FrameHandler3@@SAXPAUEHRegistrationNode@@PBU_s_FuncInfo@@H@Z 00414cf6 f   libvcruntime:ehstate.obj
 0001:00013d5d       ??$__crt_fast_decode_pointer@P6AHI@Z@@YAP6AHI@ZQ6AHI@Z@Z 00414d5d f i libucrt:new_handler.obj
 0001:00013d5d       ??$__crt_fast_decode_pointer@P6AXH@Z@@YAP6AXH@ZQ6AXH@Z@Z 00414d5d f i libucrt:signal.obj
 0001:00013d5d       ??$__crt_fast_decode_pointer@P6GXPAXK0@Z@@YAP6GXPAXK0@ZQ6GX0K0@Z@Z 00414d5d f i libucrt:exit.obj
 0001:00013d78       ??$__crt_fast_encode_pointer@P6AHPAU_exception@@@Z@@YAP6AHPAU_exception@@@ZQ6AH0@Z@Z 00414d78 f i libucrt:matherr.obj
 0001:00013d78       ??$__crt_fast_encode_pointer@P6AHXZ@@YAP6AHXZQ6AHXZ@Z 00414d78 f i libucrt:onexit.obj
 0001:00013d78       ??$__crt_fast_encode_pointer@P6AXH@Z@@YAP6AXH@ZQ6AXH@Z@Z 00414d78 f i libucrt:signal.obj
 0001:00013d78       ??$__crt_fast_encode_pointer@P6GHPA_WKJ@Z@@YAP6GHPA_WKJ@ZQ6GH0KJ@Z@Z 00414d78 f i libucrt:winapi_thunks.obj
 0001:00013d78       ??$__crt_fast_encode_pointer@P6GXPAXK0@Z@@YAP6GXPAXK0@ZQ6GX0K0@Z@Z 00414d78 f i libucrt:exit.obj
 0001:00013d78       ??$__crt_fast_encode_pointer@PAP6AXXZ@@YAPAP6AXXZQAP6AXXZ@Z 00414d78 f i libucrt:onexit.obj
 0001:00013d78       ??$__crt_fast_encode_pointer@PAX@@YAPAXQAX@Z 00414d78 f i libucrt:initialization.obj
 0001:00013fe2       ___acrt_initialize_thread_local_exit_callback 00414fe2 f   libucrt:exit.obj
 0001:00013ff1       __c_exit                   00414ff1 f   libucrt:exit.obj
 0001:00014000       __cexit                    00415000 f   libucrt:exit.obj
 0001:0001400f       __exit                     0041500f f   libucrt:exit.obj
 0001:00014025       __register_thread_local_exe_atexit_callback 00415025 f   libucrt:exit.obj
 0001:0001404b       _exit                      0041504b f   libucrt:exit.obj
 0001:000142b6       _setlocale                 004152b6 f   libucrt:setlocale.obj
 0001:000142ee       ___acrt_locale_get_ctype_array_value 004152ee f i libucrt:_ctype.obj
 0001:00014310       _isalnum                   00415310 f   libucrt:_ctype.obj
 0001:000143a0       _isalpha                   004153a0 f   libucrt:_ctype.obj
 0001:00014430       _isdigit                   00415430 f   libucrt:_ctype.obj
 0001:000144c0       _islower                   004154c0 f   libucrt:_ctype.obj
 0001:00014550       _isprint                   00415550 f   libucrt:_ctype.obj
 0001:000145e0       _isspace                   004155e0 f   libucrt:_ctype.obj
 0001:00014670       _isupper                   00415670 f   libucrt:_ctype.obj
 0001:000146f4       ??0_LocaleUpdate@@QAE@QAU__crt_locale_pointers@@@Z 004156f4 f i libucrt:tolower_toupper.obj
 0001:00014776       __tolower_l                00415776 f   libucrt:tolower_toupper.obj
 0001:00014874       __toupper_l                00415874 f   libucrt:tolower_toupper.obj
 0001:00014972       _tolower                   00415972 f   libucrt:tolower_toupper.obj
 0001:000149a2       _toupper                   004159a2 f   libucrt:tolower_toupper.obj
 0001:00014a89       _fopen                     00415a89 f   libucrt:fopen.obj
 0001:00014aa0       ___acrt_initialize_stdio   00415aa0 f   libucrt:_file.obj
 0001:00014b68       ___acrt_iob_func           00415b68 f   libucrt:_file.obj
 0001:00014b78       ___acrt_uninitialize_stdio 00415b78 f   libucrt:_file.obj
 0001:00014bc4       __lock_file                00415bc4 f   libucrt:_file.obj
 0001:00014bd8       __unlock_file              00415bd8 f   libucrt:_file.obj
 0001:00014bec       ??0__crt_cached_ptd_host@@QAE@QAU__crt_locale_pointers@@@Z 00415bec f i libucrt:fclose.obj
 0001:00014c34       ??1__crt_cached_ptd_host@@QAE@XZ 00415c34 f i libucrt:fclose.obj
 0001:00014d95       ?force_synchronize_per_thread_data@__crt_cached_ptd_host@@AAEPAU__acrt_ptd@@XZ 00415d95 f i libucrt:fclose.obj
 0001:00014ddb       ?get_raw_ptd@__crt_cached_ptd_host@@QAEPAU__acrt_ptd@@XZ 00415ddb f i libucrt:fclose.obj
 0001:00014df8       _fclose                    00415df8 f   libucrt:fclose.obj
 0001:00014e28       ??$__acrt_convert_wcs_mbs_cp@D_WV<lambda_62f6974d9771e494a5ea317cc32e971c>@@U__crt_win32_buffer_internal_dynamic_resizing@@@@YAHQBDAAV?$__crt_win32_buffer@_WU__crt_win32_buffer_internal_dynamic_resizing@@@@ABV<lambda_62f6974d9771e494a5ea317cc32e971c>@@I@Z 00415e28 f i libucrt:unlink.obj
 0001:00014eda       ??$__acrt_mbs_to_wcs_cp@U__crt_win32_buffer_internal_dynamic_resizing@@@@YAHQBDAAV?$__crt_win32_buffer@_WU__crt_win32_buffer_internal_dynamic_resizing@@@@I@Z 00415eda f i libucrt:unlink.obj
 0001:00014ef7       ?__acrt_get_utf8_acp_compatibility_codepage@@YAIXZ 00415ef7 f i libucrt:unlink.obj
 0001:00014f36       ?_deallocate@?$__crt_win32_buffer@DU__crt_win32_buffer_internal_dynamic_resizing@@@@AAEXXZ 00415f36 f i libucrt:argv_wildcards.obj
 0001:00014f36       ?_deallocate@?$__crt_win32_buffer@_WU__crt_win32_buffer_internal_dynamic_resizing@@@@AAEXXZ 00415f36 f i libucrt:unlink.obj
 0001:00014f50       ?allocate@?$__crt_win32_buffer@_WU__crt_win32_buffer_internal_dynamic_resizing@@@@QAEHI@Z 00415f50 f i libucrt:unlink.obj
 0001:00014f8f       ?allocate@__crt_win32_buffer_internal_dynamic_resizing@@SAHQAPAXIABV__crt_win32_buffer_empty_debug_info@@@Z 00415f8f f i libucrt:unlink.obj
 0001:00014fae       _remove                    00415fae f   libucrt:unlink.obj
 0001:00015020       _strcspn                   00416020 f   libucrt:strcspn.obj
 0001:00015242       _puts                      00416242 f   libucrt:puts.obj
 0001:00015441       ??$count@D@formatting_buffer@__crt_stdio_output@@QBEIXZ 00416441 f i libucrt:output.obj
 0001:00015459       ??$ensure_buffer_is_big_enough@D@formatting_buffer@__crt_stdio_output@@QAE_NIAAV__crt_cached_ptd_host@@@Z 00416459 f i libucrt:output.obj
 0001:000154da       ??$is_overflow_condition@K@__crt_strtox@@YA_NIK@Z 004164da f i libucrt:output.obj
 0001:0001550e       ??$is_wide_character_specifier@D@__crt_stdio_output@@YA_N_KDW4length_modifier@0@@Z 0041650e f i libucrt:output.obj
 0001:0001553f       ??$make_c_string_character_source@DPAPAD@__crt_strtox@@YA?AV?$c_string_character_source@D@0@QBDQAPAD@Z 0041653f f i libucrt:output.obj
 0001:0001553f       ??$make_c_string_character_source@_WPAPA_W@__crt_strtox@@YA?AV?$c_string_character_source@_W@0@QB_WQAPA_W@Z 0041653f f i libucrt:output.obj
 0001:0001555a       ??$parse_integer@KV?$c_string_character_source@D@__crt_strtox@@$0A@@__crt_strtox@@YAKAAV__crt_cached_ptd_host@@V?$c_string_character_source@D@0@H_N@Z 0041655a f i libucrt:output.obj
 0001:00015769       ??$scratch_data@D@formatting_buffer@__crt_stdio_output@@QAEPADXZ 00416769 f i libucrt:output.obj
 0001:00015787       ??$type_case_integer@$07@?$output_processor@DV?$stream_output_adapter@D@__crt_stdio_output@@V?$standard_base@DV?$stream_output_adapter@D@__crt_stdio_output@@@2@@__crt_stdio_output@@AAE_N_N@Z 00416787 f i libucrt:output.obj
 0001:00015787       ??$type_case_integer@$07@?$output_processor@DV?$string_output_adapter@D@__crt_stdio_output@@V?$standard_base@DV?$string_output_adapter@D@__crt_stdio_output@@@2@@__crt_stdio_output@@AAE_N_N@Z 00416787 f i libucrt:output.obj
 0001:00015914       ??$type_case_integer@$09@?$output_processor@DV?$stream_output_adapter@D@__crt_stdio_output@@V?$standard_base@DV?$stream_output_adapter@D@__crt_stdio_output@@@2@@__crt_stdio_output@@AAE_N_N@Z 00416914 f i libucrt:output.obj
 0001:00015914       ??$type_case_integer@$09@?$output_processor@DV?$string_output_adapter@D@__crt_stdio_output@@V?$standard_base@DV?$string_output_adapter@D@__crt_stdio_output@@@2@@__crt_stdio_output@@AAE_N_N@Z 00416914 f i libucrt:output.obj
 0001:00015aa1       ??$type_case_integer@$0BA@@?$output_processor@DV?$stream_output_adapter@D@__crt_stdio_output@@V?$standard_base@DV?$stream_output_adapter@D@__crt_stdio_output@@@2@@__crt_stdio_output@@AAE_N_N@Z 00416aa1 f i libucrt:output.obj
 0001:00015aa1       ??$type_case_integer@$0BA@@?$output_processor@DV?$string_output_adapter@D@__crt_stdio_output@@V?$standard_base@DV?$string_output_adapter@D@__crt_stdio_output@@@2@@__crt_stdio_output@@AAE_N_N@Z 00416aa1 f i libucrt:output.obj
 0001:00015c2e       ??$type_case_integer_parse_into_buffer@I$07@?$output_processor@DV?$stream_output_adapter@D@__crt_stdio_output@@V?$standard_base@DV?$stream_output_adapter@D@__crt_stdio_output@@@2@@__crt_stdio_output@@AAEXI_N@Z 00416c2e f i libucrt:output.obj
 0001:00015c2e       ??$type_case_integer_parse_into_buffer@I$07@?$output_processor@DV?$string_output_adapter@D@__crt_stdio_output@@V?$standard_base@DV?$string_output_adapter@D@__crt_stdio_output@@@2@@__crt_stdio_output@@AAEXI_N@Z 00416c2e f i libucrt:output.obj
 0001:00015c91       ??$type_case_integer_parse_into_buffer@I$09@?$output_processor@DV?$stream_output_adapter@D@__crt_stdio_output@@V?$standard_base@DV?$stream_output_adapter@D@__crt_stdio_output@@@2@@__crt_stdio_output@@AAEXI_N@Z 00416c91 f i libucrt:output.obj
 0001:00015c91       ??$type_case_integer_parse_into_buffer@I$09@?$output_processor@DV?$string_output_adapter@D@__crt_stdio_output@@V?$standard_base@DV?$string_output_adapter@D@__crt_stdio_output@@@2@@__crt_stdio_output@@AAEXI_N@Z 00416c91 f i libucrt:output.obj
 0001:00015d18       ??$type_case_integer_parse_into_buffer@I$0BA@@?$output_processor@DV?$stream_output_adapter@D@__crt_stdio_output@@V?$standard_base@DV?$stream_output_adapter@D@__crt_stdio_output@@@2@@__crt_stdio_output@@AAEXI_N@Z 00416d18 f i libucrt:output.obj
 0001:00015d18       ??$type_case_integer_parse_into_buffer@I$0BA@@?$output_processor@DV?$string_output_adapter@D@__crt_stdio_output@@V?$standard_base@DV?$string_output_adapter@D@__crt_stdio_output@@@2@@__crt_stdio_output@@AAEXI_N@Z 00416d18 f i libucrt:output.obj
 0001:00015d95       ??$type_case_integer_parse_into_buffer@_K$07@?$output_processor@DV?$stream_output_adapter@D@__crt_stdio_output@@V?$standard_base@DV?$stream_output_adapter@D@__crt_stdio_output@@@2@@__crt_stdio_output@@AAEX_K_N@Z 00416d95 f i libucrt:output.obj
 0001:00015d95       ??$type_case_integer_parse_into_buffer@_K$07@?$output_processor@DV?$string_output_adapter@D@__crt_stdio_output@@V?$standard_base@DV?$string_output_adapter@D@__crt_stdio_output@@@2@@__crt_stdio_output@@AAEX_K_N@Z 00416d95 f i libucrt:output.obj
 0001:00015e0d       ??$type_case_integer_parse_into_buffer@_K$09@?$output_processor@DV?$stream_output_adapter@D@__crt_stdio_output@@V?$standard_base@DV?$stream_output_adapter@D@__crt_stdio_output@@@2@@__crt_stdio_output@@AAEX_K_N@Z 00416e0d f i libucrt:output.obj
 0001:00015e0d       ??$type_case_integer_parse_into_buffer@_K$09@?$output_processor@DV?$string_output_adapter@D@__crt_stdio_output@@V?$standard_base@DV?$string_output_adapter@D@__crt_stdio_output@@@2@@__crt_stdio_output@@AAEX_K_N@Z 00416e0d f i libucrt:output.obj
 0001:00015eb4       ??$type_case_integer_parse_into_buffer@_K$0BA@@?$output_processor@DV?$stream_output_adapter@D@__crt_stdio_output@@V?$standard_base@DV?$stream_output_adapter@D@__crt_stdio_output@@@2@@__crt_stdio_output@@AAEX_K_N@Z 00416eb4 f i libucrt:output.obj
 0001:00015eb4       ??$type_case_integer_parse_into_buffer@_K$0BA@@?$output_processor@DV?$string_output_adapter@D@__crt_stdio_output@@V?$standard_base@DV?$string_output_adapter@D@__crt_stdio_output@@@2@@__crt_stdio_output@@AAEX_K_N@Z 00416eb4 f i libucrt:output.obj
 0001:00015f3e       ??0?$output_adapter_data@DV?$stream_output_adapter@D@__crt_stdio_output@@@__crt_stdio_output@@IAE@ABV?$stream_output_adapter@D@1@_KQBDAAV__crt_cached_ptd_host@@QAD@Z 00416f3e f i libucrt:output.obj
 0001:00015f3e       ??0?$output_adapter_data@DV?$string_output_adapter@D@__crt_stdio_output@@@__crt_stdio_output@@IAE@ABV?$string_output_adapter@D@1@_KQBDAAV__crt_cached_ptd_host@@QAD@Z 00416f3e f i libucrt:output.obj
 0001:00015fa5       ??1formatting_buffer@__crt_stdio_output@@QAE@XZ 00416fa5 f i libucrt:output.obj
 0001:00015fbf       ??4?$__crt_unique_heap_ptr@DU__crt_internal_free_policy@@@@QAEAAV0@$$QAV0@@Z 00416fbf f i libucrt:output.obj
 0001:0001607f       ?crop_zeroes@__crt_stdio_output@@YAXPADQAU__crt_locale_pointers@@@Z 0041707f f i libucrt:output.obj
 0001:000160df       ?find_next_state@?$output_processor@DV?$stream_output_adapter@D@__crt_stdio_output@@V?$standard_base@DV?$stream_output_adapter@D@__crt_stdio_output@@@2@@__crt_stdio_output@@ABE?AW4state@2@DW432@@Z 004170df f i libucrt:output.obj
 0001:000160df       ?find_next_state@?$output_processor@DV?$string_output_adapter@D@__crt_stdio_output@@V?$standard_base@DV?$string_output_adapter@D@__crt_stdio_output@@@2@@__crt_stdio_output@@ABE?AW4state@2@DW432@@Z 004170df f i libucrt:output.obj
 0001:0001611a       ?force_decimal_point@__crt_stdio_output@@YAXPADQAU__crt_locale_pointers@@@Z 0041711a f i libucrt:output.obj
 0001:00016176       ?parse_int_from_format_string@?$output_processor@DV?$stream_output_adapter@D@__crt_stdio_output@@V?$standard_base@DV?$stream_output_adapter@D@__crt_stdio_output@@@2@@__crt_stdio_output@@AAE_NQAH@Z 00417176 f i libucrt:output.obj
 0001:00016176       ?parse_int_from_format_string@?$output_processor@DV?$string_output_adapter@D@__crt_stdio_output@@V?$standard_base@DV?$string_output_adapter@D@__crt_stdio_output@@@2@@__crt_stdio_output@@AAE_NQAH@Z 00417176 f i libucrt:output.obj
 0001:000161ee       ?process@?$output_processor@DV?$stream_output_adapter@D@__crt_stdio_output@@V?$standard_base@DV?$stream_output_adapter@D@__crt_stdio_output@@@2@@__crt_stdio_output@@QAEHXZ 004171ee f i libucrt:output.obj
 0001:0001649e       ?process@?$output_processor@DV?$string_output_adapter@D@__crt_stdio_output@@V?$standard_base@DV?$string_output_adapter@D@__crt_stdio_output@@@2@@__crt_stdio_output@@QAEHXZ 0041749e f i libucrt:output.obj
 0001:00016772       ?state_case_size@?$output_processor@DV?$stream_output_adapter@D@__crt_stdio_output@@V?$standard_base@DV?$stream_output_adapter@D@__crt_stdio_output@@@2@@__crt_stdio_output@@AAE_NXZ 00417772 f i libucrt:output.obj
 0001:000168cb       ?state_case_size@?$output_processor@DV?$string_output_adapter@D@__crt_stdio_output@@V?$standard_base@DV?$string_output_adapter@D@__crt_stdio_output@@@2@@__crt_stdio_output@@AAE_NXZ 004178cb f i libucrt:output.obj
 0001:00016a24       ?state_case_type@?$output_processor@DV?$stream_output_adapter@D@__crt_stdio_output@@V?$standard_base@DV?$stream_output_adapter@D@__crt_stdio_output@@@2@@__crt_stdio_output@@AAE_NXZ 00417a24 f i libucrt:output.obj
 0001:00016d66       ?state_case_type@?$output_processor@DV?$string_output_adapter@D@__crt_stdio_output@@V?$standard_base@DV?$string_output_adapter@D@__crt_stdio_output@@@2@@__crt_stdio_output@@AAE_NXZ 00417d66 f i libucrt:output.obj
 0001:000170c5       ?to_integer_size@__crt_stdio_output@@YAIW4length_modifier@1@@Z 004180c5 f i libucrt:output.obj
 0001:00017119       ?type_case_Z@?$output_processor@DV?$stream_output_adapter@D@__crt_stdio_output@@V?$standard_base@DV?$stream_output_adapter@D@__crt_stdio_output@@@2@@__crt_stdio_output@@AAE_NXZ 00418119 f i libucrt:output.obj
 0001:00017119       ?type_case_Z@?$output_processor@DV?$string_output_adapter@D@__crt_stdio_output@@V?$standard_base@DV?$string_output_adapter@D@__crt_stdio_output@@@2@@__crt_stdio_output@@AAE_NXZ 00418119 f i libucrt:output.obj
 0001:0001717c       ?type_case_a@?$output_processor@DV?$stream_output_adapter@D@__crt_stdio_output@@V?$standard_base@DV?$stream_output_adapter@D@__crt_stdio_output@@@2@@__crt_stdio_output@@AAE_NXZ 0041817c f i libucrt:output.obj
 0001:0001717c       ?type_case_a@?$output_processor@DV?$string_output_adapter@D@__crt_stdio_output@@V?$standard_base@DV?$string_output_adapter@D@__crt_stdio_output@@@2@@__crt_stdio_output@@AAE_NXZ 0041817c f i libucrt:output.obj
 0001:0001730d       ?type_case_c_tchar@?$output_processor@DV?$stream_output_adapter@D@__crt_stdio_output@@V?$standard_base@DV?$stream_output_adapter@D@__crt_stdio_output@@@2@@__crt_stdio_output@@AAE_ND@Z 0041830d f i libucrt:output.obj
 0001:0001730d       ?type_case_c_tchar@?$output_processor@DV?$string_output_adapter@D@__crt_stdio_output@@V?$standard_base@DV?$string_output_adapter@D@__crt_stdio_output@@@2@@__crt_stdio_output@@AAE_ND@Z 0041830d f i libucrt:output.obj
 0001:000173a2       ?type_case_n@?$output_processor@DV?$stream_output_adapter@D@__crt_stdio_output@@V?$standard_base@DV?$stream_output_adapter@D@__crt_stdio_output@@@2@@__crt_stdio_output@@AAE_NXZ 004183a2 f i libucrt:output.obj
 0001:000173a2       ?type_case_n@?$output_processor@DV?$string_output_adapter@D@__crt_stdio_output@@V?$standard_base@DV?$string_output_adapter@D@__crt_stdio_output@@@2@@__crt_stdio_output@@AAE_NXZ 004183a2 f i libucrt:output.obj
 0001:00017427       ?type_case_o@?$output_processor@DV?$stream_output_adapter@D@__crt_stdio_output@@V?$standard_base@DV?$stream_output_adapter@D@__crt_stdio_output@@@2@@__crt_stdio_output@@AAE_NXZ 00418427 f i libucrt:output.obj
 0001:00017427       ?type_case_o@?$output_processor@DV?$string_output_adapter@D@__crt_stdio_output@@V?$standard_base@DV?$string_output_adapter@D@__crt_stdio_output@@@2@@__crt_stdio_output@@AAE_NXZ 00418427 f i libucrt:output.obj
 0001:00017444       ?type_case_p@?$output_processor@DV?$stream_output_adapter@D@__crt_stdio_output@@V?$standard_base@DV?$stream_output_adapter@D@__crt_stdio_output@@@2@@__crt_stdio_output@@AAE_NXZ 00418444 f i libucrt:output.obj
 0001:00017444       ?type_case_p@?$output_processor@DV?$string_output_adapter@D@__crt_stdio_output@@V?$standard_base@DV?$string_output_adapter@D@__crt_stdio_output@@@2@@__crt_stdio_output@@AAE_NXZ 00418444 f i libucrt:output.obj
 0001:0001745a       ?type_case_s@?$output_processor@DV?$stream_output_adapter@D@__crt_stdio_output@@V?$standard_base@DV?$stream_output_adapter@D@__crt_stdio_output@@@2@@__crt_stdio_output@@AAE_NXZ 0041845a f i libucrt:output.obj
 0001:0001745a       ?type_case_s@?$output_processor@DV?$string_output_adapter@D@__crt_stdio_output@@V?$standard_base@DV?$string_output_adapter@D@__crt_stdio_output@@@2@@__crt_stdio_output@@AAE_NXZ 0041845a f i libucrt:output.obj
 0001:000174cc       ?unget@?$c_string_character_source@D@__crt_strtox@@QAEXD@Z 004184cc f i libucrt:output.obj
 0001:000174f5       ?unget@?$c_string_character_source@_W@__crt_strtox@@QAEX_W@Z 004184f5 f i libucrt:output.obj
 0001:00017530       ?update_locale_slow@__crt_cached_ptd_host@@AAEXXZ 00418530 f i libucrt:output.obj
 0001:0001758b       ?validate@?$c_string_character_source@D@__crt_strtox@@QBE_NXZ 0041858b f i libucrt:output.obj
 0001:0001758b       ?validate@?$c_string_character_source@_W@__crt_strtox@@QBE_NXZ 0041858b f i libucrt:output.obj
 0001:000175a6       ?validate@?$stream_output_adapter@D@__crt_stdio_output@@QBE_NAAV__crt_cached_ptd_host@@@Z 004185a6 f i libucrt:output.obj
 0001:000175de       ?validate@?$string_output_adapter@D@__crt_stdio_output@@QBE_NAAV__crt_cached_ptd_host@@@Z 004185de f i libucrt:output.obj
 0001:0001760f       ?validate_stream_is_ansi_if_required@?$__acrt_stdio_char_traits@D@@SA_NQAU_iobuf@@@Z 0041860f f i libucrt:output.obj
 0001:00017696       ?write_character@?$output_adapter_common@DV?$stream_output_adapter@D@__crt_stdio_output@@@__crt_stdio_output@@QBEXDQAHAAV__crt_cached_ptd_host@@@Z 00418696 f i libucrt:output.obj
 0001:000176b8       ?write_character_without_count_update@?$stream_output_adapter@D@__crt_stdio_output@@QBE_NDAAV__crt_cached_ptd_host@@@Z 004186b8 f i libucrt:output.obj
 0001:000176f2       ?write_string@?$stream_output_adapter@D@__crt_stdio_output@@QBEXQBDHQAHAAV__crt_cached_ptd_host@@@Z 004186f2 f i libucrt:output.obj
 0001:0001771e       ?write_string@?$string_output_adapter@D@__crt_stdio_output@@QBEXQBDHQAHAAV__crt_cached_ptd_host@@@Z 0041871e f i libucrt:output.obj
 0001:00017785       ?write_string_impl@?$output_adapter_common@DV?$stream_output_adapter@D@__crt_stdio_output@@@__crt_stdio_output@@IBEXQBDHQAHAAV__crt_cached_ptd_host@@@Z 00418785 f i libucrt:output.obj
 0001:00017804       ___stdio_common_vfprintf   00418804 f   libucrt:output.obj
 0001:000178a8       ___stdio_common_vsprintf   004188a8 f   libucrt:output.obj
 0001:000178f0       _qsort                     004188f0 f   libucrt:qsort.obj
 0001:00017de0       _strncpy                   00418de0 f   libucrt:strncpy.obj
 0001:00017f10       _strncmp                   00418f10 f   libucrt:strncmp.obj
 0001:0001802f       __fwrite_internal          0041902f f   libucrt:fwrite.obj
 0001:000180a6       __fwrite_nolock_internal   004190a6 f   libucrt:fwrite.obj
 0001:0001824d       _fwrite                    0041924d f   libucrt:fwrite.obj
 0001:00018287       _bsearch                   00419287 f   libucrt:bsearch.obj
 0001:0001834a       ??$is_overflow_condition@_K@__crt_strtox@@YA_NI_K@Z 0041934a f i libucrt:strtox.obj
 0001:0001838b       ??$parse_integer@KV?$c_string_character_source@D@__crt_strtox@@$00@__crt_strtox@@YAKAAV__crt_cached_ptd_host@@V?$c_string_character_source@D@0@H_N@Z 0041938b f i libucrt:strtox.obj
 0001:000185d2       ??$parse_integer@KV?$c_string_character_source@_W@__crt_strtox@@$00@__crt_strtox@@YAKAAV__crt_cached_ptd_host@@V?$c_string_character_source@_W@0@H_N@Z 004195d2 f i libucrt:strtox.obj
 0001:00018be0       ??$parse_integer@_KV?$c_string_character_source@D@__crt_strtox@@$00@__crt_strtox@@YA_KAAV__crt_cached_ptd_host@@V?$c_string_character_source@D@0@H_N@Z 00419be0 f i libucrt:strtox.obj
 0001:00018ea8       __ischartype_l             00419ea8 f i libucrt:strtox.obj
 0001:00018eff       _strtol                    00419eff f   libucrt:strtox.obj
 0001:00018f45       _strtoul                   00419f45 f   libucrt:strtox.obj
 0001:00018f8b       _strtoull                  00419f8b f   libucrt:strtox.obj
 0001:00018fd7       _wcstol                    00419fd7 f   libucrt:strtox.obj
 0001:0001901d       ___ascii_stricmp           0041a01d f   libucrt:stricmp.obj
 0001:00019056       __stricmp                  0041a056 f   libucrt:stricmp.obj
 0001:0001909f       __stricmp_l                0041a09f f   libucrt:stricmp.obj
 0001:0001912f       __time64                   0041a12f f   libucrt:time.obj
 0001:00019197       __wtol                     0041a197 f   libucrt:atox.obj
 0001:000191d6       _atoi                      0041a1d6 f   libucrt:atox.obj
 0001:00019215       _frexp                     0041a215 f   libucrt:frexp.obj
 0001:00019310       _strspn                    0041a310 f   libucrt:strspn.obj
 0001:00019356       ??$assemble_floating_point_snan@N@__crt_strtox@@YAX_NAAN@Z 0041a356 f i libucrt:input.obj
 0001:00019377       ??$assemble_floating_point_value_t@M@__crt_strtox@@YA?AW4SLD_STATUS@@_NH_KAAM@Z 0041a377 f i libucrt:input.obj
 0001:000193a7       ??$assemble_floating_point_value_t@N@__crt_strtox@@YA?AW4SLD_STATUS@@_NH_KAAN@Z 0041a3a7 f i libucrt:input.obj
 0001:0001949d       ??$convert_decimal_string_to_floating_type@M@__crt_strtox@@YA?AW4SLD_STATUS@@ABUfloating_point_string@0@AAM@Z 0041a49d f i libucrt:input.obj
 0001:000194be       ??$convert_decimal_string_to_floating_type@N@__crt_strtox@@YA?AW4SLD_STATUS@@ABUfloating_point_string@0@AAN@Z 0041a4be f i libucrt:input.obj
 0001:000194df       ??$convert_hexadecimal_string_to_floating_type@M@__crt_strtox@@YA?AW4SLD_STATUS@@ABUfloating_point_string@0@AAM@Z 0041a4df f i libucrt:input.obj
 0001:00019500       ??$convert_hexadecimal_string_to_floating_type@N@__crt_strtox@@YA?AW4SLD_STATUS@@ABUfloating_point_string@0@AAN@Z 0041a500 f i libucrt:input.obj
 0001:00019521       ??$make_input_adapter_character_source@V?$string_input_adapter@D@__crt_stdio_input@@@__crt_strtox@@YA?AV?$input_adapter_character_source@V?$string_input_adapter@D@__crt_stdio_input@@@0@QAV?$string_input_adapter@D@__crt_stdio_input@@_KQA_N@Z 0041a521 f i libucrt:input.obj
 0001:0001953f       ??$parse_floating_point@V?$input_adapter_character_source@V?$string_input_adapter@D@__crt_stdio_input@@@__crt_strtox@@M@__crt_strtox@@YA?AW4SLD_STATUS@@QAU__crt_locale_pointers@@V?$input_adapter_character_source@V?$string_input_adapter@D@__crt_stdio_input@@@0@QAM@Z 0041a53f f i libucrt:input.obj
 0001:000195c9       ??$parse_floating_point@V?$input_adapter_character_source@V?$string_input_adapter@D@__crt_stdio_input@@@__crt_strtox@@N@__crt_strtox@@YA?AW4SLD_STATUS@@QAU__crt_locale_pointers@@V?$input_adapter_character_source@V?$string_input_adapter@D@__crt_stdio_input@@@0@QAN@Z 0041a5c9 f i libucrt:input.obj
 0001:00019653       ??$parse_floating_point_from_source@V?$input_adapter_character_source@V?$string_input_adapter@D@__crt_stdio_input@@@__crt_strtox@@@__crt_strtox@@YA?AW4floating_point_parse_result@0@QAU__crt_locale_pointers@@AAV?$input_adapter_character_source@V?$string_input_adapter@D@__crt_stdio_input@@@0@AAUfloating_point_string@0@@Z 0041a653 f i libucrt:input.obj
 0001:00019ab5       ??$parse_floating_point_possible_infinity@DV?$input_adapter_character_source@V?$string_input_adapter@D@__crt_stdio_input@@@__crt_strtox@@_K@__crt_strtox@@YA?AW4floating_point_parse_result@0@AADAAV?$input_adapter_character_source@V?$string_input_adapter@D@__crt_stdio_input@@@0@_K@Z 0041aab5 f i libucrt:input.obj
 0001:00019b74       ??$parse_floating_point_possible_nan@DV?$input_adapter_character_source@V?$string_input_adapter@D@__crt_stdio_input@@@__crt_strtox@@_K@__crt_strtox@@YA?AW4floating_point_parse_result@0@AADAAV?$input_adapter_character_source@V?$string_input_adapter@D@__crt_stdio_input@@@0@_K@Z 0041ab74 f i libucrt:input.obj
 0001:00019c7c       ??$parse_floating_point_possible_nan_is_ind@DV?$input_adapter_character_source@V?$string_input_adapter@D@__crt_stdio_input@@@__crt_strtox@@@__crt_strtox@@YA_NAADAAV?$input_adapter_character_source@V?$string_input_adapter@D@__crt_stdio_input@@@0@@Z 0041ac7c f i libucrt:input.obj
 0001:00019cb6       ??$parse_floating_point_possible_nan_is_snan@DV?$input_adapter_character_source@V?$string_input_adapter@D@__crt_stdio_input@@@__crt_strtox@@@__crt_strtox@@YA_NAADAAV?$input_adapter_character_source@V?$string_input_adapter@D@__crt_stdio_input@@@0@@Z 0041acb6 f i libucrt:input.obj
 0001:00019cf0       ??$parse_floating_point_write_result@M@__crt_strtox@@YA?AW4SLD_STATUS@@W4floating_point_parse_result@0@ABUfloating_point_string@0@QAM@Z 0041acf0 f i libucrt:input.obj
 0001:00019e5c       ??$parse_floating_point_write_result@N@__crt_strtox@@YA?AW4SLD_STATUS@@W4floating_point_parse_result@0@ABUfloating_point_string@0@QAN@Z 0041ae5c f i libucrt:input.obj
 0001:00019f80       ??$parse_integer@_KV?$input_adapter_character_source@V?$string_input_adapter@D@__crt_stdio_input@@@__crt_strtox@@$00@__crt_strtox@@YA_KAAV__crt_cached_ptd_host@@V?$input_adapter_character_source@V?$string_input_adapter@D@__crt_stdio_input@@@0@H_N@Z 0041af80 f i libucrt:input.obj
 0001:0001a284       ??$parse_integer@_KV?$input_adapter_character_source@V?$string_input_adapter@D@__crt_stdio_input@@@__crt_strtox@@@__crt_strtox@@YA_KQAU__crt_locale_pointers@@V?$input_adapter_character_source@V?$string_input_adapter@D@__crt_stdio_input@@@0@H_N@Z 0041b284 f i libucrt:input.obj
 0001:0001a2e0       ??$process_floating_point_specifier_t@M@?$input_processor@DV?$string_input_adapter@D@__crt_stdio_input@@@__crt_stdio_input@@AAE_NXZ 0041b2e0 f i libucrt:input.obj
 0001:0001a349       ??$process_floating_point_specifier_t@N@?$input_processor@DV?$string_input_adapter@D@__crt_stdio_input@@@__crt_stdio_input@@AAE_NXZ 0041b349 f i libucrt:input.obj
 0001:0001a3b2       ??$process_string_specifier_tchar@D@?$input_processor@DV?$string_input_adapter@D@__crt_stdio_input@@@__crt_stdio_input@@AAE_NW4conversion_mode@1@D@Z 0041b3b2 f i libucrt:input.obj
 0001:0001a514       ??$process_string_specifier_tchar@_W@?$input_processor@DV?$string_input_adapter@D@__crt_stdio_input@@@__crt_stdio_input@@AAE_NW4conversion_mode@1@_W@Z 0041b514 f i libucrt:input.obj
 0001:0001a682       ??$skip_whitespace@Vstring_input_adapter@__crt_stdio_input@@D@__crt_stdio_input@@YAHAAV?$string_input_adapter@D@0@QAU__crt_locale_pointers@@@Z 0041b682 f i libucrt:input.obj
 0001:0001a6b1       ??$write_floating_point@M@?$input_processor@DV?$string_input_adapter@D@__crt_stdio_input@@@__crt_stdio_input@@AAE_NABM@Z 0041b6b1 f i libucrt:input.obj
 0001:0001a6e6       ??$write_floating_point@N@?$input_processor@DV?$string_input_adapter@D@__crt_stdio_input@@@__crt_stdio_input@@AAE_NABN@Z 0041b6e6 f i libucrt:input.obj
 0001:0001a721       ??0?$format_string_parser@D@__crt_stdio_input@@QAE@_KQBE@Z 0041b721 f i libucrt:input.obj
 0001:0001a76b       ??0?$input_adapter_character_source@V?$string_input_adapter@D@__crt_stdio_input@@@__crt_strtox@@QAE@$$QAV01@@Z 0041b76b f i libucrt:input.obj
 0001:0001a7a8       ??0?$input_adapter_character_source@V?$string_input_adapter@D@__crt_stdio_input@@@__crt_strtox@@QAE@QAV?$string_input_adapter@D@__crt_stdio_input@@_KQA_N@Z 0041b7a8 f i libucrt:input.obj
 0001:0001a7d9       ??0?$input_processor@DV?$string_input_adapter@D@__crt_stdio_input@@@__crt_stdio_input@@QAE@ABV?$string_input_adapter@D@1@_KQBDQAU__crt_locale_pointers@@QAD@Z 0041b7d9 f i libucrt:input.obj
 0001:0001a81d       ??R<lambda_644f8ab42ed3fd1d660977a2364b3a7d>@@QBE@XZ 0041b81d f i libucrt:input.obj
 0001:0001a81d       ??R<lambda_f1fa4c266c18b246f3ed9c36247dab4f>@@QBE@XZ 0041b81d f i libucrt:input.obj
 0001:0001a81d       ??R<lambda_f765c90ab33e8386abf09c0f079d37e9>@@QBE@XZ 0041b81d f i libucrt:input.obj
 0001:0001a847       ?advance@?$format_string_parser@D@__crt_stdio_input@@QAE_NXZ 0041b847 f i libucrt:input.obj
 0001:0001a95f       ?as_double@floating_point_value@__crt_strtox@@QBEAANXZ 0041b95f f i libucrt:input.obj
 0001:0001a984       ?as_float@floating_point_value@__crt_strtox@@QBEAAMXZ 0041b984 f i libucrt:input.obj
 0001:0001a9a9       ?assemble_floating_point_infinity@__crt_strtox@@YAX_NABVfloating_point_value@1@@Z 0041b9a9 f i libucrt:input.obj
 0001:0001a9e9       ?assemble_floating_point_value@__crt_strtox@@YA?AW4SLD_STATUS@@_KH_N1ABVfloating_point_value@1@@Z 0041b9e9 f i libucrt:input.obj
 0001:0001ad42       ?assemble_floating_point_value_from_big_integer@__crt_strtox@@YA?AW4SLD_STATUS@@ABUbig_integer@1@I_N1ABVfloating_point_value@1@@Z 0041bd42 f i libucrt:input.obj
 0001:0001aed4       ?assemble_floating_point_zero@__crt_strtox@@YAX_NABVfloating_point_value@1@@Z 0041bed4 f i libucrt:input.obj
 0001:0001af09       ?convert_decimal_string_to_floating_type_common@__crt_strtox@@YA?AW4SLD_STATUS@@ABUfloating_point_string@1@ABVfloating_point_value@1@@Z 0041bf09 f i libucrt:input.obj
 0001:0001ccaf       ?convert_hexadecimal_string_to_floating_type_common@__crt_strtox@@YA?AW4SLD_STATUS@@ABUfloating_point_string@1@ABVfloating_point_value@1@@Z 0041dcaf f i libucrt:input.obj
 0001:0001cd55       ?denormal_mantissa_mask@floating_point_value@__crt_strtox@@QBE_KXZ 0041dd55 f i libucrt:input.obj
 0001:0001cd70       ?divide@__crt_strtox@@YA_KAAUbig_integer@1@ABU21@@Z 0041dd70 f i libucrt:input.obj
 0001:0001d21b       ?get@?$input_adapter_character_source@V?$string_input_adapter@D@__crt_stdio_input@@@__crt_strtox@@QAEDXZ 0041e21b f i libucrt:input.obj
 0001:0001d252       ?get@?$string_input_adapter@D@__crt_stdio_input@@QAEHXZ 0041e252 f i libucrt:input.obj
 0001:0001d268       ?is_character_allowed_in_string@?$input_processor@DV?$string_input_adapter@D@__crt_stdio_input@@@__crt_stdio_input@@ABE_NW4conversion_mode@2@H@Z 0041e268 f i libucrt:input.obj
 0001:0001d2b8       ?length@?$format_string_parser@D@__crt_stdio_input@@QBEIXZ 0041e2b8 f i libucrt:input.obj
 0001:0001d306       ?normal_mantissa_mask@floating_point_value@__crt_strtox@@QBE_KXZ 0041e306 f i libucrt:input.obj
 0001:0001d31d       ?process@?$input_processor@DV?$string_input_adapter@D@__crt_stdio_input@@@__crt_stdio_input@@QAEHXZ 0041e31d f i libucrt:input.obj
 0001:0001d3a1       ?process_character_count_specifier@?$input_processor@DV?$string_input_adapter@D@__crt_stdio_input@@@__crt_stdio_input@@AAE_NXZ 0041e3a1 f i libucrt:input.obj
 0001:0001d3b9       ?process_conversion_specifier@?$input_processor@DV?$string_input_adapter@D@__crt_stdio_input@@@__crt_stdio_input@@AAE_NXZ 0041e3b9 f i libucrt:input.obj
 0001:0001d42d       ?process_floating_point_specifier@?$input_processor@DV?$string_input_adapter@D@__crt_stdio_input@@@__crt_stdio_input@@AAE_NXZ 0041e42d f i libucrt:input.obj
 0001:0001d45d       ?process_integer_specifier@?$input_processor@DV?$string_input_adapter@D@__crt_stdio_input@@@__crt_stdio_input@@AAE_NI_N@Z 0041e45d f i libucrt:input.obj
 0001:0001d4c2       ?process_literal_character@?$input_processor@DV?$string_input_adapter@D@__crt_stdio_input@@@__crt_stdio_input@@AAE_NXZ 0041e4c2 f i libucrt:input.obj
 0001:0001d4f8       ?process_literal_character_tchar@?$input_processor@DV?$string_input_adapter@D@__crt_stdio_input@@@__crt_stdio_input@@AAE_ND@Z 0041e4f8 f i libucrt:input.obj
 0001:0001d546       ?process_state@?$input_processor@DV?$string_input_adapter@D@__crt_stdio_input@@@__crt_stdio_input@@AAE_NXZ 0041e546 f i libucrt:input.obj
 0001:0001d588       ?process_string_specifier@?$input_processor@DV?$string_input_adapter@D@__crt_stdio_input@@@__crt_stdio_input@@AAE_NW4conversion_mode@2@@Z 0041e588 f i libucrt:input.obj
 0001:0001d5d0       ?process_whitespace@?$input_processor@DV?$string_input_adapter@D@__crt_stdio_input@@@__crt_stdio_input@@AAE_NXZ 0041e5d0 f i libucrt:input.obj
 0001:0001d5ed       ?restore_state@?$input_adapter_character_source@V?$string_input_adapter@D@__crt_stdio_input@@@__crt_strtox@@QAE_N_K@Z 0041e5ed f i libucrt:input.obj
 0001:0001d612       ?scan_conversion_specifier@?$format_string_parser@D@__crt_stdio_input@@AAE_NXZ 0041e612 f i libucrt:input.obj
 0001:0001d78e       ?scan_optional_field_width@?$format_string_parser@D@__crt_stdio_input@@AAE_NXZ 0041e78e f i libucrt:input.obj
 0001:0001d822       ?scan_optional_length_modifier@?$format_string_parser@D@__crt_stdio_input@@AAEXXZ 0041e822 f i libucrt:input.obj
 0001:0001d942       ?scan_optional_literal_character_trail_bytes_tchar@?$format_string_parser@D@__crt_stdio_input@@AAE_ND@Z 0041e942 f i libucrt:input.obj
 0001:0001d994       ?scan_optional_wide_modifier@?$format_string_parser@D@__crt_stdio_input@@AAEXXZ 0041e994 f i libucrt:input.obj
 0001:0001d9b2       ?scan_scanset_range@?$format_string_parser@D@__crt_stdio_input@@AAE_NXZ 0041e9b2 f i libucrt:input.obj
 0001:0001daeb       ?set@?$scanset_buffer@E@__crt_stdio_input@@QAEXE@Z 0041eaeb f i libucrt:input.obj
 0001:0001db16       ?set_wide_for_c_s_or_scanset@?$format_string_parser@D@__crt_stdio_input@@AAEXXZ 0041eb16 f i libucrt:input.obj
 0001:0001db37       ?to_floating_point_length@__crt_stdio_input@@YAIW4length_modifier@1@@Z 0041eb37 f i libucrt:input.obj
[...]
 0002:0002a458       __sehtable$??$?RV<lambda_38edbb1296d33220d7e4dd0ed76b244a>@@AAV<lambda_5ce1d447e08cb34b2473517608e21441>@@V<lambda_fb385d3da700c9147fc39e65dd577a8c>@@@?$__crt_seh_guarded_call@X@@QAEX$$QAV<lambda_38edbb1296d33220d7e4dd0ed76b244a>@@AAV<lambda_5ce1d447e08cb34b2473517608e21441>@@$$QAV<lambda_fb385d3da700c9147fc39e65dd577a8c>@@@Z 0048b458     libucrt:per_thread_data.obj
 0002:0002a478       __sehtable$??$?RV<lambda_6affb1475c98b40b75cdec977db92e3c>@@AAV<lambda_b8d4b9c228a6ecc3f80208dbb4b4a104>@@V<lambda_608742c3c92a14382c1684fc64f96c88>@@@?$__crt_seh_guarded_call@X@@QAEX$$QAV<lambda_6affb1475c98b40b75cdec977db92e3c>@@AAV<lambda_b8d4b9c228a6ecc3f80208dbb4b4a104>@@$$QAV<lambda_608742c3c92a14382c1684fc64f96c88>@@@Z 0048b478     libucrt:per_thread_data.obj
 0002:0002a498       __sehtable$??$?RV<lambda_6b4b7855443974f2b4b77000ea21c99c>@@AAV<lambda_8f7d3b162ab39427f4fa9995c67a7986>@@V<lambda_cc9a5ba8a5d8428b9634eab82665e5dc>@@@?$__crt_seh_guarded_call@H@@QAEH$$QAV<lambda_6b4b7855443974f2b4b77000ea21c99c>@@AAV<lambda_8f7d3b162ab39427f4fa9995c67a7986>@@$$QAV<lambda_cc9a5ba8a5d8428b9634eab82665e5dc>@@@Z 0048b498     libucrt:winapi_thunks.obj
 0002:0002a4b8       __sehtable$?__acrt_stdio_allocate_stream@@YA?AV__crt_stdio_stream@@XZ 0048b4b8     libucrt:stream.obj
 0002:0002a4d8       __sehtable$__fcloseall     0048b4d8     libucrt:closeall.obj
 0002:0002a4f8       __sehtable$___acrt_initialize_lowio 0048b4f8     libucrt:ioinit.obj
 0002:0002a518       __sehtable$??$?RV<lambda_d422a76eb4c3bf3ad751449ab71a6ea4>@@AAV<lambda_c9ba49e555ba839a7b07aa3fbecb7617>@@V<lambda_9476263c8ee91a25d21c55370bdb50de>@@@?$__crt_seh_guarded_call@H@@QAEH$$QAV<lambda_d422a76eb4c3bf3ad751449ab71a6ea4>@@AAV<lambda_c9ba49e555ba839a7b07aa3fbecb7617>@@$$QAV<lambda_9476263c8ee91a25d21c55370bdb50de>@@@Z 0048b518     libucrt:close.obj
 0002:0002a538       __sehtable$__write_internal 0048b538     libucrt:write.obj
 0002:0002a558       __sehtable$___set_fpsr_sse2 0048b558     libucrt:fpctrl.obj
 0002:0002a578       __sehtable$??$common_lseek@_J@@YA_JH_JHAAV__crt_cached_ptd_host@@@Z 0048b578     libucrt:lseek.obj
 0002:0002a598       __sehtable$__read          0048b598     libucrt:read.obj
 0002:0002a5b8       __sehtable$??$?RV<lambda_9e9de3de5fa147e2223d7db92bc10aa6>@@AAV<lambda_38ce7e780aa69e748d6df282ebc68efe>@@V<lambda_8ca6da459f0f6780f1cff60fdc3d00e5>@@@?$__crt_seh_guarded_call@H@@QAEH$$QAV<lambda_9e9de3de5fa147e2223d7db92bc10aa6>@@AAV<lambda_38ce7e780aa69e748d6df282ebc68efe>@@$$QAV<lambda_8ca6da459f0f6780f1cff60fdc3d00e5>@@@Z 0048b5b8     libucrt:commit.obj
 0002:0002a5d8       __sehtable$__isindst       0048b5d8     libucrt:tzset.obj
 0002:0002a5f8       __sehtable$___tzset        0048b5f8     libucrt:tzset.obj
 0002:0002a618       __sehtable$??$common_getenv_s@_W@@YAHQAIQA_WIQB_W@Z 0048b618     libucrt:getenv.obj
 0002:0002a638       __sehtable$??$common_dupenv_s@D@@YAHQAPADQAIQBDH2H@Z 0048b638     libucrt:getenv.obj
 0002:0002a658       __sehtable$??$?RV<lambda_1f7e3ac85ca3635646511ad93ac0febe>@@AAV<lambda_555255fdfb9471e5fa7bfca50021c162>@@V<lambda_24f51f8b0c33fe186c624e6675644b7a>@@@?$__crt_seh_guarded_call@_N@@QAE_N$$QAV<lambda_1f7e3ac85ca3635646511ad93ac0febe>@@AAV<lambda_555255fdfb9471e5fa7bfca50021c162>@@$$QAV<lambda_24f51f8b0c33fe186c624e6675644b7a>@@@Z 0048b658     libucrt:spawnv.obj
 0002:0002a678       __sehtable$__alloc_osfhnd  0048b678     libucrt:osfinfo.obj
 0002:0002a698       __sehtable$___acrt_lowio_ensure_fh_exists 0048b698     libucrt:osfinfo.obj
 0002:0002a6b8       __sehtable$?update_thread_multibyte_data_internal@@YAPAU__crt_multibyte_data@@QAU__acrt_ptd@@QAPAU1@@Z 0048b6b8     libucrt:mbctype.obj
 0002:0002a6d8       __sehtable$??$?RV<lambda_ceb1ee4838e85a9d631eb091e2fbe199>@@AAV<lambda_ae742caa10f662c28703da3d2ea5e57e>@@V<lambda_cd08b5d6af4937fe54fc07d0c9bf6b37>@@@?$__crt_seh_guarded_call@X@@QAEX$$QAV<lambda_ceb1ee4838e85a9d631eb091e2fbe199>@@AAV<lambda_ae742caa10f662c28703da3d2ea5e57e>@@$$QAV<lambda_cd08b5d6af4937fe54fc07d0c9bf6b37>@@@Z 0048b6d8     libucrt:mbctype.obj
 0002:0002a6f8       __sehtable$___acrt_update_thread_locale_data 0048b6f8     libucrt:locale_refcounting.obj
 0002:0002a718       __sehtable$??$common_sopen_dispatch@D@@YAHQBDHHHQAHH@Z 0048b718     libucrt:open.obj
 0002:0002a738       __sehtable$__IsNonwritableInCurrentImage 0048b738     LIBCMT:pesect.obj
 0002:0002a758       __sehtable$_main           0048b758     server.obj
 0002:0002ab3a       .idata$6                   0048bb3a     zdll:zlib1.dll
 0002:0002abea       .idata$6                   0048bbea     SDL2:SDL2.dll
 0002:0002ac0e       .idata$6                   0048bc0e     ws2_32:WS2_32.dll
 0002:0002ac4a       .idata$6                   0048bc4a     winmm:WINMM.dll
 0002:0002acc8       .idata$6                   0048bcc8     Dbghelp:dbghelp.dll
 0002:0002add0       .idata$6                   0048bdd0     kernel32:KERNEL32.dll
 0002:0002ae78       .idata$6                   0048be78     advapi32:ADVAPI32.dll
 0003:00000000       _callbacks                 0048d000     enet:callbacks.o
 0003:000000b0       ?__vcrt_flsindex@@3KA      0048d0b0     libvcruntime:per_thread_data.obj
 0003:00000184       __ctype_loc_style          0048d184     libucrt:wsetlocale.obj
 0003:00000188       ?__acrt_flsindex@@3KA      0048d188     libucrt:per_thread_data.obj
 0003:00000258       ?errno_no_memory@@3HA      0048d258     libucrt:errno.obj
 0003:0000025c       ?doserrno_no_memory@@3KA   0048d25c     libucrt:errno.obj
 0003:000002a0       ?__DAZ_ENABLED@?1??__set_fpsr_sse2@@9@9 0048d2a0     libucrt:fpctrl.obj
 0003:000003a8       ?tzstd_program@@3PADA      0048d3a8     libucrt:timeset.obj
 0003:000003e8       ?tzdst_program@@3PADA      0048d3e8     libucrt:timeset.obj
 0003:00000428       ?w_tzstd_program@@3PA_WA   0048d428     libucrt:timeset.obj
 0003:000004a8       ?w_tzdst_program@@3PA_WA   0048d4a8     libucrt:timeset.obj
 0003:00000528       ?tzname_states@@3PAY01PADA 0048d528     libucrt:timeset.obj
 0003:00000530       ?w_tzname_states@@3PAY01PA_WA 0048d530     libucrt:timeset.obj
 0003:00000538       ?dststart@@3Utransitiondate@?A0x7639d0b4@@A 0048d538     libucrt:tzset.obj
 0003:00000544       ?dstend@@3Utransitiondate@?A0x7639d0b4@@A 0048d544     libucrt:tzset.obj
 0003:00000770       __mbctypes                 0048d770     libucrt:mbctype.obj
 0003:00000878       __mbcasemaps               0048d878     libucrt:mbctype.obj
 0003:00000978       ?__rgctypeflag@@3PADA      0048d978     libucrt:mbctype.obj
 0003:00000980       ?__rgcode_page_info@@3PAUcode_page_info@@A 0048d980     libucrt:mbctype.obj
 0003:00000ad0       ?__dcrt_lowio_console_output_handle@@3PAXA 0048dad0     libucrt:initcon.obj
 0003:000018e8       ?mt_next@@3HA              0048e8e8     crypto.obj
 0003:000018ec       ?facility@@3HA             0048e8ec     log.obj
 0003:00002694       ?consolethreshold@@3HA     0048f694     log.obj
 0003:00002698       ?filethreshold@@3HA        0048f698     log.obj
 0003:0000269c       ?syslogthreshold@@3HA      0048f69c     log.obj
 0003:000039b8       ?debugmaprot@?1??poll_serverthreads@@YAXXZ@4_NA 004909b8     server.obj
 0003:000039bc       ?curcl@?1??checkdemotransmissions@@YAXXZ@4HA 004909bc     server.obj
 0003:000039c0       ?sc@?1??hiddenpwd@@YAPBDPBDH@Z@4HA 004909c0     tools.obj
 0003:000039d0       ?sizetable@?1??msgsizelookup@@YAHH@Z@4PAHA 004909d0     protocol1.obj
 0003:00004000       _timeBase                  00491000     enet:win32.o
 0003:00004020       _dummyCommand.31470        00491020     enet:peer.o
 0003:00004080       _crcTable                  00491080     enet:packet.o
 0003:00004480       _initializedCRC32          00491480     enet:packet.o
 0003:000044a0       ?g_tss_cv@@3U_RTL_CONDITION_VARIABLE@@A 004914a0     LIBCMT:thread_safe_statics.obj
 0003:000044a4       ?g_tss_srw@@3U_RTL_SRWLOCK@@A 004914a4     LIBCMT:thread_safe_statics.obj
 0003:000044a8       _GS_ExceptionRecord        004914a8     LIBCMT:gs_report.obj
 0003:000044f8       _GS_ContextRecord          004914f8     LIBCMT:gs_report.obj
 0003:000047cc       ?is_initialized_as_dll@@3_NA 004917cc     LIBCMT:utility.obj
 0003:000047cd       ?module_local_atexit_table_initialized@@3_NA 004917cd     LIBCMT:utility.obj
 0003:000047d0       ?module_local_atexit_table@@3U_onexit_table_t@@A 004917d0     LIBCMT:utility.obj
 0003:000047dc       ?module_local_at_quick_exit_table@@3U_onexit_table_t@@A 004917dc     LIBCMT:utility.obj
 0003:00004810       ?__vcrt_startup_thread_ptd@@3U__vcrt_ptd@@A 00491810     libvcruntime:per_thread_data.obj
 0003:00004838       ___vcrt_lock_table         00491838     libvcruntime:locks.obj
 0003:00004850       ___vcrt_locks_initialized  00491850     libvcruntime:locks.obj
 0003:0000487c       ?heap@@3V_HeapManager@@A   0049187c     libvcruntime:undname.obj
 0003:00004890       ?module_handles@@3PAPAUHINSTANCE__@@A 00491890     libvcruntime:winapi_downlevel.obj
 0003:0000489c       ?function_pointers@@3PAPAXA 0049189c     libvcruntime:winapi_downlevel.obj
 0003:000048b0       ?c_termination_complete@@3JA 004918b0     libucrt:exit.obj
 0003:000048b4       ?thread_local_exit_callback_func@@3P6GXPAXK0@ZA 004918b4     libucrt:exit.obj
 0003:000048b8       ?c_exit_complete@?1???R<lambda_6e4b09c48022b2350581041d5f6b0c4c>@@QBE@XZ@4_NA 004918b8     libucrt:exit.obj
 0003:000048c8       ?console_ctrl_handler_installed@@3_NA 004918c8     libucrt:signal.obj
 0003:000048cc       ?ctrlc_action@@3V?$dual_state_global@P6AXH@Z@__crt_state_management@@A 004918cc     libucrt:signal.obj
 0003:000048d0       ?ctrlbreak_action@@3V?$dual_state_global@P6AXH@Z@__crt_state_management@@A 004918d0     libucrt:signal.obj
 0003:000048d4       ?abort_action@@3V?$dual_state_global@P6AXH@Z@__crt_state_management@@A 004918d4     libucrt:signal.obj
 0003:000048d8       ?term_action@@3V?$dual_state_global@P6AXH@Z@__crt_state_management@@A 004918d8     libucrt:signal.obj
 0003:000048dc       ?__acrt_new_handler@@3V?$dual_state_global@P6AHI@Z@__crt_state_management@@A 004918dc     libucrt:new_handler.obj
 0003:000048e0       ?program_name@?1???$common_configure_argv@D@@YAHW4_crt_argv_mode@@@Z@4PADA 004918e0     libucrt:argv_parsing.obj
 0003:00004a10       ?__acrt_app_type@@3W4_crt_app_type@@A 00491a10     libucrt:report_runtime_error.obj
 0003:00004a14       ?user_matherr@@3V?$dual_state_global@P6AHPAU_exception@@@Z@__crt_state_management@@A 00491a14     libucrt:matherr.obj
 0003:00004a34       ?__acrt_global_new_mode@@3V?$dual_state_global@J@__crt_state_management@@A 00491a34     libucrt:new_mode.obj
 0003:00004a40       ?__acrt_lock_table@@3PAU_RTL_CRITICAL_SECTION@@A 00491a40     libucrt:locks.obj
 0003:00004b90       ?__acrt_locks_initialized@@3IA 00491b90     libucrt:locks.obj
 0003:00004b94       ?state_cache@?1???$get_cached_win_policy@Ubegin_thread_init_policy_properties@?1??__acrt_get_begin_thread_init_policy@@YA?AW4begin_thread_init_policy@@XZ@@@YA?AW4begin_thread_init_policy@@W4AppPolicyThreadInitializationType@@@Z@4JA 00491b94     libucrt:win_policies.obj
 0003:00004b98       ?__acrt_invalid_parameter_handler@@3V?$dual_state_global@P6AXPB_W00II@Z@__crt_state_management@@A 00491b98     libucrt:invalid_parameter.obj
 0003:00004ba0       ?module_handles@@3PAPAUHINSTANCE__@@A 00491ba0     libucrt:winapi_thunks.obj
 0003:00004bf8       ?encoded_function_pointers@@3PAPAXA 00491bf8     libucrt:winapi_thunks.obj
 0003:00004c84       ?static_enum_proc@?1??enum_system_locales_ex_nolock@@YAHQ6GHPA_WKJ@Z@Z@4P6GH0KJ@ZA 00491c84     libucrt:winapi_thunks.obj
 0003:00004e9c       ?internal_state@?1??_mbtowc_internal@@9@4U_Mbstatet@@A 00491e9c     libucrt:mbtowc.obj
 0003:00004ea4       ?enable_percent_n@@3IA     00491ea4     libucrt:printf_count_output.obj
 0003:00004eb4       ?_tzname@@3V?$dual_state_global@PAPAD@__crt_state_management@@A 00491eb4     libucrt:timeset.obj
 0003:00004eb8       ?w_tzname@@3V?$dual_state_global@PAPA_W@__crt_state_management@@A 00491eb8     libucrt:timeset.obj
 0003:00004ebc       ?last_wide_tz@@3PA_WA      00491ebc     libucrt:tzset.obj
 0003:00004ec0       ?tz_api_used@@3HA          00491ec0     libucrt:tzset.obj
 0003:00004ec4       ?tzset_init_state@@3V?$dual_state_global@J@__crt_state_management@@A 00491ec4     libucrt:tzset.obj
 0003:00004ec8       ?tz_info@@3U_TIME_ZONE_INFORMATION@@A 00491ec8     libucrt:tzset.obj
 0003:00004f80       ?fSystemSet@@3HA           00491f80     libucrt:mbctype.obj
 0003:00004f84       ?initialized@?1??__acrt_initialize_multibyte@@9@4_NA 00491f84     libucrt:mbctype.obj
 0003:00004f98       ?internal_pst@?1??__mbrtoc32_utf8@__crt_mbstring@@YAIPA_UPBDIPAU_Mbstatet@@AAV__crt_cached_ptd_host@@@Z@4U3@A 00491f98     libucrt:mbrtoc32.obj
 0003:00004fa0       ?internal_pst@?1??__c16rtomb_utf8@__crt_mbstring@@YAIPAD_SPAU_Mbstatet@@AAV__crt_cached_ptd_host@@@Z@4U3@A 00491fa0     libucrt:c16rtomb.obj
 0003:00004fb0       __pmatherr_set             00491fb0     libucrt:libm_error.obj
 0003:00007fbc       ?reliablemessages@@3_NA    00494fbc     server.obj
 0003:00007fbd       ?timestamp@@3_NA           00494fbd     log.obj
 0003:00007fbe       ?enabled@@3_NA             00494fbe     log.obj
 0003:0000d37c       ?mainthreadid@@3KA         0049a37c     tools.obj
 0003:0000d46c       ?curvote@@3PAUvoteinfo@@A  0049a46c     server.obj
 0003:0000d470       ?threadlog@@3U?$ringbuf@PAUlogline_s@@$0CA@@@A 0049a470     log.obj
 0003:0000d4f8       ?threadlogfullsem@@3Usl_semaphore@@A 0049a4f8     log.obj
 0003:0000d500       ?mainlog@@3U?$ringbuf@PAUlogline_s@@$0EAA@@@A 0049a500     log.obj
 0003:0000e508       ?mainlogsem@@3Usl_semaphore@@A 0049b508     log.obj
 0003:0000e510       ?threadlogsem@@3Usl_semaphore@@A 0049b510     log.obj
 0003:0000e524       ?oldthreads@@3U?$vector@PAUsl_threadinfo@@@@A 0049b524     tools.obj
 0003:0000e530       ?sem_oldthreads@@3Usl_semaphore@@A 0049b530     tools.obj
 0003:0000e538       ?entpool@@3PAEA            0049b538     crypto.obj
 0003:0000e53c       ?fp@@3PAU_iobuf@@A         0049b53c     log.obj
 0003:0000e540       ?chokelog@@3PAEA           0049b540     server.obj
 0003:0000e650       ?mt_state@@3PAIA           0049b650     crypto.obj
 0003:0000f9d0       ?loglevelenabled@@3PADA    0049c9d0     log.obj
 0003:0000f9d8       ?ident@@3PADA              0049c9d8     log.obj
 0003:0000fae0       ?filepath@@3PADA           0049cae0     log.obj
 0003:0000fbe4       ?mainlogoverflow@@3HA      0049cbe4     log.obj
 0003:0000fbe8       ?sl_sem_errorcountdummy@@3HA 0049cbe8     tools.obj
 0003:0000fbec       ?crec@?1??serverslice@@YAXI@Z@4HA 0049cbec     server.obj
 0003:0000fbf0       ?serverwasnotempty@?1??poll_serverthreads@@YAXXZ@4_NA 0049cbf0     server.obj
 0003:0000fbf4       ?curdemoseq@?1??checkdemotransmissions@@YAXXZ@4HA 0049cbf4     server.obj
 0003:0000fbf8       ?clientsequencecounter@?1??addclient@@YAAAUclient@@XZ@4HA 0049cbf8     server.obj
 0003:0000fbfc       ?dpointer@?1??checkdemotransmissions@@YAXXZ@4HA 0049cbfc     server.obj
 0003:0000fc00       ?csend@?1??serverslice@@YAXI@Z@4HA 0049cc00     server.obj
 0003:0000fc04       ?deferredprocessingthread_ti@?1??polldeferredprocessing@@YAXXZ@4PAXA 0049cc04     server.obj
 0003:0000fc08       ?lasttime_eventeams@?1??refillteams@@YA_N_NH@Z@4HA 0049cc08     server.obj
 0003:0000fc18       ?mnum@?1??serverslice@@YAXI@Z@4HA 0049cc18     server.obj
 0003:0000fc1c       ?lastworkerthreadstart@?1??poll_serverthreads@@YAXXZ@4HA 0049cc1c     server.obj
 0003:0000fc20       ?lastsend@?1??sendworldstate@@YAXXZ@4IA 0049cc20     server.obj
 0003:0000fc24       ?mrec@?1??serverslice@@YAXI@Z@4HA 0049cc24     server.obj
 0003:0000fc28       ?nextserverconfig@?1??poll_serverthreads@@YAXXZ@4HA 0049cc28     server.obj
 0003:0000fc2c       ?lastThrottleEpoch@?1??serverslice@@YAXI@Z@4IA 0049cc2c     server.obj
 0003:0000fc30       ?lastdemoslot@?1??initdemoslot@@YAPAUdemo_s@@XZ@4HA 0049cc30     server.obj
 0003:0000fc34       ?curclseq@?1??checkdemotransmissions@@YAXXZ@4HA 0049cc34     server.obj
 0003:0000fc38       ?stage@?1??poll_serverthreads@@YAXXZ@4HA 0049cc38     server.obj
 0003:0000fc3c       ?msend@?1??serverslice@@YAXI@Z@4HA 0049cc3c     server.obj
 0003:0000fc40       ?readmaps_epoch@?1??readmapsthread@@YAHPAX@Z@4HA 0049cc40     server.obj
 0003:0000fc48       ?cnum@?1??serverslice@@YAXI@Z@4HA 0049cc48     server.obj
 0003:0000fc50       ?demosequencecounter@?1??initdemoslot@@YAPAUdemo_s@@XZ@4HA 0049cc50     server.obj
 0003:0000fc60       ?chokes_raw@?1??linequalitystats@@YAXH@Z@4PAIA 0049cc60     server.obj
 0003:00010070       ?spent@?1??linequalitystats@@YAXH@Z@4PAIA 0049d070     server.obj
 0003:00010480       ?chokes@?1??linequalitystats@@YAXH@Z@4PAIA 0049d480     server.obj
 0003:00010890       ?spent_raw@?1??linequalitystats@@YAXH@Z@4PAIA 0049d890     server.obj
 0003:00010c94       ?init@?1??hash_init@tiger@@YAPAUincremental_buffer@2@AAThashval@2@@Z@4_NA 0049dc94     crypto.obj
 0003:00010c95       ?sum@?1??mix_block@@YAXPAEPBEH@Z@4EA 0049dc95     crypto.obj
 0003:00010c98       ?next@?1??entropy_add_byte@@YAXE@Z@4HA 0049dc98     crypto.obj
 0003:00010c9c       ?logworkerthread_id@?1??initlogging@@YA_NPBDHHHH_N0@Z@4PAXA 0049dc9c     log.obj
 0003:00010ca0       ?stridx@?1??escapestring@@YAPBDPBD_N1PAU?$vector@D@@@Z@4HA 0049dca0     protocol1.obj
 0003:00010ca8       ?curscore@?O@??findscore@@YAPAUsavedscore@@AAUclient@@_N@Z@4U2@A 0049dca8     server.obj
 0003:00010de0       ?num@?1??numteamclients@@YAPAHH@Z@4PAHA 0049dde0     server.obj
 0003:00010e00       ?pkt@?1??buildworldstate@@YA_NXZ@4PAU<unnamed-type-pkt>@?1??1@YA_NXZ@A 0049de00     server.obj
 0003:00011e00       ?$TSS0@?1??poll_serverthreads@@YAXXZ@4HA 0049ee00     server.obj
 0003:00011e04       ?servermapstodelete@?1??poll_serverthreads@@YAXXZ@4U?$vector@PAUservermap@@@@A 0049ee04     server.obj
 0003:00011e40       ?sockset@?1??serverms@@YAXHHHPADHABU_ENetAddress@@PAH22222HPBDH@Z@4Ufd_set@@A 0049ee40     serverms.obj
 0003:00011f48       ?data@?1??serverms@@YAXHHHPADHABU_ENetAddress@@PAH22222HPBDH@Z@4PAEA 0049ef48     serverms.obj
 0003:000132d0       ?bufidx@?1??hashchunktoa@@YAPBD_K@Z@4HA 004a02d0     crypto.obj
 0003:000132d8       ?temp@?1??genpwdhash@@YAPBDPBD0H@Z@4PADA 004a02d8     crypto.obj
 0003:000133e0       ?buf@?1??hashchunktoa@@YAPBD_K@Z@4PADA 004a03e0     crypto.obj
 0003:000134e8       ?parent@?1??parentdir@@YAPBDPBD@Z@4PADA 004a04e8     stream.obj
 0003:000135f0       ?strip@?4??createdir@@YA_NPBD@Z@4PADA 004a05f0     stream.obj
 0003:000136f8       ?s@?1??findfile@@YAPBDPBD0@Z@4PADA 004a06f8     stream.obj
 0003:00013800       ?h@?1??peekmapheader@@YAPAUheader@@PAEH@Z@4U2@A 004a0800     tools.obj
 0003:00013bd8       ?numt@?1??numtime@@YAPBDXZ@4PADA 004a0bd8     tools.obj
 0003:00013ce0       ?text@?1??hiddenpwd@@YAPBDPBDH@Z@4PADA 004a0ce0     tools.obj
 0003:00013de8       ?temp@?1??concatformatstring@@YAPADPADPBDZZ@4PADA 004a0de8     tools.obj
 0003:00013ef0       ?strbuf@?1??escapestring@@YAPBDPBD_N1PAU?$vector@D@@@Z@4PAU2@A 004a0ef0     protocol1.obj
 0003:00013f14       ?$TSS0@?1??escapestring@@YAPBDPBD_N1PAU?$vector@D@@@Z@4HA 004a0f14     protocol1.obj
 0003:00013f18       ?res@?1??disc_reason@@YAPBDH@Z@4PADA 004a0f18     protocol1.obj
 0004:000001c0       $R000000                   004a21c0     assaultcube.res
 0004:0000c728       $R00C568                   004ae728     assaultcube.res
 0004:0000ed90       $R00EBD0                   004b0d90     assaultcube.res
 0004:0000feb8       $R00FCF8                   004b1eb8     assaultcube.res
 0004:00010870       $R0106B0                   004b2870     assaultcube.res
 0004:00010cd8       $R010B18                   004b2cd8     assaultcube.res
 0004:00010d28       $R010B68                   004b2d28     assaultcube.res

 Exports

  ordinal    name

